<html>
<body>
<pre>
<h1>µVision Build Log</h1>
<h2>Tool Versions:</h2>
IDE-Version: µVision V5.28.0.0
Copyright (C) 2019 ARM Ltd and ARM Germany GmbH. All rights reserved.
License Information: JAMAL AGREEL, home, LIC=----
 
Tool Versions:
Toolchain:       MDK-Lite  Version: 5.28.0.0
Toolchain Path:  C:\Keil_v5\ARM\ARMCC\Bin
C Compiler:      Armcc.exe V5.06 update 6 (build 750)
Assembler:       Armasm.exe V5.06 update 6 (build 750)
Linker/Locator:  ArmLink.exe V5.06 update 6 (build 750)
Library Manager: ArmAr.exe V5.06 update 6 (build 750)
Hex Converter:   FromElf.exe V5.06 update 6 (build 750)
CPU DLL:         SARMCM3.DLL V5.28.0.0
Dialog DLL:      DARMCM1.DLL V1.19.2.0
Target DLL:      STLink\ST-LINKIII-KEIL_SWO.dll V3.0.6.0
Dialog DLL:      TARMCM1.DLL V1.14.1.0
 
<h2>Project:</h2>
C:\Users\E_M\Desktop\STM32F030_PRJ\STM32F030_START_PID\stm32f030_start.uvprojx
Project File Date:  10/10/2019

<h2>Output:</h2>
*** Using Compiler 'V5.06 update 6 (build 750)', folder: 'C:\Keil_v5\ARM\ARMCC\Bin'
Rebuild target 'stm32'
compiling system_stm32f0xx.c...
compiling main.c...
compiling system_init.c...
compiling delay.c...
compiling spi.c...
compiling i2c.c...
compiling pwm.c...
compiling exti.c...
compiling adc.c...
compiling ssd1306.c...
compiling ssd1306_fonts.c...
compiling pi_control.c...
compiling lcd_i2c.c...
compiling lcd1602.c...
compiling eeprom.c...
compiling usart.c...
compiling ads1220.c...
compiling ads131e08.c...
compiling weight.c...
compiling ad7730.c...
compiling pid_control.c...
assembling startup_stm32f030x6.s...
linking...
Program Size: Code=11452 RO-data=4036 RW-data=100 ZI-data=2772  
FromELF: creating hex file...
".\Objects\stm32f030_start.axf" - 0 Error(s), 0 Warning(s).

<h2>Software Packages used:</h2>

Package Vendor: Keil
                http://www.keil.com/pack/Keil.STM32F0xx_DFP.2.0.0.pack
                Keil.STM32F0xx_DFP.2.0.0
                STMicroelectronics STM32F0 Series Device Support, Drivers and Examples

<h2>Collection of Component include folders:</h2>
  .\RTE\_stm32
  C:\Users\E_M\AppData\Local\Arm\Packs\Keil\STM32F0xx_DFP\2.0.0\Drivers\CMSIS\Device\ST\STM32F0xx\Include

<h2>Collection of Component Files used:</h2>
Build Time Elapsed:  00:00:10
</pre>
</body>
</html>
