Component: ARM Compiler 5.06 update 6 (build 750) Tool: armlink [4d35ed]

==============================================================================

Section Cross References

    system_stm32f0xx.o(i.SystemCoreClockUpdate) refers to aeabi_sdiv.o(.text) for __aeabi_uidivmod
    system_stm32f0xx.o(i.SystemCoreClockUpdate) refers to system_stm32f0xx.o(.data) for SystemCoreClock
    system_stm32f0xx.o(i.SystemCoreClockUpdate) refers to system_stm32f0xx.o(.constdata) for AHBPrescTable
    main.o(i.DMA1_Channel2_3_IRQHandler) refers to _printf_percent.o(.ARM.Collect$$_printf_percent$$00000000) for _printf_percent
    main.o(i.DMA1_Channel2_3_IRQHandler) refers to _printf_u.o(.ARM.Collect$$_printf_percent$$0000000A) for _printf_u
    main.o(i.DMA1_Channel2_3_IRQHandler) refers to _printf_f.o(.ARM.Collect$$_printf_percent$$00000003) for _printf_f
    main.o(i.DMA1_Channel2_3_IRQHandler) refers to _printf_dec.o(.text) for _printf_int_dec
    main.o(i.DMA1_Channel2_3_IRQHandler) refers to printf1.o(x$fpl$printf1) for _printf_fp_dec
    main.o(i.DMA1_Channel2_3_IRQHandler) refers to owen_485.o(i.Convert_OwenData_To_Data) for Convert_OwenData_To_Data
    main.o(i.DMA1_Channel2_3_IRQHandler) refers to main.o(i.ConvertByteToFloat) for ConvertByteToFloat
    main.o(i.DMA1_Channel2_3_IRQHandler) refers to f2d.o(.text) for __aeabi_f2d
    main.o(i.DMA1_Channel2_3_IRQHandler) refers to __2sprintf.o(.text) for __2sprintf
    main.o(i.DMA1_Channel2_3_IRQHandler) refers to ssd1306.o(i.ssd1306_SetCursor) for ssd1306_SetCursor
    main.o(i.DMA1_Channel2_3_IRQHandler) refers to ssd1306.o(i.ssd1306_WriteString) for ssd1306_WriteString
    main.o(i.DMA1_Channel2_3_IRQHandler) refers to ssd1306.o(i.ssd1306_UpdateScreen) for ssd1306_UpdateScreen
    main.o(i.DMA1_Channel2_3_IRQHandler) refers to usart.o(.bss) for rx_buffer
    main.o(i.DMA1_Channel2_3_IRQHandler) refers to main.o(.data) for owen_addr
    main.o(i.DMA1_Channel2_3_IRQHandler) refers to main.o(.bss) for str
    main.o(i.DMA1_Channel2_3_IRQHandler) refers to ssd1306_fonts.o(.data) for Font_11x18
    main.o(i.TIM16_IRQHandler) refers to owen_485.o(i.TRM101_GetTemperature) for TRM101_GetTemperature
    main.o(i.TIM16_IRQHandler) refers to owen_485.o(i.MB110_224_Get_Value) for MB110_224_Get_Value
    main.o(i.TIM16_IRQHandler) refers to main.o(.data) for status
    main.o(i.main) refers to system_init.o(i.Clock_Init) for Clock_Init
    main.o(i.main) refers to delay.o(i.Delay_Init) for Delay_Init
    main.o(i.main) refers to system_init.o(i.GPIO_Init) for GPIO_Init
    main.o(i.main) refers to usart.o(i.USART1_Init) for USART1_Init
    main.o(i.main) refers to usart.o(i.USART1_DMA_Init) for USART1_DMA_Init
    main.o(i.main) refers to i2c.o(i.I2c_Init) for I2c_Init
    main.o(i.main) refers to ssd1306.o(i.ssd1306_Init) for ssd1306_Init
    main.o(i.main) refers to main.o(i.Timer16_Init) for Timer16_Init
    main.o(i.main) refers to ssd1306.o(i.ssd1306_SetCursor) for ssd1306_SetCursor
    main.o(i.main) refers to ssd1306.o(i.ssd1306_WriteString) for ssd1306_WriteString
    main.o(i.main) refers to ssd1306.o(i.ssd1306_UpdateScreen) for ssd1306_UpdateScreen
    main.o(i.main) refers to ssd1306_fonts.o(.data) for Font_11x18
    delay.o(i.Delay_ms) refers to delay.o(.data) for msTicks
    delay.o(i.Delay_us) refers to aeabi_sdiv.o(.text) for __aeabi_uidivmod
    delay.o(i.Delay_us) refers to system_stm32f0xx.o(.data) for SystemCoreClock
    delay.o(i.SysTick_Handler) refers to delay.o(.data) for msTicks
    exti.o(i.GPAOA_0_EXTI) refers to exti.o(i.__NVIC_EnableIRQ) for __NVIC_EnableIRQ
    exti.o(i.GPAOA_1_EXTI) refers to exti.o(i.__NVIC_EnableIRQ) for __NVIC_EnableIRQ
    ssd1306.o(i.ssd1306_DrawPixel) refers to ssd1306.o(.data) for SSD1306
    ssd1306.o(i.ssd1306_DrawPixel) refers to ssd1306.o(.bss) for SSD1306_Buffer
    ssd1306.o(i.ssd1306_Fill) refers to ssd1306.o(.bss) for SSD1306_Buffer
    ssd1306.o(i.ssd1306_Init) refers to ssd1306.o(i.ssd1306_Reset) for ssd1306_Reset
    ssd1306.o(i.ssd1306_Init) refers to delay.o(i.Delay_ms) for Delay_ms
    ssd1306.o(i.ssd1306_Init) refers to ssd1306.o(i.ssd1306_WriteCommand) for ssd1306_WriteCommand
    ssd1306.o(i.ssd1306_Init) refers to ssd1306.o(i.ssd1306_Fill) for ssd1306_Fill
    ssd1306.o(i.ssd1306_Init) refers to ssd1306.o(i.ssd1306_UpdateScreen) for ssd1306_UpdateScreen
    ssd1306.o(i.ssd1306_Init) refers to ssd1306.o(.data) for SSD1306
    ssd1306.o(i.ssd1306_SetCursor) refers to ssd1306.o(.data) for SSD1306
    ssd1306.o(i.ssd1306_UpdateScreen) refers to ssd1306.o(i.ssd1306_WriteCommand) for ssd1306_WriteCommand
    ssd1306.o(i.ssd1306_UpdateScreen) refers to ssd1306.o(i.ssd1306_WriteData) for ssd1306_WriteData
    ssd1306.o(i.ssd1306_UpdateScreen) refers to ssd1306.o(.bss) for SSD1306_Buffer
    ssd1306.o(i.ssd1306_WriteChar) refers to ssd1306.o(i.ssd1306_DrawPixel) for ssd1306_DrawPixel
    ssd1306.o(i.ssd1306_WriteChar) refers to ssd1306.o(.data) for SSD1306
[...]
    libinit.o(.ARM.Collect$$libinit$$00000000) refers (Special) to libinit2.o(.ARM.Collect$$libinit$$00000002) for __rt_lib_init_fp_1
    libinit.o(.ARM.Collect$$libinit$$00000000) refers (Special) to libinit2.o(.ARM.Collect$$libinit$$0000001F) for __rt_lib_init_fp_trap_1
    libinit.o(.ARM.Collect$$libinit$$00000000) refers (Special) to libinit2.o(.ARM.Collect$$libinit$$00000023) for __rt_lib_init_getenv_1
    libinit.o(.ARM.Collect$$libinit$$00000000) refers (Special) to libinit2.o(.ARM.Collect$$libinit$$0000000A) for __rt_lib_init_heap_1
    libinit.o(.ARM.Collect$$libinit$$00000000) refers (Special) to libinit2.o(.ARM.Collect$$libinit$$00000011) for __rt_lib_init_lc_collate_1
    libinit.o(.ARM.Collect$$libinit$$00000000) refers (Special) to libinit2.o(.ARM.Collect$$libinit$$00000013) for __rt_lib_init_lc_ctype_1
    libinit.o(.ARM.Collect$$libinit$$00000000) refers (Special) to libinit2.o(.ARM.Collect$$libinit$$00000015) for __rt_lib_init_lc_monetary_1
    libinit.o(.ARM.Collect$$libinit$$00000000) refers (Special) to libinit2.o(.ARM.Collect$$libinit$$00000017) for __rt_lib_init_lc_numeric_1
    libinit.o(.ARM.Collect$$libinit$$00000000) refers (Special) to libinit2.o(.ARM.Collect$$libinit$$00000019) for __rt_lib_init_lc_time_1
    libinit.o(.ARM.Collect$$libinit$$00000000) refers (Special) to libinit2.o(.ARM.Collect$$libinit$$00000004) for __rt_lib_init_preinit_1
    libinit.o(.ARM.Collect$$libinit$$00000000) refers (Special) to libinit2.o(.ARM.Collect$$libinit$$0000000E) for __rt_lib_init_rand_1
    libinit.o(.ARM.Collect$$libinit$$00000000) refers (Special) to libinit2.o(.ARM.Collect$$libinit$$00000033) for __rt_lib_init_return
    libinit.o(.ARM.Collect$$libinit$$00000000) refers (Special) to libinit2.o(.ARM.Collect$$libinit$$0000001D) for __rt_lib_init_signal_1
    libinit.o(.ARM.Collect$$libinit$$00000000) refers (Special) to libinit2.o(.ARM.Collect$$libinit$$00000025) for __rt_lib_init_stdio_1
    libinit.o(.ARM.Collect$$libinit$$00000000) refers (Special) to libinit2.o(.ARM.Collect$$libinit$$0000000C) for __rt_lib_init_user_alloc_1
    libinit2.o(.ARM.Collect$$libinit$$0000000F) refers (Weak) to rt_locale_intlibspace.o(.text) for __rt_locale
    libinit2.o(.ARM.Collect$$libinit$$00000010) refers to libinit2.o(.ARM.Collect$$libinit$$0000000F) for .ARM.Collect$$libinit$$0000000F
    libinit2.o(.ARM.Collect$$libinit$$00000012) refers to libinit2.o(.ARM.Collect$$libinit$$0000000F) for .ARM.Collect$$libinit$$0000000F
    libinit2.o(.ARM.Collect$$libinit$$00000012) refers (Weak) to lc_ctype_c.o(locale$$code) for _get_lc_ctype
    libinit2.o(.ARM.Collect$$libinit$$00000014) refers to libinit2.o(.ARM.Collect$$libinit$$0000000F) for .ARM.Collect$$libinit$$0000000F
    libinit2.o(.ARM.Collect$$libinit$$00000016) refers to libinit2.o(.ARM.Collect$$libinit$$0000000F) for .ARM.Collect$$libinit$$0000000F
    libinit2.o(.ARM.Collect$$libinit$$00000016) refers (Weak) to lc_numeric_c.o(locale$$code) for _get_lc_numeric
    libinit2.o(.ARM.Collect$$libinit$$00000018) refers to libinit2.o(.ARM.Collect$$libinit$$0000000F) for .ARM.Collect$$libinit$$0000000F
    libinit2.o(.ARM.Collect$$libinit$$00000026) refers to argv_veneer.o(.text) for __ARM_argv_veneer
    libinit2.o(.ARM.Collect$$libinit$$00000027) refers to argv_veneer.o(.text) for __ARM_argv_veneer
    rtexit.o(.ARM.Collect$$rtexit$$00000000) refers (Special) to rtexit2.o(.ARM.Collect$$rtexit$$00000004) for __rt_exit_exit
    rtexit.o(.ARM.Collect$$rtexit$$00000000) refers (Special) to rtexit2.o(.ARM.Collect$$rtexit$$00000003) for __rt_exit_ls
    rtexit.o(.ARM.Collect$$rtexit$$00000000) refers (Special) to rtexit2.o(.ARM.Collect$$rtexit$$00000002) for __rt_exit_prels_1
    rtexit.o(.ARM.exidx) refers (Special) to rtexit2.o(.ARM.Collect$$rtexit$$00000004) for __rt_exit_exit
    rtexit.o(.ARM.exidx) refers (Special) to rtexit2.o(.ARM.Collect$$rtexit$$00000003) for __rt_exit_ls
    rtexit.o(.ARM.exidx) refers (Special) to rtexit2.o(.ARM.Collect$$rtexit$$00000002) for __rt_exit_prels_1
    rtexit.o(.ARM.exidx) refers to rtexit.o(.ARM.Collect$$rtexit$$00000000) for .ARM.Collect$$rtexit$$00000000
    rt_raise.o(.text) refers to __raise.o(.text) for __raise
    rt_raise.o(.text) refers to sys_exit.o(.text) for _sys_exit
    lc_ctype_c.o(locale$$data) refers (Special) to libinit2.o(.ARM.Collect$$libinit$$00000012) for __rt_lib_init_lc_ctype_2
    lc_ctype_c.o(locale$$code) refers (Special) to libinit2.o(.ARM.Collect$$libinit$$00000012) for __rt_lib_init_lc_ctype_2
    lc_ctype_c.o(locale$$code) refers to strcmp.o(.text) for strcmp
    lc_ctype_c.o(locale$$code) refers to lc_ctype_c.o(locale$$data) for __lcctype_c_name
    defsig_exit.o(.text) refers to sys_exit.o(.text) for _sys_exit
    defsig_fpe_inner.o(.text) refers to defsig_general.o(.text) for __default_signal_display
    sys_exit.o(.text) refers (Special) to use_no_semi.o(.text) for __I$use$semihosting
    sys_exit.o(.text) refers (Special) to indicate_semi.o(.text) for __semihosting_library_function
    rtexit2.o(.ARM.Collect$$rtexit$$00000003) refers to libshutdown.o(.ARM.Collect$$libshutdown$$00000000) for __rt_lib_shutdown
    rtexit2.o(.ARM.Collect$$rtexit$$00000004) refers to sys_exit.o(.text) for _sys_exit
    rtexit2.o(.ARM.exidx) refers to rtexit2.o(.ARM.Collect$$rtexit$$00000001) for .ARM.Collect$$rtexit$$00000001
    rtexit2.o(.ARM.exidx) refers to rtexit2.o(.ARM.Collect$$rtexit$$00000003) for .ARM.Collect$$rtexit$$00000003
    rtexit2.o(.ARM.exidx) refers to rtexit2.o(.ARM.Collect$$rtexit$$00000004) for .ARM.Collect$$rtexit$$00000004
    __raise.o(.text) refers to defsig.o(CL$$defsig) for __default_signal_handler
    defsig_general.o(.text) refers to sys_wrch.o(.text) for _ttywrch
    _get_argv_nomalloc.o(.text) refers (Special) to hrguard.o(.text) for __heap_region$guard
    _get_argv_nomalloc.o(.text) refers to defsig_rtmem_outer.o(.text) for __rt_SIGRTMEM
    _get_argv_nomalloc.o(.text) refers to sys_command.o(.text) for _sys_command_string
    sys_wrch.o(.text) refers (Special) to use_no_semi.o(.text) for __I$use$semihosting
    sys_wrch.o(.text) refers (Special) to indicate_semi.o(.text) for __semihosting_library_function
    sys_command.o(.text) refers (Special) to use_no_semi.o(.text) for __I$use$semihosting
    sys_command.o(.text) refers (Special) to indicate_semi.o(.text) for __semihosting_library_function
    defsig_rtmem_outer.o(.text) refers to defsig_rtmem_inner.o(.text) for __rt_SIGRTMEM_inner
    defsig_rtmem_outer.o(.text) refers to defsig_exit.o(.text) for __sig_exit
    defsig_rtmem_formal.o(.text) refers to rt_raise.o(.text) for __rt_raise
    defsig.o(CL$$defsig) refers to defsig_fpe_inner.o(.text) for __rt_SIGFPE_inner
    defsig.o(CL$$defsig) refers to defsig_rtmem_inner.o(.text) for __rt_SIGRTMEM_inner
    libshutdown.o(.ARM.Collect$$libshutdown$$00000000) refers (Special) to libshutdown2.o(.ARM.Collect$$libshutdown$$00000002) for __rt_lib_shutdown_cpp_1
    libshutdown.o(.ARM.Collect$$libshutdown$$00000000) refers (Special) to libshutdown2.o(.ARM.Collect$$libshutdown$$00000007) for __rt_lib_shutdown_fp_trap_1
    libshutdown.o(.ARM.Collect$$libshutdown$$00000000) refers (Special) to libshutdown2.o(.ARM.Collect$$libshutdown$$0000000F) for __rt_lib_shutdown_heap_1
    libshutdown.o(.ARM.Collect$$libshutdown$$00000000) refers (Special) to libshutdown2.o(.ARM.Collect$$libshutdown$$00000010) for __rt_lib_shutdown_return
    libshutdown.o(.ARM.Collect$$libshutdown$$00000000) refers (Special) to libshutdown2.o(.ARM.Collect$$libshutdown$$0000000A) for __rt_lib_shutdown_signal_1
    libshutdown.o(.ARM.Collect$$libshutdown$$00000000) refers (Special) to libshutdown2.o(.ARM.Collect$$libshutdown$$00000004) for __rt_lib_shutdown_stdio_1
    libshutdown.o(.ARM.Collect$$libshutdown$$00000000) refers (Special) to libshutdown2.o(.ARM.Collect$$libshutdown$$0000000C) for __rt_lib_shutdown_user_alloc_1
    defsig_abrt_inner.o(.text) refers to defsig_general.o(.text) for __default_signal_display
    defsig_rtred_inner.o(.text) refers to defsig_general.o(.text) for __default_signal_display
    defsig_rtmem_inner.o(.text) refers to defsig_general.o(.text) for __default_signal_display
    defsig_stak_inner.o(.text) refers to defsig_general.o(.text) for __default_signal_display
    defsig_pvfn_inner.o(.text) refers to defsig_general.o(.text) for __default_signal_display
    defsig_cppl_inner.o(.text) refers to defsig_general.o(.text) for __default_signal_display
    defsig_segv_inner.o(.text) refers to defsig_general.o(.text) for __default_signal_display
    defsig_other.o(.text) refers to defsig_general.o(.text) for __default_signal_display


==============================================================================

Removing Unused input sections from the image.

    Removing system_stm32f0xx.o(.rev16_text), (4 bytes).
    Removing system_stm32f0xx.o(.revsh_text), (4 bytes).
    Removing system_stm32f0xx.o(i.SystemCoreClockUpdate), (176 bytes).
    Removing system_stm32f0xx.o(.constdata), (24 bytes).
    Removing system_stm32f0xx.o(.data), (4 bytes).
    Removing main.o(.rev16_text), (4 bytes).
    Removing main.o(.revsh_text), (4 bytes).
    Removing system_init.o(.rev16_text), (4 bytes).
    Removing system_init.o(.revsh_text), (4 bytes).
    Removing delay.o(.rev16_text), (4 bytes).
    Removing delay.o(.revsh_text), (4 bytes).
    Removing delay.o(i.Delay_us), (44 bytes).
    Removing spi.o(.rev16_text), (4 bytes).
    Removing spi.o(.revsh_text), (4 bytes).
    Removing spi.o(i.Spi_Init), (400 bytes).
    Removing spi.o(i.Spi_Transfer), (52 bytes).
    Removing i2c.o(.rev16_text), (4 bytes).
    Removing i2c.o(.revsh_text), (4 bytes).
    Removing i2c.o(i.i2c_Read), (208 bytes).
    Removing pwm.o(.rev16_text), (4 bytes).
    Removing pwm.o(.revsh_text), (4 bytes).
    Removing pwm.o(i.PWM_TIM14_Init), (176 bytes).
    Removing pwm.o(i.PWM_TIM16_Init), (236 bytes).
    Removing pwm.o(i.PWM_TIM3_Init), (392 bytes).
    Removing exti.o(.rev16_text), (4 bytes).
    Removing exti.o(.revsh_text), (4 bytes).
    Removing exti.o(i.GPAOA_0_EXTI), (112 bytes).
    Removing exti.o(i.GPAOA_1_EXTI), (112 bytes).
    Removing exti.o(i.__NVIC_EnableIRQ), (24 bytes).
    Removing adc.o(.rev16_text), (4 bytes).
    Removing adc.o(.revsh_text), (4 bytes).
    Removing adc.o(i.ADC_Init), (236 bytes).
    Removing ssd1306.o(.rev16_text), (4 bytes).
    Removing ssd1306.o(.revsh_text), (4 bytes).
    Removing pi_control.o(.rev16_text), (4 bytes).
    Removing pi_control.o(.revsh_text), (4 bytes).
    Removing lcd_i2c.o(.rev16_text), (4 bytes).
    Removing lcd_i2c.o(.revsh_text), (4 bytes).
    Removing lcd_i2c.o(i.Lcd_i2c_Clear), (18 bytes).
    Removing lcd_i2c.o(i.Lcd_i2c_Init), (144 bytes).
    Removing lcd_i2c.o(i.Lcd_i2c_Send_char), (14 bytes).
    Removing lcd_i2c.o(i.Lcd_i2c_Send_data), (244 bytes).
    Removing lcd_i2c.o(i.Lcd_i2c_Send_data_float), (220 bytes).
    Removing lcd_i2c.o(i.Lcd_i2c_Set_pos), (120 bytes).
    Removing lcd_i2c.o(i.Lcd_i2c_String), (28 bytes).
    Removing lcd_i2c.o(i.Write_i2c_lcd), (32 bytes).
    Removing lcd_i2c.o(i.send_halfbyte), (76 bytes).
    Removing lcd_i2c.o(i.sendbyte), (72 bytes).
    Removing lcd_i2c.o(.data), (1 bytes).
    Removing lcd1602.o(.rev16_text), (4 bytes).
    Removing lcd1602.o(.revsh_text), (4 bytes).
    Removing lcd1602.o(i.lcd1602_Clear), (16 bytes).
    Removing lcd1602.o(i.lcd1602_Command), (104 bytes).
    Removing lcd1602.o(i.lcd1602_Data), (104 bytes).
    Removing lcd1602.o(i.lcd1602_GPIO_Init), (344 bytes).
    Removing lcd1602.o(i.lcd1602_Init), (248 bytes).
    Removing lcd1602.o(i.lcd1602_SendChar), (18 bytes).
    Removing lcd1602.o(i.lcd1602_Set_Pos), (112 bytes).
    Removing lcd1602.o(i.lcd1602_String), (32 bytes).
    Removing lcd1602.o(i.lcd1602_Write_Data), (156 bytes).
    Removing eeprom.o(.rev16_text), (4 bytes).
    Removing eeprom.o(.revsh_text), (4 bytes).
    Removing eeprom.o(i.eeprom_ReadFloat), (140 bytes).
    Removing eeprom.o(i.eeprom_Read_Buff), (136 bytes).
    Removing eeprom.o(i.eeprom_Read_one), (64 bytes).
    Removing eeprom.o(i.eeprom_WriteFloat), (100 bytes).
    Removing eeprom.o(i.eeprom_Write_Buff), (84 bytes).
    Removing eeprom.o(i.eeprom_Write_one), (52 bytes).
    Removing usart.o(.rev16_text), (4 bytes).
    Removing usart.o(.revsh_text), (4 bytes).
    Removing usart.o(i.USART1_DMA_RX), (104 bytes).
    Removing usart.o(i.USART1_DMA_Send_Buffer), (76 bytes).
    Removing usart.o(i.USART1_Send), (28 bytes).
    Removing usart.o(i.USART1_Send_Buffer), (28 bytes).
    Removing usart.o(i.USART1_Send_String), (28 bytes).
    Removing ads1220.o(.rev16_text), (4 bytes).
    Removing ads1220.o(.revsh_text), (4 bytes).
    Removing ads1220.o(i.ads1220_GetData), (96 bytes).
    Removing ads1220.o(i.ads1220_Get_V), (88 bytes).
    Removing ads1220.o(i.ads1220_Get_temp), (124 bytes).
    Removing ads1220.o(i.ads1220_Init), (84 bytes).
    Removing ads1220.o(i.ads1220_RREG), (84 bytes).
    Removing ads1220.o(i.ads1220_SPI_Init), (392 bytes).
    Removing ads1220.o(i.ads1220_WREG), (64 bytes).
    Removing ads1220.o(.data), (3 bytes).
    Removing ads131e08.o(.rev16_text), (4 bytes).
    Removing ads131e08.o(.revsh_text), (4 bytes).
    Removing ads131e08.o(i.ads131_Get_V), (84 bytes).
    Removing ads131e08.o(i.ads131_Init), (192 bytes).
    Removing ads131e08.o(i.ads131_Offset), (52 bytes).
    Removing ads131e08.o(i.ads131_RESET_HW), (34 bytes).
    Removing ads131e08.o(i.ads131_RESET_SW), (48 bytes).
    Removing ads131e08.o(i.ads131_RREG), (112 bytes).
    Removing ads131e08.o(i.ads131_Read_Data_Continuous), (348 bytes).
    Removing ads131e08.o(i.ads131_Read_Data_Single), (364 bytes).
    Removing ads131e08.o(i.ads131_Start_Read_Continuous_Mode), (48 bytes).
    Removing ads131e08.o(i.ads131_Start_Read_Singal_Mode), (48 bytes).
    Removing ads131e08.o(i.ads131_Start_SW), (48 bytes).
    Removing ads131e08.o(i.ads131_Stop_Read_Continuous_Mode), (48 bytes).
    Removing ads131e08.o(i.ads131_WREG), (76 bytes).
    Removing ads131e08.o(i.ads131_spi_Init), (488 bytes).
    Removing ads131e08.o(.bss), (64 bytes).
    Removing weight.o(.rev16_text), (4 bytes).
    Removing weight.o(.revsh_text), (4 bytes).
    Removing weight.o(i.ads1220_GetCoff), (88 bytes).
    Removing weight.o(i.ads1220_GetWeight), (90 bytes).
    Removing weight.o(i.ads1220_GetZero), (44 bytes).
    Removing ad7730.o(.rev16_text), (4 bytes).
    Removing ad7730.o(.revsh_text), (4 bytes).
    Removing ad7730.o(i.ad7730_Full_Scale_Calibration), (56 bytes).
    Removing ad7730.o(i.ad7730_GetData), (164 bytes).
    Removing ad7730.o(i.ad7730_Get_Coff), (96 bytes).
    Removing ad7730.o(i.ad7730_Get_Weight), (90 bytes).
    Removing ad7730.o(i.ad7730_Get_Zero), (44 bytes).
    Removing ad7730.o(i.ad7730_Init), (92 bytes).
    Removing ad7730.o(i.ad7730_Read_REG), (112 bytes).
    Removing ad7730.o(i.ad7730_Reset), (34 bytes).
    Removing ad7730.o(i.ad7730_Zero_Calibration), (56 bytes).
    Removing ad7730.o(i.ad7730_spi_Init), (444 bytes).
    Removing printer.o(.rev16_text), (4 bytes).
    Removing printer.o(.revsh_text), (4 bytes).
    Removing printer.o(i.thermal_printer_init), (48 bytes).
    Removing printer.o(i.thermo_china_mode), (40 bytes).
    Removing printer.o(i.thermo_print), (22 bytes).
    Removing printer.o(i.thermo_print_barcode), (120 bytes).
    Removing printer.o(i.thermo_printer_initCmd), (24 bytes).
    Removing printer.o(i.thermo_printf), (46 bytes).
    Removing printer.o(i.thermo_select_character_size), (48 bytes).
    Removing printer.o(i.thermo_set_barcode_height), (28 bytes).
    Removing printer.o(i.thermo_set_barcode_width), (40 bytes).
    Removing printer.o(i.thermo_set_codepage), (28 bytes).
    Removing printer.o(i.thermo_set_print_concentration), (40 bytes).
    Removing printer.o(i.thermo_set_rotation_90_mode), (40 bytes).
    Removing printer.o(i.thermo_skip_lines), (28 bytes).
    Removing owen_485.o(.rev16_text), (4 bytes).
    Removing owen_485.o(.revsh_text), (4 bytes).
    Removing owen_485.o(i.OWEN_485_Init), (12 bytes).

137 unused section(s) (total 10270 bytes) removed from the image.

==============================================================================

Image Symbol Table

    Local Symbols

    Symbol Name                              Value     Ov Type        Size  Object(Section)

    ../clib/angel/boardlib.s                 0x00000000   Number         0  boardinit2.o ABSOLUTE
    ../clib/angel/boardlib.s                 0x00000000   Number         0  boardinit1.o ABSOLUTE
    ../clib/angel/boardlib.s                 0x00000000   Number         0  boardshut.o ABSOLUTE
    ../clib/angel/boardlib.s                 0x00000000   Number         0  boardinit3.o ABSOLUTE
    ../clib/angel/handlers.s                 0x00000000   Number         0  __scatter_copy.o ABSOLUTE
    ../clib/angel/handlers.s                 0x00000000   Number         0  __scatter_zi.o ABSOLUTE
    ../clib/angel/kernel.s                   0x00000000   Number         0  __rtentry.o ABSOLUTE
    ../clib/angel/kernel.s                   0x00000000   Number         0  __rtentry2.o ABSOLUTE
    ../clib/angel/kernel.s                   0x00000000   Number         0  __rtentry4.o ABSOLUTE
    ../clib/angel/kernel.s                   0x00000000   Number         0  rtexit2.o ABSOLUTE
    ../clib/angel/kernel.s                   0x00000000   Number         0  rtexit.o ABSOLUTE
    ../clib/angel/rt.s                       0x00000000   Number         0  rt_locale_intlibspace.o ABSOLUTE
    ../clib/angel/rt.s                       0x00000000   Number         0  aeabi_idiv0_sigfpe.o ABSOLUTE
    ../clib/angel/rt.s                       0x00000000   Number         0  rt_ctype_table.o ABSOLUTE
    ../clib/angel/rt.s                       0x00000000   Number         0  rt_div0.o ABSOLUTE
    ../clib/angel/rt.s                       0x00000000   Number         0  rt_locale.o ABSOLUTE
    ../clib/angel/rt.s                       0x00000000   Number         0  rt_raise.o ABSOLUTE
    ../clib/angel/rt.s                       0x00000000   Number         0  aeabi_idiv0.o ABSOLUTE
    ../clib/angel/scatterp.s                 0x00000000   Number         0  __scatter.o ABSOLUTE
    ../clib/angel/startup.s                  0x00000000   Number         0  __main.o ABSOLUTE
    ../clib/angel/sys.s                      0x00000000   Number         0  tempstk.o ABSOLUTE
    ../clib/angel/sys.s                      0x00000000   Number         0  sys_stackheap_outer.o ABSOLUTE
    ../clib/angel/sys.s                      0x00000000   Number         0  use_no_semi.o ABSOLUTE
    ../clib/angel/sys.s                      0x00000000   Number         0  indicate_semi.o ABSOLUTE
    ../clib/angel/sys.s                      0x00000000   Number         0  libspace.o ABSOLUTE
    ../clib/angel/sysapp.c                   0x00000000   Number         0  sys_command.o ABSOLUTE
    ../clib/angel/sysapp.c                   0x00000000   Number         0  sys_exit.o ABSOLUTE
    ../clib/angel/sysapp.c                   0x00000000   Number         0  sys_wrch.o ABSOLUTE
    ../clib/armsys.c                         0x00000000   Number         0  argv_veneer.o ABSOLUTE
    ../clib/armsys.c                         0x00000000   Number         0  no_argv.o ABSOLUTE
    ../clib/armsys.c                         0x00000000   Number         0  _get_argv_nomalloc.o ABSOLUTE
    ../clib/bigflt.c                         0x00000000   Number         0  bigflt0.o ABSOLUTE
    ../clib/btod.c                           0x00000000   Number         0  btod.o ABSOLUTE
    ../clib/division.c                       0x00000000   Number         0  rtudiv10.o ABSOLUTE
    ../clib/division.c                       0x00000000   Number         0  lludiv10.o ABSOLUTE
    ../clib/division.s                       0x00000000   Number         0  aeabi_sdiv.o ABSOLUTE
    ../clib/division.s                       0x00000000   Number         0  aeabi_sdiv_div0.o ABSOLUTE
    ../clib/heapalloc.c                      0x00000000   Number         0  hrguard.o ABSOLUTE
    ../clib/heapaux.c                        0x00000000   Number         0  heapauxi.o ABSOLUTE
    ../clib/libinit.s                        0x00000000   Number         0  libinit2.o ABSOLUTE
    ../clib/libinit.s                        0x00000000   Number         0  libshutdown2.o ABSOLUTE
    ../clib/libinit.s                        0x00000000   Number         0  libshutdown.o ABSOLUTE
    ../clib/libinit.s                        0x00000000   Number         0  libinit.o ABSOLUTE
    ../clib/locale.c                         0x00000000   Number         0  _wcrtomb.o ABSOLUTE
    ../clib/locale.s                         0x00000000   Number         0  lc_ctype_c.o ABSOLUTE
    ../clib/locale.s                         0x00000000   Number         0  lc_numeric_c.o ABSOLUTE
    ../clib/misc.s                           0x00000000   Number         0  printf_stubs.o ABSOLUTE
    ../clib/printf.c                         0x00000000   Number         0  _printf_str.o ABSOLUTE
    ../clib/printf.c                         0x00000000   Number         0  _printf_intcommon.o ABSOLUTE
    ../clib/printf.c                         0x00000000   Number         0  _printf_charcount.o ABSOLUTE
    ../clib/printf.c                         0x00000000   Number         0  _printf_fp_dec.o ABSOLUTE
    ../clib/printf.c                         0x00000000   Number         0  _printf_char_common.o ABSOLUTE
    ../clib/printf.c                         0x00000000   Number         0  _sputc.o ABSOLUTE
    ../clib/printf.c                         0x00000000   Number         0  _printf_hex_ll_ptr.o ABSOLUTE
    ../clib/printf.c                         0x00000000   Number         0  _snputc.o ABSOLUTE
    ../clib/printf.c                         0x00000000   Number         0  _printf_wctomb.o ABSOLUTE
    ../clib/printf.c                         0x00000000   Number         0  _printf_longlong_dec.o ABSOLUTE
    ../clib/printf.c                         0x00000000   Number         0  _printf_oct_ll.o ABSOLUTE
    ../clib/printf.c                         0x00000000   Number         0  _printf_oct_int.o ABSOLUTE
    ../clib/printf.c                         0x00000000   Number         0  _printf_oct_int_ll.o ABSOLUTE
    ../clib/printf.c                         0x00000000   Number         0  _printf_hex_ll.o ABSOLUTE
    ../clib/printf.c                         0x00000000   Number         0  _printf_hex_int.o ABSOLUTE
    ../clib/printf.c                         0x00000000   Number         0  _printf_hex_int_ll.o ABSOLUTE
    ../clib/printf.c                         0x00000000   Number         0  _printf_hex_int_ll_ptr.o ABSOLUTE
    ../clib/printf.c                         0x00000000   Number         0  _printf_wchar.o ABSOLUTE
    ../clib/printf.c                         0x00000000   Number         0  _printf_char.o ABSOLUTE
    ../clib/printf.c                         0x00000000   Number         0  __printf_nopercent.o ABSOLUTE
    ../clib/printf.c                         0x00000000   Number         0  __2sprintf.o ABSOLUTE
    ../clib/printf.c                         0x00000000   Number         0  _printf_fp_infnan.o ABSOLUTE
    ../clib/printf.c                         0x00000000   Number         0  noretval__2sprintf.o ABSOLUTE
    ../clib/printf.c                         0x00000000   Number         0  __printf.o ABSOLUTE
    ../clib/printf.c                         0x00000000   Number         0  _printf_dec.o ABSOLUTE
    ../clib/printf.c                         0x00000000   Number         0  _printf_fp_hex.o ABSOLUTE
    ../clib/printf.c                         0x00000000   Number         0  __printf_flags.o ABSOLUTE
    ../clib/printf.c                         0x00000000   Number         0  __printf_ss.o ABSOLUTE
    ../clib/printf.c                         0x00000000   Number         0  __printf_flags_ss.o ABSOLUTE
    ../clib/printf.c                         0x00000000   Number         0  __printf_wp.o ABSOLUTE
    ../clib/printf.c                         0x00000000   Number         0  __printf_flags_wp.o ABSOLUTE
    ../clib/printf.c                         0x00000000   Number         0  __printf_ss_wp.o ABSOLUTE
    ../clib/printf.c                         0x00000000   Number         0  __printf_flags_ss_wp.o ABSOLUTE
    ../clib/printf.c                         0x00000000   Number         0  vsnprintf.o ABSOLUTE
    ../clib/printf.c                         0x00000000   Number         0  _printf_hex_ptr.o ABSOLUTE
    ../clib/printf.c                         0x00000000   Number         0  _printf_pad.o ABSOLUTE
    ../clib/printf.c                         0x00000000   Number         0  _printf_truncate.o ABSOLUTE
    ../clib/printf.c                         0x00000000   Number         0  _printf_hex_int_ptr.o ABSOLUTE
    ../clib/printf_percent.s                 0x00000000   Number         0  _printf_d.o ABSOLUTE
    ../clib/printf_percent.s                 0x00000000   Number         0  _printf_x.o ABSOLUTE
    ../clib/printf_percent.s                 0x00000000   Number         0  _printf_p.o ABSOLUTE
    ../clib/printf_percent.s                 0x00000000   Number         0  _printf_o.o ABSOLUTE
    ../clib/printf_percent.s                 0x00000000   Number         0  _printf_i.o ABSOLUTE
    ../clib/printf_percent.s                 0x00000000   Number         0  _printf_lc.o ABSOLUTE
    ../clib/printf_percent.s                 0x00000000   Number         0  _printf_e.o ABSOLUTE
    ../clib/printf_percent.s                 0x00000000   Number         0  _printf_g.o ABSOLUTE
    ../clib/printf_percent.s                 0x00000000   Number         0  _printf_a.o ABSOLUTE
    ../clib/printf_percent.s                 0x00000000   Number         0  _printf_c.o ABSOLUTE
    ../clib/printf_percent.s                 0x00000000   Number         0  _printf_percent_end.o ABSOLUTE
    ../clib/printf_percent.s                 0x00000000   Number         0  _printf_ls.o ABSOLUTE
    ../clib/printf_percent.s                 0x00000000   Number         0  _printf_lli.o ABSOLUTE
    ../clib/printf_percent.s                 0x00000000   Number         0  _printf_lld.o ABSOLUTE
    ../clib/printf_percent.s                 0x00000000   Number         0  _printf_u.o ABSOLUTE
    ../clib/printf_percent.s                 0x00000000   Number         0  _printf_llu.o ABSOLUTE
    ../clib/printf_percent.s                 0x00000000   Number         0  _printf_f.o ABSOLUTE
    ../clib/printf_percent.s                 0x00000000   Number         0  _printf_ll.o ABSOLUTE
    ../clib/printf_percent.s                 0x00000000   Number         0  _printf_percent.o ABSOLUTE
    ../clib/printf_percent.s                 0x00000000   Number         0  _printf_l.o ABSOLUTE
    ../clib/printf_percent.s                 0x00000000   Number         0  _printf_s.o ABSOLUTE
    ../clib/printf_percent.s                 0x00000000   Number         0  _printf_llx.o ABSOLUTE
    ../clib/printf_percent.s                 0x00000000   Number         0  _printf_n.o ABSOLUTE
    ../clib/printf_percent.s                 0x00000000   Number         0  _printf_llo.o ABSOLUTE
    ../clib/signal.c                         0x00000000   Number         0  defsig_rtmem_outer.o ABSOLUTE
    ../clib/signal.c                         0x00000000   Number         0  defsig_cppl_inner.o ABSOLUTE
    ../clib/signal.c                         0x00000000   Number         0  defsig_rtmem_formal.o ABSOLUTE
    ../clib/signal.c                         0x00000000   Number         0  defsig_general.o ABSOLUTE
    ../clib/signal.c                         0x00000000   Number         0  __raise.o ABSOLUTE
    ../clib/signal.c                         0x00000000   Number         0  defsig_abrt_inner.o ABSOLUTE
    ../clib/signal.c                         0x00000000   Number         0  defsig_rtred_inner.o ABSOLUTE
    ../clib/signal.c                         0x00000000   Number         0  defsig_exit.o ABSOLUTE
    ../clib/signal.c                         0x00000000   Number         0  defsig_rtmem_inner.o ABSOLUTE
    ../clib/signal.c                         0x00000000   Number         0  defsig_stak_inner.o ABSOLUTE
    ../clib/signal.c                         0x00000000   Number         0  defsig_pvfn_inner.o ABSOLUTE
    ../clib/signal.c                         0x00000000   Number         0  defsig_fpe_inner.o ABSOLUTE
    ../clib/signal.c                         0x00000000   Number         0  defsig_other.o ABSOLUTE
    ../clib/signal.c                         0x00000000   Number         0  defsig_fpe_formal.o ABSOLUTE
    ../clib/signal.c                         0x00000000   Number         0  defsig_segv_inner.o ABSOLUTE
    ../clib/signal.c                         0x00000000   Number         0  defsig_fpe_outer.o ABSOLUTE
    ../clib/signal.s                         0x00000000   Number         0  defsig.o ABSOLUTE
    ../clib/stdlib.c                         0x00000000   Number         0  exit.o ABSOLUTE
    ../clib/string.c                         0x00000000   Number         0  strlen.o ABSOLUTE
    ../clib/string.c                         0x00000000   Number         0  strcmp.o ABSOLUTE
    ../fplib/cfplib/d2f.c                    0x00000000   Number         0  d2f.o ABSOLUTE
    ../fplib/cfplib/ddiv.c                   0x00000000   Number         0  ddiv.o ABSOLUTE
    ../fplib/cfplib/dmul.c                   0x00000000   Number         0  dmul.o ABSOLUTE
    ../fplib/cfplib/f2d.c                    0x00000000   Number         0  f2d.o ABSOLUTE
    ../fplib/cfplib/fdiv.c                   0x00000000   Number         0  fdiv.o ABSOLUTE
    ../fplib/cfplib/ffix.c                   0x00000000   Number         0  ffixui.o ABSOLUTE
    ../fplib/cfplib/fflt.c                   0x00000000   Number         0  fflti.o ABSOLUTE
    ../fplib/cfplib/fflt.c                   0x00000000   Number         0  dflti.o ABSOLUTE
    ../fplib/cfplib/fpinit.c                 0x00000000   Number         0  fpinit.o ABSOLUTE
    ../fplib/cfplib/ieee_status.c            0x00000000   Number         0  ieee_status.o ABSOLUTE
    ../fplib/faddsub6m.s                     0x00000000   Number         0  faddsub.o ABSOLUTE
    ../fplib/fmul6m.s                        0x00000000   Number         0  fmul.o ABSOLUTE
    ../fplib/printf1.s                       0x00000000   Number         0  printf1.o ABSOLUTE
    ../fplib/printf2.s                       0x00000000   Number         0  printf2.o ABSOLUTE
    ../fplib/printf2a.s                      0x00000000   Number         0  printf2a.o ABSOLUTE
    ../fplib/printf2b.s                      0x00000000   Number         0  printf2b.o ABSOLUTE
    ../fplib/usenofp.s                       0x00000000   Number         0  usenofp.o ABSOLUTE
    ../mathlib/fpclassify.c                  0x00000000   Number         0  fpclassify.o ABSOLUTE
    CMSIS\\src\\system_stm32f0xx.c           0x00000000   Number         0  system_stm32f0xx.o ABSOLUTE
    CMSIS\src\system_stm32f0xx.c             0x00000000   Number         0  system_stm32f0xx.o ABSOLUTE
    CODE\\src\\OWEN_485.c                    0x00000000   Number         0  owen_485.o ABSOLUTE
    CODE\\src\\ad7730.c                      0x00000000   Number         0  ad7730.o ABSOLUTE
    CODE\\src\\adc.c                         0x00000000   Number         0  adc.o ABSOLUTE
    CODE\\src\\ads1220.c                     0x00000000   Number         0  ads1220.o ABSOLUTE
    CODE\\src\\ads131e08.c                   0x00000000   Number         0  ads131e08.o ABSOLUTE
    CODE\\src\\delay.c                       0x00000000   Number         0  delay.o ABSOLUTE
    CODE\\src\\eeprom.c                      0x00000000   Number         0  eeprom.o ABSOLUTE
    CODE\\src\\exti.c                        0x00000000   Number         0  exti.o ABSOLUTE
    CODE\\src\\i2c.c                         0x00000000   Number         0  i2c.o ABSOLUTE
    CODE\\src\\lcd1602.c                     0x00000000   Number         0  lcd1602.o ABSOLUTE
    CODE\\src\\lcd_i2c.c                     0x00000000   Number         0  lcd_i2c.o ABSOLUTE
    CODE\\src\\main.c                        0x00000000   Number         0  main.o ABSOLUTE
    CODE\\src\\pi_control.c                  0x00000000   Number         0  pi_control.o ABSOLUTE
    CODE\\src\\printer.c                     0x00000000   Number         0  printer.o ABSOLUTE
    CODE\\src\\pwm.c                         0x00000000   Number         0  pwm.o ABSOLUTE
    CODE\\src\\spi.c                         0x00000000   Number         0  spi.o ABSOLUTE
    CODE\\src\\system_init.c                 0x00000000   Number         0  system_init.o ABSOLUTE
    CODE\\src\\usart.c                       0x00000000   Number         0  usart.o ABSOLUTE
    CODE\\src\\weight.c                      0x00000000   Number         0  weight.o ABSOLUTE
    CODE\src\OWEN_485.c                      0x00000000   Number         0  owen_485.o ABSOLUTE
    CODE\src\ad7730.c                        0x00000000   Number         0  ad7730.o ABSOLUTE
    CODE\src\adc.c                           0x00000000   Number         0  adc.o ABSOLUTE
    CODE\src\ads1220.c                       0x00000000   Number         0  ads1220.o ABSOLUTE
    CODE\src\ads131e08.c                     0x00000000   Number         0  ads131e08.o ABSOLUTE
    CODE\src\delay.c                         0x00000000   Number         0  delay.o ABSOLUTE
    CODE\src\eeprom.c                        0x00000000   Number         0  eeprom.o ABSOLUTE
    CODE\src\exti.c                          0x00000000   Number         0  exti.o ABSOLUTE
    CODE\src\i2c.c                           0x00000000   Number         0  i2c.o ABSOLUTE
    CODE\src\lcd1602.c                       0x00000000   Number         0  lcd1602.o ABSOLUTE
    CODE\src\lcd_i2c.c                       0x00000000   Number         0  lcd_i2c.o ABSOLUTE
    CODE\src\main.c                          0x00000000   Number         0  main.o ABSOLUTE
    CODE\src\pi_control.c                    0x00000000   Number         0  pi_control.o ABSOLUTE
    CODE\src\printer.c                       0x00000000   Number         0  printer.o ABSOLUTE
    CODE\src\pwm.c                           0x00000000   Number         0  pwm.o ABSOLUTE
    CODE\src\spi.c                           0x00000000   Number         0  spi.o ABSOLUTE
    CODE\src\system_init.c                   0x00000000   Number         0  system_init.o ABSOLUTE
    CODE\src\usart.c                         0x00000000   Number         0  usart.o ABSOLUTE
    CODE\src\weight.c                        0x00000000   Number         0  weight.o ABSOLUTE
    SSD1306\\ssd1306.c                       0x00000000   Number         0  ssd1306.o ABSOLUTE
    SSD1306\ssd1306.c                        0x00000000   Number         0  ssd1306.o ABSOLUTE
    SSD1306\ssd1306_fonts.c                  0x00000000   Number         0  ssd1306_fonts.o ABSOLUTE
    Startup\startup_stm32f030x6.s            0x00000000   Number         0  startup_stm32f030x6.o ABSOLUTE
    dc.s                                     0x00000000   Number         0  dc.o ABSOLUTE
    RESET                                    0x08000000   Section      176  startup_stm32f030x6.o(RESET)
    !!!main                                  0x080000b0   Section        8  __main.o(!!!main)
    !!!scatter                               0x080000b8   Section       60  __scatter.o(!!!scatter)
    !!handler_copy                           0x080000f4   Section       26  __scatter_copy.o(!!handler_copy)
    !!handler_zi                             0x08000110   Section       28  __scatter_zi.o(!!handler_zi)
    .ARM.Collect$$_printf_percent$$00000000  0x0800012c   Section        2  _printf_percent.o(.ARM.Collect$$_printf_percent$$00000000)
    .ARM.Collect$$_printf_percent$$00000003  0x0800012e   Section       10  _printf_f.o(.ARM.Collect$$_printf_percent$$00000003)
    .ARM.Collect$$_printf_percent$$0000000A  0x08000138   Section       10  _printf_u.o(.ARM.Collect$$_printf_percent$$0000000A)
    .ARM.Collect$$_printf_percent$$00000017  0x08000142   Section        4  _printf_percent_end.o(.ARM.Collect$$_printf_percent$$00000017)
    .ARM.Collect$$libinit$$00000000          0x08000146   Section        2  libinit.o(.ARM.Collect$$libinit$$00000000)
    .ARM.Collect$$libinit$$00000002          0x08000148   Section        0  libinit2.o(.ARM.Collect$$libinit$$00000002)
    .ARM.Collect$$libinit$$00000004          0x08000148   Section        0  libinit2.o(.ARM.Collect$$libinit$$00000004)
    .ARM.Collect$$libinit$$0000000A          0x08000148   Section        0  libinit2.o(.ARM.Collect$$libinit$$0000000A)
    .ARM.Collect$$libinit$$0000000C          0x08000148   Section        0  libinit2.o(.ARM.Collect$$libinit$$0000000C)
    .ARM.Collect$$libinit$$0000000E          0x08000148   Section        0  libinit2.o(.ARM.Collect$$libinit$$0000000E)
    .ARM.Collect$$libinit$$0000000F          0x08000148   Section        6  libinit2.o(.ARM.Collect$$libinit$$0000000F)
    .ARM.Collect$$libinit$$00000011          0x0800014e   Section        0  libinit2.o(.ARM.Collect$$libinit$$00000011)
    .ARM.Collect$$libinit$$00000013          0x0800014e   Section        0  libinit2.o(.ARM.Collect$$libinit$$00000013)
    .ARM.Collect$$libinit$$00000015          0x0800014e   Section        0  libinit2.o(.ARM.Collect$$libinit$$00000015)
    .ARM.Collect$$libinit$$00000016          0x0800014e   Section       10  libinit2.o(.ARM.Collect$$libinit$$00000016)
    .ARM.Collect$$libinit$$00000017          0x08000158   Section        0  libinit2.o(.ARM.Collect$$libinit$$00000017)
    .ARM.Collect$$libinit$$00000019          0x08000158   Section        0  libinit2.o(.ARM.Collect$$libinit$$00000019)
    .ARM.Collect$$libinit$$0000001B          0x08000158   Section        0  libinit2.o(.ARM.Collect$$libinit$$0000001B)
    .ARM.Collect$$libinit$$0000001D          0x08000158   Section        0  libinit2.o(.ARM.Collect$$libinit$$0000001D)
    .ARM.Collect$$libinit$$0000001F          0x08000158   Section        0  libinit2.o(.ARM.Collect$$libinit$$0000001F)
    .ARM.Collect$$libinit$$00000021          0x08000158   Section        0  libinit2.o(.ARM.Collect$$libinit$$00000021)
    .ARM.Collect$$libinit$$00000023          0x08000158   Section        0  libinit2.o(.ARM.Collect$$libinit$$00000023)
    .ARM.Collect$$libinit$$00000025          0x08000158   Section        0  libinit2.o(.ARM.Collect$$libinit$$00000025)
    .ARM.Collect$$libinit$$0000002C          0x08000158   Section        0  libinit2.o(.ARM.Collect$$libinit$$0000002C)
    .ARM.Collect$$libinit$$0000002E          0x08000158   Section        0  libinit2.o(.ARM.Collect$$libinit$$0000002E)
    .ARM.Collect$$libinit$$00000030          0x08000158   Section        0  libinit2.o(.ARM.Collect$$libinit$$00000030)
    .ARM.Collect$$libinit$$00000032          0x08000158   Section        0  libinit2.o(.ARM.Collect$$libinit$$00000032)
    .ARM.Collect$$libinit$$00000033          0x08000158   Section        2  libinit2.o(.ARM.Collect$$libinit$$00000033)
    .ARM.Collect$$libshutdown$$00000000      0x0800015a   Section        2  libshutdown.o(.ARM.Collect$$libshutdown$$00000000)
    .ARM.Collect$$libshutdown$$00000002      0x0800015c   Section        0  libshutdown2.o(.ARM.Collect$$libshutdown$$00000002)
    .ARM.Collect$$libshutdown$$00000004      0x0800015c   Section        0  libshutdown2.o(.ARM.Collect$$libshutdown$$00000004)
    .ARM.Collect$$libshutdown$$00000007      0x0800015c   Section        0  libshutdown2.o(.ARM.Collect$$libshutdown$$00000007)
    .ARM.Collect$$libshutdown$$0000000A      0x0800015c   Section        0  libshutdown2.o(.ARM.Collect$$libshutdown$$0000000A)
    .ARM.Collect$$libshutdown$$0000000C      0x0800015c   Section        0  libshutdown2.o(.ARM.Collect$$libshutdown$$0000000C)
    .ARM.Collect$$libshutdown$$0000000F      0x0800015c   Section        0  libshutdown2.o(.ARM.Collect$$libshutdown$$0000000F)
    .ARM.Collect$$libshutdown$$00000010      0x0800015c   Section        2  libshutdown2.o(.ARM.Collect$$libshutdown$$00000010)
    .ARM.Collect$$rtentry$$00000000          0x0800015e   Section        0  __rtentry.o(.ARM.Collect$$rtentry$$00000000)
    .ARM.Collect$$rtentry$$00000002          0x0800015e   Section        0  __rtentry2.o(.ARM.Collect$$rtentry$$00000002)
    .ARM.Collect$$rtentry$$00000004          0x0800015e   Section        6  __rtentry4.o(.ARM.Collect$$rtentry$$00000004)
    .ARM.Collect$$rtentry$$00000009          0x08000164   Section        0  __rtentry2.o(.ARM.Collect$$rtentry$$00000009)
    .ARM.Collect$$rtentry$$0000000A          0x08000164   Section        4  __rtentry2.o(.ARM.Collect$$rtentry$$0000000A)
    .ARM.Collect$$rtentry$$0000000C          0x08000168   Section        0  __rtentry2.o(.ARM.Collect$$rtentry$$0000000C)
    .ARM.Collect$$rtentry$$0000000D          0x08000168   Section        8  __rtentry2.o(.ARM.Collect$$rtentry$$0000000D)
    .ARM.Collect$$rtexit$$00000000           0x08000170   Section        2  rtexit.o(.ARM.Collect$$rtexit$$00000000)
    .ARM.Collect$$rtexit$$00000002           0x08000172   Section        0  rtexit2.o(.ARM.Collect$$rtexit$$00000002)
    .ARM.Collect$$rtexit$$00000003           0x08000172   Section        4  rtexit2.o(.ARM.Collect$$rtexit$$00000003)
    .ARM.Collect$$rtexit$$00000004           0x08000176   Section        6  rtexit2.o(.ARM.Collect$$rtexit$$00000004)
    .text                                    0x0800017c   Section       56  startup_stm32f030x6.o(.text)
    .text                                    0x080001b4   Section        0  __2sprintf.o(.text)
    .text                                    0x080001e0   Section        0  _printf_dec.o(.text)
    .text                                    0x0800024c   Section        0  __printf_flags_ss_wp.o(.text)
    .text                                    0x080003d4   Section      346  aeabi_sdiv.o(.text)
    .text                                    0x0800052e   Section        0  heapauxi.o(.text)
    .text                                    0x08000534   Section        0  f2d.o(.text)
    .text                                    0x08000588   Section        0  _printf_intcommon.o(.text)
    .text                                    0x08000638   Section        0  _printf_fp_dec.o(.text)
    _fp_digits                               0x0800063b   Thumb Code   412  _printf_fp_dec.o(.text)
    .text                                    0x08000a50   Section        0  _printf_char_common.o(.text)
    _printf_input_char                       0x08000a51   Thumb Code    10  _printf_char_common.o(.text)
    .text                                    0x08000a80   Section        0  _sputc.o(.text)
    .text                                    0x08000a8a   Section        0  rtudiv10.o(.text)
    .text                                    0x08000ab4   Section        8  rt_locale_intlibspace.o(.text)
    .text                                    0x08000abc   Section        0  lludiv10.o(.text)
    .text                                    0x08000b38   Section        0  _printf_fp_infnan.o(.text)
    .text                                    0x08000bc0   Section        0  bigflt0.o(.text)
    .text                                    0x08000c98   Section        0  btod.o(.text)
    btod_internal_mul                        0x08000cd9   Thumb Code   492  btod.o(.text)
    btod_internal_div                        0x08000ec5   Thumb Code   520  btod.o(.text)
    .text                                    0x08001218   Section        8  libspace.o(.text)
    .text                                    0x08001220   Section       62  sys_stackheap_outer.o(.text)
    .text                                    0x0800125e   Section        0  exit.o(.text)
    .text                                    0x08001270   Section        0  strcmp.o(.text)
    .text                                    0x080012f8   Section        0  sys_exit.o(.text)
    .text                                    0x08001304   Section        2  use_no_semi.o(.text)
    .text                                    0x08001306   Section        0  indicate_semi.o(.text)
    i.CRC16                                  0x08001308   Section        0  owen_485.o(i.CRC16)
    i.Clock_Init                             0x08001348   Section        0  system_init.o(i.Clock_Init)
    i.ConvertByteToFloat                     0x080013fc   Section        0  main.o(i.ConvertByteToFloat)
    i.Convert_Data_To_OwenData               0x08001418   Section        0  owen_485.o(i.Convert_Data_To_OwenData)
    i.Convert_OwenData_To_Data               0x08001430   Section        0  owen_485.o(i.Convert_OwenData_To_Data)
    i.DMA1_Channel2_3_IRQHandler             0x08001448   Section        0  main.o(i.DMA1_Channel2_3_IRQHandler)
    i.Delay_Init                             0x080016f0   Section        0  delay.o(i.Delay_Init)
    i.Delay_ms                               0x08001708   Section        0  delay.o(i.Delay_ms)
    i.GPIO_Init                              0x08001720   Section        0  system_init.o(i.GPIO_Init)
    i.I2c_Init                               0x0800175c   Section        0  i2c.o(i.I2c_Init)
    i.MB110_224_Get_Value                    0x0800183c   Section        0  owen_485.o(i.MB110_224_Get_Value)
    i.SysTick_Handler                        0x08001920   Section        0  delay.o(i.SysTick_Handler)
    i.SystemInit                             0x08001930   Section        0  system_stm32f0xx.o(i.SystemInit)
    i.TIM16_IRQHandler                       0x080019a4   Section        0  main.o(i.TIM16_IRQHandler)
    i.TRM101_GetTemperature                  0x080019f0   Section        0  owen_485.o(i.TRM101_GetTemperature)
    i.Timer16_Init                           0x08001ad0   Section        0  main.o(i.Timer16_Init)
    i.USART1_DMA_Init                        0x08001b28   Section        0  usart.o(i.USART1_DMA_Init)
    i.USART1_DMA_Send                        0x08001c28   Section        0  usart.o(i.USART1_DMA_Send)
    i.USART1_Init                            0x08001c54   Section        0  usart.o(i.USART1_Init)
    i.__ARM_common_ll_muluu                  0x08001d38   Section        0  btod.o(i.__ARM_common_ll_muluu)
    i.__ARM_fpclassify                       0x08001d68   Section        0  fpclassify.o(i.__ARM_fpclassify)
    i._is_digit                              0x08001d94   Section        0  __printf_wp.o(i._is_digit)
    i.i2c_BUSY                               0x08001da2   Section        0  i2c.o(i.i2c_BUSY)
    i.i2c_Start_addr                         0x08001db2   Section        0  i2c.o(i.i2c_Start_addr)
    i.i2c_Write                              0x08001df0   Section        0  i2c.o(i.i2c_Write)
    i.main                                   0x08001eb8   Section        0  main.o(i.main)
    i.ssd1306_DrawPixel                      0x08001f04   Section        0  ssd1306.o(i.ssd1306_DrawPixel)
    i.ssd1306_Fill                           0x08001fa8   Section        0  ssd1306.o(i.ssd1306_Fill)
    i.ssd1306_Init                           0x08001fcc   Section        0  ssd1306.o(i.ssd1306_Init)
    i.ssd1306_Reset                          0x0800209c   Section        0  ssd1306.o(i.ssd1306_Reset)
    i.ssd1306_SetCursor                      0x080020a0   Section        0  ssd1306.o(i.ssd1306_SetCursor)
    i.ssd1306_UpdateScreen                   0x080020ac   Section        0  ssd1306.o(i.ssd1306_UpdateScreen)
    i.ssd1306_WriteChar                      0x080020e4   Section        0  ssd1306.o(i.ssd1306_WriteChar)
    i.ssd1306_WriteCommand                   0x0800219c   Section        0  ssd1306.o(i.ssd1306_WriteCommand)
    i.ssd1306_WriteData                      0x080021cc   Section        0  ssd1306.o(i.ssd1306_WriteData)
    i.ssd1306_WriteString                    0x0800221c   Section        0  ssd1306.o(i.ssd1306_WriteString)
    locale$$code                             0x08002248   Section       44  lc_numeric_c.o(locale$$code)
    x$fpl$printf1                            0x08002274   Section       16  printf1.o(x$fpl$printf1)
    .constdata                               0x08002284   Section     3420  ssd1306_fonts.o(.constdata)
    x$fpl$usenofp                            0x08002284   Section        0  usenofp.o(x$fpl$usenofp)
    Font11x18                                0x08002284   Data        3420  ssd1306_fonts.o(.constdata)
    .constdata                               0x08002fe0   Section       17  __printf_flags_ss_wp.o(.constdata)
    maptable                                 0x08002fe0   Data          17  __printf_flags_ss_wp.o(.constdata)
    .constdata                               0x08002ff4   Section      148  bigflt0.o(.constdata)
    tenpwrs_x                                0x08002ff4   Data          60  bigflt0.o(.constdata)
    tenpwrs_i                                0x08003030   Data          64  bigflt0.o(.constdata)
    locale$$data                             0x080030a8   Section       28  lc_numeric_c.o(locale$$data)
    __lcnum_c_name                           0x080030ac   Data           2  lc_numeric_c.o(locale$$data)
    __lcnum_c_start                          0x080030b4   Data           0  lc_numeric_c.o(locale$$data)
    __lcnum_c_point                          0x080030c0   Data           0  lc_numeric_c.o(locale$$data)
    __lcnum_c_thousands                      0x080030c2   Data           0  lc_numeric_c.o(locale$$data)
    __lcnum_c_grouping                       0x080030c3   Data           0  lc_numeric_c.o(locale$$data)
    __lcnum_c_end                            0x080030c4   Data           0  lc_numeric_c.o(locale$$data)
    .data                                    0x20000000   Section       25  main.o(.data)
    .data                                    0x2000001c   Section        4  delay.o(.data)
    .data                                    0x20000020   Section        6  ssd1306.o(.data)
    SSD1306                                  0x20000020   Data           6  ssd1306.o(.data)
    .data                                    0x20000028   Section        8  ssd1306_fonts.o(.data)
    .bss                                     0x20000030   Section       40  main.o(.bss)
    .bss                                     0x20000058   Section     1040  ssd1306.o(.bss)
    SSD1306_Buffer                           0x20000058   Data        1040  ssd1306.o(.bss)
    .bss                                     0x20000468   Section       64  usart.o(.bss)
    .bss                                     0x200004a8   Section       96  libspace.o(.bss)
    HEAP                                     0x20000508   Section      512  startup_stm32f030x6.o(HEAP)
    Heap_Mem                                 0x20000508   Data         512  startup_stm32f030x6.o(HEAP)
    STACK                                    0x20000708   Section     1024  startup_stm32f030x6.o(STACK)
    Stack_Mem                                0x20000708   Data        1024  startup_stm32f030x6.o(STACK)
    __initial_sp                             0x20000b08   Data           0  startup_stm32f030x6.o(STACK)

    Global Symbols

    Symbol Name                              Value     Ov Type        Size  Object(Section)

    BuildAttributes$$THM_ISAv3M$S$PE$A:L22$X:L11$S22$IEEE1$IW$USESV6$~STKCKD$USESV7$~SHL$OTIME$ROPI$IEEEJ$EBA8$UX$STANDARDLIB$REQ8$PRES8$EABIv2 0x00000000   Number         0  anon$$obj.o ABSOLUTE
    __ARM_use_no_argv                        0x00000000   Number         0  main.o ABSOLUTE
    _printf_flags                            0x00000000   Number         0  printf_stubs.o ABSOLUTE
    _printf_return_value                     0x00000000   Number         0  printf_stubs.o ABSOLUTE
    _printf_sizespec                         0x00000000   Number         0  printf_stubs.o ABSOLUTE
    _printf_widthprec                        0x00000000   Number         0  printf_stubs.o ABSOLUTE
    __ARM_exceptions_init                     - Undefined Weak Reference
    __alloca_initialize                       - Undefined Weak Reference
    __arm_preinit_                            - Undefined Weak Reference
    __cpp_initialize__aeabi_                  - Undefined Weak Reference
    __cxa_finalize                            - Undefined Weak Reference
    __sigvec_lookup                           - Undefined Weak Reference
    _atexit_init                              - Undefined Weak Reference
    _call_atexit_fns                          - Undefined Weak Reference
    _clock_init                               - Undefined Weak Reference
    _fp_trap_init                             - Undefined Weak Reference
    _fp_trap_shutdown                         - Undefined Weak Reference
    _get_lc_collate                           - Undefined Weak Reference
    _get_lc_monetary                          - Undefined Weak Reference
    _get_lc_time                              - Undefined Weak Reference
    _getenv_init                              - Undefined Weak Reference
    _handle_redirection                       - Undefined Weak Reference
    _init_alloc                               - Undefined Weak Reference
    _init_user_alloc                          - Undefined Weak Reference
    _initio                                   - Undefined Weak Reference
    _printf_mbtowc                            - Undefined Weak Reference
    _printf_wc                                - Undefined Weak Reference
    _rand_init                                - Undefined Weak Reference
    _signal_finish                            - Undefined Weak Reference
    _signal_init                              - Undefined Weak Reference
    _terminate_alloc                          - Undefined Weak Reference
    _terminate_user_alloc                     - Undefined Weak Reference
    _terminateio                              - Undefined Weak Reference
    __Vectors_Size                           0x000000b0   Number         0  startup_stm32f030x6.o ABSOLUTE
    __Vectors                                0x08000000   Data           4  startup_stm32f030x6.o(RESET)
    __Vectors_End                            0x080000b0   Data           0  startup_stm32f030x6.o(RESET)
    __main                                   0x080000b1   Thumb Code     8  __main.o(!!!main)
    __scatterload                            0x080000b9   Thumb Code     0  __scatter.o(!!!scatter)
    __scatterload_rt2                        0x080000b9   Thumb Code    52  __scatter.o(!!!scatter)
    __scatterload_rt2_thumb_only             0x080000b9   Thumb Code     0  __scatter.o(!!!scatter)
    __scatterload_null                       0x080000c9   Thumb Code     0  __scatter.o(!!!scatter)
    __scatterload_copy                       0x080000f5   Thumb Code    26  __scatter_copy.o(!!handler_copy)
    __scatterload_zeroinit                   0x08000111   Thumb Code    28  __scatter_zi.o(!!handler_zi)
    _printf_percent                          0x0800012d   Thumb Code     0  _printf_percent.o(.ARM.Collect$$_printf_percent$$00000000)
    _printf_f                                0x0800012f   Thumb Code     0  _printf_f.o(.ARM.Collect$$_printf_percent$$00000003)
    _printf_u                                0x08000139   Thumb Code     0  _printf_u.o(.ARM.Collect$$_printf_percent$$0000000A)
    _printf_percent_end                      0x08000143   Thumb Code     0  _printf_percent_end.o(.ARM.Collect$$_printf_percent$$00000017)
    __rt_lib_init                            0x08000147   Thumb Code     0  libinit.o(.ARM.Collect$$libinit$$00000000)
    __rt_lib_init_fp_1                       0x08000149   Thumb Code     0  libinit2.o(.ARM.Collect$$libinit$$00000002)
    __rt_lib_init_heap_1                     0x08000149   Thumb Code     0  libinit2.o(.ARM.Collect$$libinit$$0000000A)
    __rt_lib_init_lc_common                  0x08000149   Thumb Code     0  libinit2.o(.ARM.Collect$$libinit$$0000000F)
    __rt_lib_init_preinit_1                  0x08000149   Thumb Code     0  libinit2.o(.ARM.Collect$$libinit$$00000004)
    __rt_lib_init_rand_1                     0x08000149   Thumb Code     0  libinit2.o(.ARM.Collect$$libinit$$0000000E)
    __rt_lib_init_user_alloc_1               0x08000149   Thumb Code     0  libinit2.o(.ARM.Collect$$libinit$$0000000C)
    __rt_lib_init_lc_collate_1               0x0800014f   Thumb Code     0  libinit2.o(.ARM.Collect$$libinit$$00000011)
    __rt_lib_init_lc_ctype_1                 0x0800014f   Thumb Code     0  libinit2.o(.ARM.Collect$$libinit$$00000013)
    __rt_lib_init_lc_monetary_1              0x0800014f   Thumb Code     0  libinit2.o(.ARM.Collect$$libinit$$00000015)
    __rt_lib_init_lc_numeric_2               0x0800014f   Thumb Code     0  libinit2.o(.ARM.Collect$$libinit$$00000016)
    __rt_lib_init_alloca_1                   0x08000159   Thumb Code     0  libinit2.o(.ARM.Collect$$libinit$$0000002E)
    __rt_lib_init_argv_1                     0x08000159   Thumb Code     0  libinit2.o(.ARM.Collect$$libinit$$0000002C)
    __rt_lib_init_atexit_1                   0x08000159   Thumb Code     0  libinit2.o(.ARM.Collect$$libinit$$0000001B)
    __rt_lib_init_clock_1                    0x08000159   Thumb Code     0  libinit2.o(.ARM.Collect$$libinit$$00000021)
    __rt_lib_init_cpp_1                      0x08000159   Thumb Code     0  libinit2.o(.ARM.Collect$$libinit$$00000032)
    __rt_lib_init_exceptions_1               0x08000159   Thumb Code     0  libinit2.o(.ARM.Collect$$libinit$$00000030)
    __rt_lib_init_fp_trap_1                  0x08000159   Thumb Code     0  libinit2.o(.ARM.Collect$$libinit$$0000001F)
    __rt_lib_init_getenv_1                   0x08000159   Thumb Code     0  libinit2.o(.ARM.Collect$$libinit$$00000023)
    __rt_lib_init_lc_numeric_1               0x08000159   Thumb Code     0  libinit2.o(.ARM.Collect$$libinit$$00000017)
    __rt_lib_init_lc_time_1                  0x08000159   Thumb Code     0  libinit2.o(.ARM.Collect$$libinit$$00000019)
    __rt_lib_init_return                     0x08000159   Thumb Code     0  libinit2.o(.ARM.Collect$$libinit$$00000033)
    __rt_lib_init_signal_1                   0x08000159   Thumb Code     0  libinit2.o(.ARM.Collect$$libinit$$0000001D)
    __rt_lib_init_stdio_1                    0x08000159   Thumb Code     0  libinit2.o(.ARM.Collect$$libinit$$00000025)
    __rt_lib_shutdown                        0x0800015b   Thumb Code     0  libshutdown.o(.ARM.Collect$$libshutdown$$00000000)
    __rt_lib_shutdown_cpp_1                  0x0800015d   Thumb Code     0  libshutdown2.o(.ARM.Collect$$libshutdown$$00000002)
    __rt_lib_shutdown_fp_trap_1              0x0800015d   Thumb Code     0  libshutdown2.o(.ARM.Collect$$libshutdown$$00000007)
    __rt_lib_shutdown_heap_1                 0x0800015d   Thumb Code     0  libshutdown2.o(.ARM.Collect$$libshutdown$$0000000F)
    __rt_lib_shutdown_return                 0x0800015d   Thumb Code     0  libshutdown2.o(.ARM.Collect$$libshutdown$$00000010)
    __rt_lib_shutdown_signal_1               0x0800015d   Thumb Code     0  libshutdown2.o(.ARM.Collect$$libshutdown$$0000000A)
    __rt_lib_shutdown_stdio_1                0x0800015d   Thumb Code     0  libshutdown2.o(.ARM.Collect$$libshutdown$$00000004)
    __rt_lib_shutdown_user_alloc_1           0x0800015d   Thumb Code     0  libshutdown2.o(.ARM.Collect$$libshutdown$$0000000C)
    __rt_entry                               0x0800015f   Thumb Code     0  __rtentry.o(.ARM.Collect$$rtentry$$00000000)
    __rt_entry_presh_1                       0x0800015f   Thumb Code     0  __rtentry2.o(.ARM.Collect$$rtentry$$00000002)
    __rt_entry_sh                            0x0800015f   Thumb Code     0  __rtentry4.o(.ARM.Collect$$rtentry$$00000004)
    __rt_entry_li                            0x08000165   Thumb Code     0  __rtentry2.o(.ARM.Collect$$rtentry$$0000000A)
    __rt_entry_postsh_1                      0x08000165   Thumb Code     0  __rtentry2.o(.ARM.Collect$$rtentry$$00000009)
    __rt_entry_main                          0x08000169   Thumb Code     0  __rtentry2.o(.ARM.Collect$$rtentry$$0000000D)
    __rt_entry_postli_1                      0x08000169   Thumb Code     0  __rtentry2.o(.ARM.Collect$$rtentry$$0000000C)
    __rt_exit                                0x08000171   Thumb Code     0  rtexit.o(.ARM.Collect$$rtexit$$00000000)
    __rt_exit_ls                             0x08000173   Thumb Code     0  rtexit2.o(.ARM.Collect$$rtexit$$00000003)
    __rt_exit_prels_1                        0x08000173   Thumb Code     0  rtexit2.o(.ARM.Collect$$rtexit$$00000002)
    __rt_exit_exit                           0x08000177   Thumb Code     0  rtexit2.o(.ARM.Collect$$rtexit$$00000004)
    Reset_Handler                            0x0800017d   Thumb Code     8  startup_stm32f030x6.o(.text)
    NMI_Handler                              0x08000185   Thumb Code     2  startup_stm32f030x6.o(.text)
    HardFault_Handler                        0x08000187   Thumb Code     2  startup_stm32f030x6.o(.text)
    SVC_Handler                              0x08000189   Thumb Code     2  startup_stm32f030x6.o(.text)
    PendSV_Handler                           0x0800018b   Thumb Code     2  startup_stm32f030x6.o(.text)
    ADC1_IRQHandler                          0x0800018f   Thumb Code     0  startup_stm32f030x6.o(.text)
    DMA1_Channel1_IRQHandler                 0x0800018f   Thumb Code     0  startup_stm32f030x6.o(.text)
    DMA1_Channel4_5_IRQHandler               0x0800018f   Thumb Code     0  startup_stm32f030x6.o(.text)
    EXTI0_1_IRQHandler                       0x0800018f   Thumb Code     0  startup_stm32f030x6.o(.text)
    EXTI2_3_IRQHandler                       0x0800018f   Thumb Code     0  startup_stm32f030x6.o(.text)
    EXTI4_15_IRQHandler                      0x0800018f   Thumb Code     0  startup_stm32f030x6.o(.text)
    FLASH_IRQHandler                         0x0800018f   Thumb Code     0  startup_stm32f030x6.o(.text)
    I2C1_IRQHandler                          0x0800018f   Thumb Code     0  startup_stm32f030x6.o(.text)
    RCC_IRQHandler                           0x0800018f   Thumb Code     0  startup_stm32f030x6.o(.text)
    RTC_IRQHandler                           0x0800018f   Thumb Code     0  startup_stm32f030x6.o(.text)
    SPI1_IRQHandler                          0x0800018f   Thumb Code     0  startup_stm32f030x6.o(.text)
    TIM14_IRQHandler                         0x0800018f   Thumb Code     0  startup_stm32f030x6.o(.text)
    TIM17_IRQHandler                         0x0800018f   Thumb Code     0  startup_stm32f030x6.o(.text)
    TIM1_BRK_UP_TRG_COM_IRQHandler           0x0800018f   Thumb Code     0  startup_stm32f030x6.o(.text)
    TIM1_CC_IRQHandler                       0x0800018f   Thumb Code     0  startup_stm32f030x6.o(.text)
    TIM3_IRQHandler                          0x0800018f   Thumb Code     0  startup_stm32f030x6.o(.text)
    USART1_IRQHandler                        0x0800018f   Thumb Code     0  startup_stm32f030x6.o(.text)
    WWDG_IRQHandler                          0x0800018f   Thumb Code     0  startup_stm32f030x6.o(.text)
    __user_initial_stackheap                 0x08000191   Thumb Code     0  startup_stm32f030x6.o(.text)
    __2sprintf                               0x080001b5   Thumb Code    40  __2sprintf.o(.text)
    _printf_int_dec                          0x080001e1   Thumb Code    90  _printf_dec.o(.text)
    __printf                                 0x0800024d   Thumb Code   386  __printf_flags_ss_wp.o(.text)
    __aeabi_uidiv                            0x080003d5   Thumb Code     0  aeabi_sdiv.o(.text)
    __aeabi_uidivmod                         0x080003d5   Thumb Code    20  aeabi_sdiv.o(.text)
    __aeabi_idiv                             0x080003e9   Thumb Code     0  aeabi_sdiv.o(.text)
    __aeabi_idivmod                          0x080003e9   Thumb Code   326  aeabi_sdiv.o(.text)
    __use_two_region_memory                  0x0800052f   Thumb Code     2  heapauxi.o(.text)
    __rt_heap_escrow$2region                 0x08000531   Thumb Code     2  heapauxi.o(.text)
    __rt_heap_expand$2region                 0x08000533   Thumb Code     2  heapauxi.o(.text)
    __aeabi_f2d                              0x08000535   Thumb Code     0  f2d.o(.text)
    _f2d                                     0x08000535   Thumb Code    80  f2d.o(.text)
    _printf_int_common                       0x08000589   Thumb Code   176  _printf_intcommon.o(.text)
    __lib_sel_fp_printf                      0x08000639   Thumb Code     2  _printf_fp_dec.o(.text)
    _printf_fp_dec_real                      0x080007d7   Thumb Code   620  _printf_fp_dec.o(.text)
    _printf_char_common                      0x08000a5b   Thumb Code    32  _printf_char_common.o(.text)
    _sputc                                   0x08000a81   Thumb Code    10  _sputc.o(.text)
    __rt_udiv10                              0x08000a8b   Thumb Code    40  rtudiv10.o(.text)
    __rt_locale                              0x08000ab5   Thumb Code     8  rt_locale_intlibspace.o(.text)
    _ll_udiv10                               0x08000abd   Thumb Code   122  lludiv10.o(.text)
    _printf_fp_infnan                        0x08000b39   Thumb Code   120  _printf_fp_infnan.o(.text)
    _btod_etento                             0x08000bc1   Thumb Code   210  bigflt0.o(.text)
    _btod_d2e                                0x08000c99   Thumb Code    64  btod.o(.text)
    _btod_emul                               0x080010cd   Thumb Code    28  btod.o(.text)
    _btod_emuld                              0x080010e9   Thumb Code   144  btod.o(.text)
    _btod_ediv                               0x08001179   Thumb Code    26  btod.o(.text)
    _btod_edivd                              0x08001193   Thumb Code   124  btod.o(.text)
    __user_libspace                          0x08001219   Thumb Code     8  libspace.o(.text)
    __user_perproc_libspace                  0x08001219   Thumb Code     0  libspace.o(.text)
    __user_perthread_libspace                0x08001219   Thumb Code     0  libspace.o(.text)
    __user_setup_stackheap                   0x08001221   Thumb Code    62  sys_stackheap_outer.o(.text)
    exit                                     0x0800125f   Thumb Code    16  exit.o(.text)
    strcmp                                   0x08001271   Thumb Code   132  strcmp.o(.text)
    _sys_exit                                0x080012f9   Thumb Code     8  sys_exit.o(.text)
    __I$use$semihosting                      0x08001305   Thumb Code     0  use_no_semi.o(.text)
    __use_no_semihosting_swi                 0x08001305   Thumb Code     2  use_no_semi.o(.text)
    __semihosting_library_function           0x08001307   Thumb Code     0  indicate_semi.o(.text)
    CRC16                                    0x08001309   Thumb Code    60  owen_485.o(i.CRC16)
    Clock_Init                               0x08001349   Thumb Code   172  system_init.o(i.Clock_Init)
    ConvertByteToFloat                       0x080013fd   Thumb Code    28  main.o(i.ConvertByteToFloat)
    Convert_Data_To_OwenData                 0x08001419   Thumb Code    24  owen_485.o(i.Convert_Data_To_OwenData)
    Convert_OwenData_To_Data                 0x08001431   Thumb Code    22  owen_485.o(i.Convert_OwenData_To_Data)
    DMA1_Channel2_3_IRQHandler               0x08001449   Thumb Code   584  main.o(i.DMA1_Channel2_3_IRQHandler)
    Delay_Init                               0x080016f1   Thumb Code    14  delay.o(i.Delay_Init)
    Delay_ms                                 0x08001709   Thumb Code    18  delay.o(i.Delay_ms)
    GPIO_Init                                0x08001721   Thumb Code    52  system_init.o(i.GPIO_Init)
    I2c_Init                                 0x0800175d   Thumb Code   210  i2c.o(i.I2c_Init)
    MB110_224_Get_Value                      0x0800183d   Thumb Code   214  owen_485.o(i.MB110_224_Get_Value)
    SysTick_Handler                          0x08001921   Thumb Code    12  delay.o(i.SysTick_Handler)
    SystemInit                               0x08001931   Thumb Code   104  system_stm32f0xx.o(i.SystemInit)
    TIM16_IRQHandler                         0x080019a5   Thumb Code    58  main.o(i.TIM16_IRQHandler)
    TRM101_GetTemperature                    0x080019f1   Thumb Code   210  owen_485.o(i.TRM101_GetTemperature)
    Timer16_Init                             0x08001ad1   Thumb Code    72  main.o(i.Timer16_Init)
    USART1_DMA_Init                          0x08001b29   Thumb Code   232  usart.o(i.USART1_DMA_Init)
    USART1_DMA_Send                          0x08001c29   Thumb Code    40  usart.o(i.USART1_DMA_Send)
    USART1_Init                              0x08001c55   Thumb Code   220  usart.o(i.USART1_Init)
    __ARM_common_ll_muluu                    0x08001d39   Thumb Code    48  btod.o(i.__ARM_common_ll_muluu)
    __ARM_fpclassify                         0x08001d69   Thumb Code    40  fpclassify.o(i.__ARM_fpclassify)
    _is_digit                                0x08001d95   Thumb Code    14  __printf_wp.o(i._is_digit)
    i2c_BUSY                                 0x08001da3   Thumb Code    16  i2c.o(i.i2c_BUSY)
    i2c_Start_addr                           0x08001db3   Thumb Code    62  i2c.o(i.i2c_Start_addr)
    i2c_Write                                0x08001df1   Thumb Code   180  i2c.o(i.i2c_Write)
    main                                     0x08001eb9   Thumb Code    60  main.o(i.main)
    ssd1306_DrawPixel                        0x08001f05   Thumb Code   156  ssd1306.o(i.ssd1306_DrawPixel)
    ssd1306_Fill                             0x08001fa9   Thumb Code    32  ssd1306.o(i.ssd1306_Fill)
    ssd1306_Init                             0x08001fcd   Thumb Code   204  ssd1306.o(i.ssd1306_Init)
    ssd1306_Reset                            0x0800209d   Thumb Code     2  ssd1306.o(i.ssd1306_Reset)
    ssd1306_SetCursor                        0x080020a1   Thumb Code     8  ssd1306.o(i.ssd1306_SetCursor)
    ssd1306_UpdateScreen                     0x080020ad   Thumb Code    52  ssd1306.o(i.ssd1306_UpdateScreen)
    ssd1306_WriteChar                        0x080020e5   Thumb Code   178  ssd1306.o(i.ssd1306_WriteChar)
    ssd1306_WriteCommand                     0x0800219d   Thumb Code    42  ssd1306.o(i.ssd1306_WriteCommand)
    ssd1306_WriteData                        0x080021cd   Thumb Code    76  ssd1306.o(i.ssd1306_WriteData)
    ssd1306_WriteString                      0x0800221d   Thumb Code    44  ssd1306.o(i.ssd1306_WriteString)
    _get_lc_numeric                          0x08002249   Thumb Code    44  lc_numeric_c.o(locale$$code)
    _printf_fp_dec                           0x08002275   Thumb Code    16  printf1.o(x$fpl$printf1)
    __I$use$fp                               0x08002284   Number         0  usenofp.o(x$fpl$usenofp)
    Region$$Table$$Base                      0x08003088   Number         0  anon$$obj.o(Region$$Table)
    Region$$Table$$Limit                     0x080030a8   Number         0  anon$$obj.o(Region$$Table)
    owen_addr                                0x20000000   Data           1  main.o(.data)
    hash                                     0x20000002   Data           2  main.o(.data)
    bT                                       0x20000004   Data           4  main.o(.data)
    Temp                                     0x20000008   Data           4  main.o(.data)
    Volts                                    0x2000000c   Data           4  main.o(.data)
    Weight                                   0x20000010   Data           4  main.o(.data)
    status                                   0x20000014   Data           1  main.o(.data)
    i                                        0x20000016   Data           2  main.o(.data)
    dma_cndt                                 0x20000018   Data           1  main.o(.data)
    msTicks                                  0x2000001c   Data           4  delay.o(.data)
    Font_11x18                               0x20000028   Data           8  ssd1306_fonts.o(.data)
    str                                      0x20000030   Data          20  main.o(.bss)
    str1                                     0x20000044   Data          20  main.o(.bss)
    rx_buffer                                0x20000468   Data          32  usart.o(.bss)
    tx_buffer                                0x20000488   Data          32  usart.o(.bss)
    __libspace_start                         0x200004a8   Data          96  libspace.o(.bss)
    __temporary_stack_top$libspace           0x20000508   Data           0  libspace.o(.bss)



==============================================================================

Memory Map of the image

  Image Entry point : 0x080000b1

  Load Region LR_IROM1 (Base: 0x08000000, Size: 0x000030f4, Max: 0x00004000, ABSOLUTE)

    Execution Region ER_IROM1 (Exec base: 0x08000000, Load base: 0x08000000, Size: 0x000030c4, Max: 0x00004000, ABSOLUTE)

    Exec Addr    Load Addr    Size         Type   Attr      Idx    E Section Name        Object

    0x08000000   0x08000000   0x000000b0   Data   RO         1202    RESET               startup_stm32f030x6.o
    0x080000b0   0x080000b0   0x00000008   Code   RO         1250  * !!!main             c_p.l(__main.o)
    0x080000b8   0x080000b8   0x0000003c   Code   RO         1568    !!!scatter          c_p.l(__scatter.o)
    0x080000f4   0x080000f4   0x0000001a   Code   RO         1570    !!handler_copy      c_p.l(__scatter_copy.o)
    0x0800010e   0x0800010e   0x00000002   PAD
    0x08000110   0x08000110   0x0000001c   Code   RO         1572    !!handler_zi        c_p.l(__scatter_zi.o)
    0x0800012c   0x0800012c   0x00000002   Code   RO         1241    .ARM.Collect$$_printf_percent$$00000000  c_p.l(_printf_percent.o)
    0x0800012e   0x0800012e   0x0000000a   Code   RO         1240    .ARM.Collect$$_printf_percent$$00000003  c_p.l(_printf_f.o)
    0x08000138   0x08000138   0x0000000a   Code   RO         1239    .ARM.Collect$$_printf_percent$$0000000A  c_p.l(_printf_u.o)
    0x08000142   0x08000142   0x00000004   Code   RO         1346    .ARM.Collect$$_printf_percent$$00000017  c_p.l(_printf_percent_end.o)
    0x08000146   0x08000146   0x00000002   Code   RO         1437    .ARM.Collect$$libinit$$00000000  c_p.l(libinit.o)
    0x08000148   0x08000148   0x00000000   Code   RO         1439    .ARM.Collect$$libinit$$00000002  c_p.l(libinit2.o)
    0x08000148   0x08000148   0x00000000   Code   RO         1441    .ARM.Collect$$libinit$$00000004  c_p.l(libinit2.o)
    0x08000148   0x08000148   0x00000000   Code   RO         1444    .ARM.Collect$$libinit$$0000000A  c_p.l(libinit2.o)
    0x08000148   0x08000148   0x00000000   Code   RO         1446    .ARM.Collect$$libinit$$0000000C  c_p.l(libinit2.o)
    0x08000148   0x08000148   0x00000000   Code   RO         1448    .ARM.Collect$$libinit$$0000000E  c_p.l(libinit2.o)
    0x08000148   0x08000148   0x00000006   Code   RO         1449    .ARM.Collect$$libinit$$0000000F  c_p.l(libinit2.o)
    0x0800014e   0x0800014e   0x00000000   Code   RO         1451    .ARM.Collect$$libinit$$00000011  c_p.l(libinit2.o)
    0x0800014e   0x0800014e   0x00000000   Code   RO         1453    .ARM.Collect$$libinit$$00000013  c_p.l(libinit2.o)
    0x0800014e   0x0800014e   0x00000000   Code   RO         1455    .ARM.Collect$$libinit$$00000015  c_p.l(libinit2.o)
    0x0800014e   0x0800014e   0x0000000a   Code   RO         1456    .ARM.Collect$$libinit$$00000016  c_p.l(libinit2.o)
    0x08000158   0x08000158   0x00000000   Code   RO         1457    .ARM.Collect$$libinit$$00000017  c_p.l(libinit2.o)
    0x08000158   0x08000158   0x00000000   Code   RO         1459    .ARM.Collect$$libinit$$00000019  c_p.l(libinit2.o)
    0x08000158   0x08000158   0x00000000   Code   RO         1461    .ARM.Collect$$libinit$$0000001B  c_p.l(libinit2.o)
    0x08000158   0x08000158   0x00000000   Code   RO         1463    .ARM.Collect$$libinit$$0000001D  c_p.l(libinit2.o)
    0x08000158   0x08000158   0x00000000   Code   RO         1465    .ARM.Collect$$libinit$$0000001F  c_p.l(libinit2.o)
    0x08000158   0x08000158   0x00000000   Code   RO         1467    .ARM.Collect$$libinit$$00000021  c_p.l(libinit2.o)
    0x08000158   0x08000158   0x00000000   Code   RO         1469    .ARM.Collect$$libinit$$00000023  c_p.l(libinit2.o)
    0x08000158   0x08000158   0x00000000   Code   RO         1471    .ARM.Collect$$libinit$$00000025  c_p.l(libinit2.o)
    0x08000158   0x08000158   0x00000000   Code   RO         1475    .ARM.Collect$$libinit$$0000002C  c_p.l(libinit2.o)
    0x08000158   0x08000158   0x00000000   Code   RO         1477    .ARM.Collect$$libinit$$0000002E  c_p.l(libinit2.o)
    0x08000158   0x08000158   0x00000000   Code   RO         1479    .ARM.Collect$$libinit$$00000030  c_p.l(libinit2.o)
    0x08000158   0x08000158   0x00000000   Code   RO         1481    .ARM.Collect$$libinit$$00000032  c_p.l(libinit2.o)
    0x08000158   0x08000158   0x00000002   Code   RO         1482    .ARM.Collect$$libinit$$00000033  c_p.l(libinit2.o)
    0x0800015a   0x0800015a   0x00000002   Code   RO         1533    .ARM.Collect$$libshutdown$$00000000  c_p.l(libshutdown.o)
    0x0800015c   0x0800015c   0x00000000   Code   RO         1551    .ARM.Collect$$libshutdown$$00000002  c_p.l(libshutdown2.o)
    0x0800015c   0x0800015c   0x00000000   Code   RO         1553    .ARM.Collect$$libshutdown$$00000004  c_p.l(libshutdown2.o)
    0x0800015c   0x0800015c   0x00000000   Code   RO         1556    .ARM.Collect$$libshutdown$$00000007  c_p.l(libshutdown2.o)
    0x0800015c   0x0800015c   0x00000000   Code   RO         1559    .ARM.Collect$$libshutdown$$0000000A  c_p.l(libshutdown2.o)
    0x0800015c   0x0800015c   0x00000000   Code   RO         1561    .ARM.Collect$$libshutdown$$0000000C  c_p.l(libshutdown2.o)
    0x0800015c   0x0800015c   0x00000000   Code   RO         1564    .ARM.Collect$$libshutdown$$0000000F  c_p.l(libshutdown2.o)
    0x0800015c   0x0800015c   0x00000002   Code   RO         1565    .ARM.Collect$$libshutdown$$00000010  c_p.l(libshutdown2.o)
    0x0800015e   0x0800015e   0x00000000   Code   RO         1280    .ARM.Collect$$rtentry$$00000000  c_p.l(__rtentry.o)
    0x0800015e   0x0800015e   0x00000000   Code   RO         1366    .ARM.Collect$$rtentry$$00000002  c_p.l(__rtentry2.o)
    0x0800015e   0x0800015e   0x00000006   Code   RO         1378    .ARM.Collect$$rtentry$$00000004  c_p.l(__rtentry4.o)
    0x08000164   0x08000164   0x00000000   Code   RO         1368    .ARM.Collect$$rtentry$$00000009  c_p.l(__rtentry2.o)
    0x08000164   0x08000164   0x00000004   Code   RO         1369    .ARM.Collect$$rtentry$$0000000A  c_p.l(__rtentry2.o)
    0x08000168   0x08000168   0x00000000   Code   RO         1371    .ARM.Collect$$rtentry$$0000000C  c_p.l(__rtentry2.o)
    0x08000168   0x08000168   0x00000008   Code   RO         1372    .ARM.Collect$$rtentry$$0000000D  c_p.l(__rtentry2.o)
    0x08000170   0x08000170   0x00000002   Code   RO         1484    .ARM.Collect$$rtexit$$00000000  c_p.l(rtexit.o)
    0x08000172   0x08000172   0x00000000   Code   RO         1502    .ARM.Collect$$rtexit$$00000002  c_p.l(rtexit2.o)
    0x08000172   0x08000172   0x00000004   Code   RO         1503    .ARM.Collect$$rtexit$$00000003  c_p.l(rtexit2.o)
    0x08000176   0x08000176   0x00000006   Code   RO         1504    .ARM.Collect$$rtexit$$00000004  c_p.l(rtexit2.o)
    0x0800017c   0x0800017c   0x00000038   Code   RO         1203    .text               startup_stm32f030x6.o
    0x080001b4   0x080001b4   0x0000002c   Code   RO         1211    .text               c_p.l(__2sprintf.o)
    0x080001e0   0x080001e0   0x0000006c   Code   RO         1217    .text               c_p.l(_printf_dec.o)
    0x0800024c   0x0800024c   0x00000188   Code   RO         1236    .text               c_p.l(__printf_flags_ss_wp.o)
    0x080003d4   0x080003d4   0x0000015a   Code   RO         1244    .text               c_p.l(aeabi_sdiv.o)
    0x0800052e   0x0800052e   0x00000006   Code   RO         1248    .text               c_p.l(heapauxi.o)
    0x08000534   0x08000534   0x00000054   Code   RO         1261    .text               fz_ps.l(f2d.o)
    0x08000588   0x08000588   0x000000b0   Code   RO         1291    .text               c_p.l(_printf_intcommon.o)
    0x08000638   0x08000638   0x00000418   Code   RO         1295    .text               c_p.l(_printf_fp_dec.o)
    0x08000a50   0x08000a50   0x00000030   Code   RO         1297    .text               c_p.l(_printf_char_common.o)
    0x08000a80   0x08000a80   0x0000000a   Code   RO         1299    .text               c_p.l(_sputc.o)
    0x08000a8a   0x08000a8a   0x00000028   Code   RO         1356    .text               c_p.l(rtudiv10.o)
    0x08000ab2   0x08000ab2   0x00000002   PAD
    0x08000ab4   0x08000ab4   0x00000008   Code   RO         1385    .text               c_p.l(rt_locale_intlibspace.o)
    0x08000abc   0x08000abc   0x0000007a   Code   RO         1387    .text               c_p.l(lludiv10.o)
    0x08000b36   0x08000b36   0x00000002   PAD
    0x08000b38   0x08000b38   0x00000088   Code   RO         1392    .text               c_p.l(_printf_fp_infnan.o)
    0x08000bc0   0x08000bc0   0x000000d8   Code   RO         1400    .text               c_p.l(bigflt0.o)
    0x08000c98   0x08000c98   0x00000580   Code   RO         1403    .text               c_p.l(btod.o)
    0x08001218   0x08001218   0x00000008   Code   RO         1416    .text               c_p.l(libspace.o)
    0x08001220   0x08001220   0x0000003e   Code   RO         1419    .text               c_p.l(sys_stackheap_outer.o)
    0x0800125e   0x0800125e   0x00000010   Code   RO         1424    .text               c_p.l(exit.o)
    0x0800126e   0x0800126e   0x00000002   PAD
    0x08001270   0x08001270   0x00000088   Code   RO         1430    .text               c_p.l(strcmp.o)
    0x080012f8   0x080012f8   0x0000000c   Code   RO         1499    .text               c_p.l(sys_exit.o)
    0x08001304   0x08001304   0x00000002   Code   RO         1520    .text               c_p.l(use_no_semi.o)
    0x08001306   0x08001306   0x00000000   Code   RO         1522    .text               c_p.l(indicate_semi.o)
    0x08001306   0x08001306   0x00000002   PAD
    0x08001308   0x08001308   0x00000040   Code   RO         1151    i.CRC16             owen_485.o
    0x08001348   0x08001348   0x000000b4   Code   RO          178    i.Clock_Init        system_init.o
    0x080013fc   0x080013fc   0x0000001c   Code   RO           60    i.ConvertByteToFloat  main.o
    0x08001418   0x08001418   0x00000018   Code   RO         1152    i.Convert_Data_To_OwenData  owen_485.o
    0x08001430   0x08001430   0x00000016   Code   RO         1153    i.Convert_OwenData_To_Data  owen_485.o
    0x08001446   0x08001446   0x00000002   PAD
    0x08001448   0x08001448   0x000002a8   Code   RO           61    i.DMA1_Channel2_3_IRQHandler  main.o
    0x080016f0   0x080016f0   0x00000018   Code   RO          204    i.Delay_Init        delay.o
    0x08001708   0x08001708   0x00000018   Code   RO          205    i.Delay_ms          delay.o
    0x08001720   0x08001720   0x0000003c   Code   RO          179    i.GPIO_Init         system_init.o
    0x0800175c   0x0800175c   0x000000e0   Code   RO          271    i.I2c_Init          i2c.o
    0x0800183c   0x0800183c   0x000000e4   Code   RO         1154    i.MB110_224_Get_Value  owen_485.o
    0x08001920   0x08001920   0x00000010   Code   RO          207    i.SysTick_Handler   delay.o
    0x08001930   0x08001930   0x00000074   Code   RO            4    i.SystemInit        system_stm32f0xx.o
    0x080019a4   0x080019a4   0x0000004c   Code   RO           62    i.TIM16_IRQHandler  main.o
    0x080019f0   0x080019f0   0x000000e0   Code   RO         1156    i.TRM101_GetTemperature  owen_485.o
    0x08001ad0   0x08001ad0   0x00000058   Code   RO           63    i.Timer16_Init      main.o
    0x08001b28   0x08001b28   0x00000100   Code   RO          713    i.USART1_DMA_Init   usart.o
    0x08001c28   0x08001c28   0x0000002c   Code   RO          715    i.USART1_DMA_Send   usart.o
    0x08001c54   0x08001c54   0x000000e4   Code   RO          717    i.USART1_Init       usart.o
    0x08001d38   0x08001d38   0x00000030   Code   RO         1405    i.__ARM_common_ll_muluu  c_p.l(btod.o)
    0x08001d68   0x08001d68   0x0000002c   Code   RO         1414    i.__ARM_fpclassify  m_ps.l(fpclassify.o)
    0x08001d94   0x08001d94   0x0000000e   Code   RO         1229    i._is_digit         c_p.l(__printf_wp.o)
    0x08001da2   0x08001da2   0x00000010   Code   RO          272    i.i2c_BUSY          i2c.o
    0x08001db2   0x08001db2   0x0000003e   Code   RO          274    i.i2c_Start_addr    i2c.o
    0x08001df0   0x08001df0   0x000000c8   Code   RO          275    i.i2c_Write         i2c.o
    0x08001eb8   0x08001eb8   0x0000004c   Code   RO           64    i.main              main.o
    0x08001f04   0x08001f04   0x000000a4   Code   RO          398    i.ssd1306_DrawPixel  ssd1306.o
    0x08001fa8   0x08001fa8   0x00000024   Code   RO          399    i.ssd1306_Fill      ssd1306.o
    0x08001fcc   0x08001fcc   0x000000d0   Code   RO          400    i.ssd1306_Init      ssd1306.o
    0x0800209c   0x0800209c   0x00000002   Code   RO          401    i.ssd1306_Reset     ssd1306.o
    0x0800209e   0x0800209e   0x00000002   PAD
    0x080020a0   0x080020a0   0x0000000c   Code   RO          402    i.ssd1306_SetCursor  ssd1306.o
    0x080020ac   0x080020ac   0x00000038   Code   RO          403    i.ssd1306_UpdateScreen  ssd1306.o
    0x080020e4   0x080020e4   0x000000b8   Code   RO          404    i.ssd1306_WriteChar  ssd1306.o
    0x0800219c   0x0800219c   0x00000030   Code   RO          405    i.ssd1306_WriteCommand  ssd1306.o
    0x080021cc   0x080021cc   0x00000050   Code   RO          406    i.ssd1306_WriteData  ssd1306.o
    0x0800221c   0x0800221c   0x0000002c   Code   RO          407    i.ssd1306_WriteString  ssd1306.o
    0x08002248   0x08002248   0x0000002c   Code   RO         1410    locale$$code        c_p.l(lc_numeric_c.o)
    0x08002274   0x08002274   0x00000010   Code   RO         1278    x$fpl$printf1       fz_ps.l(printf1.o)
    0x08002284   0x08002284   0x00000000   Code   RO         1364    x$fpl$usenofp       fz_ps.l(usenofp.o)
    0x08002284   0x08002284   0x00000d5c   Data   RO          480    .constdata          ssd1306_fonts.o
    0x08002fe0   0x08002fe0   0x00000011   Data   RO         1237    .constdata          c_p.l(__printf_flags_ss_wp.o)
    0x08002ff1   0x08002ff1   0x00000003   PAD
    0x08002ff4   0x08002ff4   0x00000094   Data   RO         1401    .constdata          c_p.l(bigflt0.o)
    0x08003088   0x08003088   0x00000020   Data   RO         1566    Region$$Table       anon$$obj.o
    0x080030a8   0x080030a8   0x0000001c   Data   RO         1409    locale$$data        c_p.l(lc_numeric_c.o)


    Execution Region RW_IRAM1 (Exec base: 0x20000000, Load base: 0x080030c4, Size: 0x00000b08, Max: 0x00001000, ABSOLUTE)

    Exec Addr    Load Addr    Size         Type   Attr      Idx    E Section Name        Object

    0x20000000   0x080030c4   0x00000019   Data   RW           66    .data               main.o
    0x20000019   0x080030dd   0x00000003   PAD
    0x2000001c   0x080030e0   0x00000004   Data   RW          208    .data               delay.o
    0x20000020   0x080030e4   0x00000006   Data   RW          409    .data               ssd1306.o
    0x20000026   0x080030ea   0x00000002   PAD
    0x20000028   0x080030ec   0x00000008   Data   RW          481    .data               ssd1306_fonts.o
    0x20000030        -       0x00000028   Zero   RW           65    .bss                main.o
    0x20000058        -       0x00000410   Zero   RW          408    .bss                ssd1306.o
    0x20000468        -       0x00000040   Zero   RW          721    .bss                usart.o
    0x200004a8        -       0x00000060   Zero   RW         1417    .bss                c_p.l(libspace.o)
    0x20000508        -       0x00000200   Zero   RW         1201    HEAP                startup_stm32f030x6.o
    0x20000708        -       0x00000400   Zero   RW         1200    STACK               startup_stm32f030x6.o


==============================================================================

Image component sizes


      Code (inc. data)   RO Data    RW Data    ZI Data      Debug   Object Name

        64         20          0          4          0       1748   delay.o
       502         34          0          0          0       2343   i2c.o
       948        146          0         25         40      11374   main.o
       562         32          0          0          0       3606   owen_485.o
       834         40          0          6       1040       7167   ssd1306.o
         0          0       3420          8          0        957   ssd1306_fonts.o
        56         26        176          0       1536        620   startup_stm32f030x6.o
       240         16          0          0          0        893   system_init.o
       116         12          0          0          0     175789   system_stm32f0xx.o
       528         36          0          0         64       2060   usart.o

    ----------------------------------------------------------------------
      3854        362       3628         48       2680     206557   Object Totals
         0          0         32          0          0          0   (incl. Generated)
         4          0          0          5          0          0   (incl. Padding)

    ----------------------------------------------------------------------

      Code (inc. data)   RO Data    RW Data    ZI Data      Debug   Library Member Name

        44          4          0          0          0         84   __2sprintf.o
         8          0          0          0          0         68   __main.o
       392          6         17          0          0         76   __printf_flags_ss_wp.o
        14          0          0          0          0         60   __printf_wp.o
         0          0          0          0          0          0   __rtentry.o
        12          0          0          0          0          0   __rtentry2.o
         6          0          0          0          0          0   __rtentry4.o
        60          8          0          0          0          0   __scatter.o
        26          0          0          0          0          0   __scatter_copy.o
        28          0          0          0          0          0   __scatter_zi.o
        48          6          0          0          0         88   _printf_char_common.o
       108         18          0          0          0         76   _printf_dec.o
        10          0          0          0          0          0   _printf_f.o
      1048         14          0          0          0        176   _printf_fp_dec.o
       136         16          0          0          0         76   _printf_fp_infnan.o
       176          0          0          0          0         84   _printf_intcommon.o
         2          0          0          0          0          0   _printf_percent.o
         4          0          0          0          0          0   _printf_percent_end.o
        10          0          0          0          0          0   _printf_u.o
        10          0          0          0          0         60   _sputc.o
       346          0          0          0          0         92   aeabi_sdiv.o
       216          6        148          0          0         80   bigflt0.o
      1456         30          0          0          0        336   btod.o
        16          0          0          0          0         68   exit.o
         6          0          0          0          0        136   heapauxi.o
         0          0          0          0          0          0   indicate_semi.o
        44         10         28          0          0         76   lc_numeric_c.o
         2          0          0          0          0          0   libinit.o
        18          0          0          0          0          0   libinit2.o
         2          0          0          0          0          0   libshutdown.o
         2          0          0          0          0          0   libshutdown2.o
         8          4          0          0         96         68   libspace.o
       122          0          0          0          0         72   lludiv10.o
         8          4          0          0          0         68   rt_locale_intlibspace.o
         2          0          0          0          0          0   rtexit.o
        10          0          0          0          0          0   rtexit2.o
        40          0          0          0          0         60   rtudiv10.o
       136          4          0          0          0         72   strcmp.o
        12          4          0          0          0         60   sys_exit.o
        62          0          0          0          0         80   sys_stackheap_outer.o
         2          0          0          0          0         68   use_no_semi.o
        84          4          0          0          0         60   f2d.o
        16          4          0          0          0         76   printf1.o
         0          0          0          0          0          0   usenofp.o
        44          4          0          0          0         60   fpclassify.o

    ----------------------------------------------------------------------
      4806        146        196          0         96       2380   Library Totals
        10          0          3          0          0          0   (incl. Padding)

    ----------------------------------------------------------------------

      Code (inc. data)   RO Data    RW Data    ZI Data      Debug   Library Name

      4652        134        193          0         96       2184   c_p.l
       100          8          0          0          0        136   fz_ps.l
        44          4          0          0          0         60   m_ps.l

    ----------------------------------------------------------------------
      4806        146        196          0         96       2380   Library Totals

    ----------------------------------------------------------------------

==============================================================================


      Code (inc. data)   RO Data    RW Data    ZI Data      Debug   

      8660        508       3824         48       2776     206525   Grand Totals
      8660        508       3824         48       2776     206525   ELF Image Totals
      8660        508       3824         48          0          0   ROM Totals

==============================================================================

    Total RO  Size (Code + RO Data)                12484 (  12.19kB)
    Total RW  Size (RW Data + ZI Data)              2824 (   2.76kB)
    Total ROM Size (Code + RO Data + RW Data)      12532 (  12.24kB)

==============================================================================

