Component: ARM Compiler 5.06 update 6 (build 750) Tool: armlink [4d35ed]

==============================================================================

Section Cross References

    system_stm32f0xx.o(i.SystemCoreClockUpdate) refers to aeabi_sdiv.o(.text) for __aeabi_uidivmod
    system_stm32f0xx.o(i.SystemCoreClockUpdate) refers to system_stm32f0xx.o(.data) for SystemCoreClock
    system_stm32f0xx.o(i.SystemCoreClockUpdate) refers to system_stm32f0xx.o(.constdata) for AHBPrescTable
    main.o(i.main) refers to system_init.o(i.Clock_Init) for Clock_Init
    main.o(i.main) refers to delay.o(i.Delay_Init) for Delay_Init
    main.o(i.main) refers to system_init.o(i.GPIO_Init) for GPIO_Init
    main.o(i.main) refers to printer.o(i.thermal_printer_init) for thermal_printer_init
    main.o(i.main) refers to i2c.o(i.I2c_Init) for I2c_Init
    main.o(i.main) refers to ssd1306.o(i.ssd1306_Init) for ssd1306_Init
    main.o(i.main) refers to ssd1306.o(i.ssd1306_SetCursor) for ssd1306_SetCursor
    main.o(i.main) refers to ssd1306.o(i.ssd1306_WriteString) for ssd1306_WriteString
    main.o(i.main) refers to ssd1306.o(i.ssd1306_UpdateScreen) for ssd1306_UpdateScreen
    main.o(i.main) refers to delay.o(i.Delay_ms) for Delay_ms
    main.o(i.main) refers to printer.o(i.thermo_printf) for thermo_printf
    main.o(i.main) refers to printer.o(i.thermo_skip_lines) for thermo_skip_lines
    main.o(i.main) refers to ssd1306_fonts.o(.data) for Font_11x18
    main.o(i.test_heat_modes) refers to printer.o(i.thermo_set_print_concentration) for thermo_set_print_concentration
    main.o(i.test_heat_modes) refers to printer.o(i.thermo_printf) for thermo_printf
    delay.o(i.Delay_ms) refers to delay.o(.data) for msTicks
    delay.o(i.Delay_us) refers to aeabi_sdiv.o(.text) for __aeabi_uidivmod
    delay.o(i.Delay_us) refers to system_stm32f0xx.o(.data) for SystemCoreClock
    delay.o(i.SysTick_Handler) refers to delay.o(.data) for msTicks
    exti.o(i.GPAOA_0_EXTI) refers to exti.o(i.__NVIC_EnableIRQ) for __NVIC_EnableIRQ
    exti.o(i.GPAOA_1_EXTI) refers to exti.o(i.__NVIC_EnableIRQ) for __NVIC_EnableIRQ
    ssd1306.o(i.ssd1306_DrawPixel) refers to ssd1306.o(.data) for SSD1306
    ssd1306.o(i.ssd1306_DrawPixel) refers to ssd1306.o(.bss) for SSD1306_Buffer
    ssd1306.o(i.ssd1306_Fill) refers to ssd1306.o(.bss) for SSD1306_Buffer
    ssd1306.o(i.ssd1306_Init) refers to ssd1306.o(i.ssd1306_Reset) for ssd1306_Reset
    ssd1306.o(i.ssd1306_Init) refers to delay.o(i.Delay_ms) for Delay_ms
    ssd1306.o(i.ssd1306_Init) refers to ssd1306.o(i.ssd1306_WriteCommand) for ssd1306_WriteCommand
    ssd1306.o(i.ssd1306_Init) refers to ssd1306.o(i.ssd1306_Fill) for ssd1306_Fill
    ssd1306.o(i.ssd1306_Init) refers to ssd1306.o(i.ssd1306_UpdateScreen) for ssd1306_UpdateScreen
    ssd1306.o(i.ssd1306_Init) refers to ssd1306.o(.data) for SSD1306
    ssd1306.o(i.ssd1306_SetCursor) refers to ssd1306.o(.data) for SSD1306
    ssd1306.o(i.ssd1306_UpdateScreen) refers to ssd1306.o(i.ssd1306_WriteCommand) for ssd1306_WriteCommand
    ssd1306.o(i.ssd1306_UpdateScreen) refers to ssd1306.o(i.ssd1306_WriteData) for ssd1306_WriteData
    ssd1306.o(i.ssd1306_UpdateScreen) refers to ssd1306.o(.bss) for SSD1306_Buffer
    ssd1306.o(i.ssd1306_WriteChar) refers to ssd1306.o(i.ssd1306_DrawPixel) for ssd1306_DrawPixel
    ssd1306.o(i.ssd1306_WriteChar) refers to ssd1306.o(.data) for SSD1306
    ssd1306.o(i.ssd1306_WriteCommand) refers to i2c.o(i.i2c_Start_addr) for i2c_Start_addr
    ssd1306.o(i.ssd1306_WriteCommand) refers to i2c.o(i.i2c_Write) for i2c_Write
    ssd1306.o(i.ssd1306_WriteCommand) refers to i2c.o(i.i2c_BUSY) for i2c_BUSY
    ssd1306.o(i.ssd1306_WriteData) refers to i2c.o(i.i2c_Start_addr) for i2c_Start_addr
    ssd1306.o(i.ssd1306_WriteData) refers to i2c.o(i.i2c_Write) for i2c_Write
    ssd1306.o(i.ssd1306_WriteString) refers to ssd1306.o(i.ssd1306_WriteChar) for ssd1306_WriteChar
    ssd1306_fonts.o(.data) refers to ssd1306_fonts.o(.constdata) for Font11x18
    lcd_i2c.o(i.Lcd_i2c_Clear) refers to lcd_i2c.o(i.sendbyte) for sendbyte
    lcd_i2c.o(i.Lcd_i2c_Clear) refers to delay.o(i.Delay_ms) for Delay_ms
    lcd_i2c.o(i.Lcd_i2c_Init) refers to delay.o(i.Delay_ms) for Delay_ms
    lcd_i2c.o(i.Lcd_i2c_Init) refers to lcd_i2c.o(i.send_halfbyte) for send_halfbyte
    lcd_i2c.o(i.Lcd_i2c_Init) refers to delay.o(i.Delay_us) for Delay_us
    lcd_i2c.o(i.Lcd_i2c_Init) refers to lcd_i2c.o(i.sendbyte) for sendbyte
    lcd_i2c.o(i.Lcd_i2c_Init) refers to lcd_i2c.o(i.Write_i2c_lcd) for Write_i2c_lcd
    lcd_i2c.o(i.Lcd_i2c_Init) refers to lcd_i2c.o(i.Lcd_i2c_Clear) for Lcd_i2c_Clear
    lcd_i2c.o(i.Lcd_i2c_Init) refers to lcd_i2c.o(.data) for portlcd
    lcd_i2c.o(i.Lcd_i2c_Send_char) refers to lcd_i2c.o(i.sendbyte) for sendbyte
    lcd_i2c.o(i.Lcd_i2c_Send_data) refers to aeabi_sdiv.o(.text) for __aeabi_uidivmod
    lcd_i2c.o(i.Lcd_i2c_Send_data) refers to lcd_i2c.o(i.Lcd_i2c_Send_char) for Lcd_i2c_Send_char
[...]
    ../clib/angel/handlers.s                 0x00000000   Number         0  __scatter_zi.o ABSOLUTE
    ../clib/angel/handlers.s                 0x00000000   Number         0  __scatter_copy.o ABSOLUTE
    ../clib/angel/kernel.s                   0x00000000   Number         0  __rtentry4.o ABSOLUTE
    ../clib/angel/kernel.s                   0x00000000   Number         0  rtexit2.o ABSOLUTE
    ../clib/angel/kernel.s                   0x00000000   Number         0  __rtentry2.o ABSOLUTE
    ../clib/angel/kernel.s                   0x00000000   Number         0  rtexit.o ABSOLUTE
    ../clib/angel/kernel.s                   0x00000000   Number         0  __rtentry.o ABSOLUTE
    ../clib/angel/rt.s                       0x00000000   Number         0  aeabi_idiv0_sigfpe.o ABSOLUTE
    ../clib/angel/rt.s                       0x00000000   Number         0  rt_locale_intlibspace.o ABSOLUTE
    ../clib/angel/rt.s                       0x00000000   Number         0  rt_raise.o ABSOLUTE
    ../clib/angel/rt.s                       0x00000000   Number         0  aeabi_idiv0.o ABSOLUTE
    ../clib/angel/rt.s                       0x00000000   Number         0  rt_ctype_table.o ABSOLUTE
    ../clib/angel/rt.s                       0x00000000   Number         0  rt_div0.o ABSOLUTE
    ../clib/angel/rt.s                       0x00000000   Number         0  rt_locale.o ABSOLUTE
    ../clib/angel/scatterp.s                 0x00000000   Number         0  __scatter.o ABSOLUTE
    ../clib/angel/startup.s                  0x00000000   Number         0  __main.o ABSOLUTE
    ../clib/angel/sys.s                      0x00000000   Number         0  use_no_semi.o ABSOLUTE
    ../clib/angel/sys.s                      0x00000000   Number         0  libspace.o ABSOLUTE
    ../clib/angel/sys.s                      0x00000000   Number         0  tempstk.o ABSOLUTE
    ../clib/angel/sys.s                      0x00000000   Number         0  indicate_semi.o ABSOLUTE
    ../clib/angel/sys.s                      0x00000000   Number         0  sys_stackheap_outer.o ABSOLUTE
    ../clib/angel/sysapp.c                   0x00000000   Number         0  sys_exit.o ABSOLUTE
    ../clib/angel/sysapp.c                   0x00000000   Number         0  sys_command.o ABSOLUTE
    ../clib/angel/sysapp.c                   0x00000000   Number         0  sys_wrch.o ABSOLUTE
    ../clib/armsys.c                         0x00000000   Number         0  argv_veneer.o ABSOLUTE
    ../clib/armsys.c                         0x00000000   Number         0  no_argv.o ABSOLUTE
    ../clib/armsys.c                         0x00000000   Number         0  _get_argv_nomalloc.o ABSOLUTE
    ../clib/bigflt.c                         0x00000000   Number         0  bigflt0.o ABSOLUTE
    ../clib/btod.c                           0x00000000   Number         0  btod.o ABSOLUTE
    ../clib/division.c                       0x00000000   Number         0  rtudiv10.o ABSOLUTE
    ../clib/division.c                       0x00000000   Number         0  lludiv10.o ABSOLUTE
    ../clib/division.s                       0x00000000   Number         0  aeabi_sdiv_div0.o ABSOLUTE
    ../clib/division.s                       0x00000000   Number         0  aeabi_sdiv.o ABSOLUTE
    ../clib/heapalloc.c                      0x00000000   Number         0  hrguard.o ABSOLUTE
    ../clib/heapaux.c                        0x00000000   Number         0  heapauxi.o ABSOLUTE
    ../clib/libinit.s                        0x00000000   Number         0  libshutdown2.o ABSOLUTE
    ../clib/libinit.s                        0x00000000   Number         0  libshutdown.o ABSOLUTE
    ../clib/libinit.s                        0x00000000   Number         0  libinit2.o ABSOLUTE
    ../clib/libinit.s                        0x00000000   Number         0  libinit.o ABSOLUTE
    ../clib/locale.c                         0x00000000   Number         0  _wcrtomb.o ABSOLUTE
    ../clib/locale.s                         0x00000000   Number         0  lc_ctype_c.o ABSOLUTE
    ../clib/locale.s                         0x00000000   Number         0  lc_numeric_c.o ABSOLUTE
    ../clib/misc.s                           0x00000000   Number         0  printf_stubs.o ABSOLUTE
    ../clib/printf.c                         0x00000000   Number         0  _printf_hex_int.o ABSOLUTE
    ../clib/printf.c                         0x00000000   Number         0  _printf_oct_int.o ABSOLUTE
    ../clib/printf.c                         0x00000000   Number         0  _printf_oct_ll.o ABSOLUTE
    ../clib/printf.c                         0x00000000   Number         0  _printf_str.o ABSOLUTE
    ../clib/printf.c                         0x00000000   Number         0  __printf_flags_ss_wp.o ABSOLUTE
    ../clib/printf.c                         0x00000000   Number         0  _printf_hex_ll_ptr.o ABSOLUTE
    ../clib/printf.c                         0x00000000   Number         0  _printf_longlong_dec.o ABSOLUTE
    ../clib/printf.c                         0x00000000   Number         0  _printf_wctomb.o ABSOLUTE
    ../clib/printf.c                         0x00000000   Number         0  _printf_fp_dec.o ABSOLUTE
    ../clib/printf.c                         0x00000000   Number         0  _snputc.o ABSOLUTE
    ../clib/printf.c                         0x00000000   Number         0  _printf_fp_hex.o ABSOLUTE
    ../clib/printf.c                         0x00000000   Number         0  _sputc.o ABSOLUTE
    ../clib/printf.c                         0x00000000   Number         0  _printf_intcommon.o ABSOLUTE
    ../clib/printf.c                         0x00000000   Number         0  __printf_ss_wp.o ABSOLUTE
    ../clib/printf.c                         0x00000000   Number         0  __printf_flags_wp.o ABSOLUTE
    ../clib/printf.c                         0x00000000   Number         0  __printf_wp.o ABSOLUTE
    ../clib/printf.c                         0x00000000   Number         0  __printf_flags_ss.o ABSOLUTE
    ../clib/printf.c                         0x00000000   Number         0  __printf_ss.o ABSOLUTE
    ../clib/printf.c                         0x00000000   Number         0  __printf_nopercent.o ABSOLUTE
    ../clib/printf.c                         0x00000000   Number         0  __printf_flags.o ABSOLUTE
    ../clib/printf.c                         0x00000000   Number         0  _printf_char.o ABSOLUTE
    ../clib/printf.c                         0x00000000   Number         0  _printf_char_common.o ABSOLUTE
    ../clib/printf.c                         0x00000000   Number         0  _printf_wchar.o ABSOLUTE
    ../clib/printf.c                         0x00000000   Number         0  _printf_hex_ll.o ABSOLUTE
    ../clib/printf.c                         0x00000000   Number         0  _printf_fp_infnan.o ABSOLUTE
    ../clib/printf.c                         0x00000000   Number         0  _printf_dec.o ABSOLUTE
    ../clib/printf.c                         0x00000000   Number         0  _printf_truncate.o ABSOLUTE
    ../clib/printf.c                         0x00000000   Number         0  _printf_hex_int_ll_ptr.o ABSOLUTE
    ../clib/printf.c                         0x00000000   Number         0  _printf_charcount.o ABSOLUTE
    ../clib/printf.c                         0x00000000   Number         0  vsnprintf.o ABSOLUTE
    ../clib/printf.c                         0x00000000   Number         0  _printf_oct_int_ll.o ABSOLUTE
    ../clib/printf.c                         0x00000000   Number         0  _printf_hex_int_ptr.o ABSOLUTE
    ../clib/printf.c                         0x00000000   Number         0  _printf_hex_ptr.o ABSOLUTE
    ../clib/printf.c                         0x00000000   Number         0  _printf_hex_int_ll.o ABSOLUTE
    ../clib/printf.c                         0x00000000   Number         0  _printf_pad.o ABSOLUTE
    ../clib/printf.c                         0x00000000   Number         0  __printf.o ABSOLUTE
    ../clib/printf_percent.s                 0x00000000   Number         0  _printf_f.o ABSOLUTE
    ../clib/printf_percent.s                 0x00000000   Number         0  _printf_e.o ABSOLUTE
    ../clib/printf_percent.s                 0x00000000   Number         0  _printf_g.o ABSOLUTE
    ../clib/printf_percent.s                 0x00000000   Number         0  _printf_a.o ABSOLUTE
    ../clib/printf_percent.s                 0x00000000   Number         0  _printf_p.o ABSOLUTE
    ../clib/printf_percent.s                 0x00000000   Number         0  _printf_percent_end.o ABSOLUTE
    ../clib/printf_percent.s                 0x00000000   Number         0  _printf_lli.o ABSOLUTE
    ../clib/printf_percent.s                 0x00000000   Number         0  _printf_x.o ABSOLUTE
    ../clib/printf_percent.s                 0x00000000   Number         0  _printf_llx.o ABSOLUTE
    ../clib/printf_percent.s                 0x00000000   Number         0  _printf_llo.o ABSOLUTE
    ../clib/printf_percent.s                 0x00000000   Number         0  _printf_ls.o ABSOLUTE
    ../clib/printf_percent.s                 0x00000000   Number         0  _printf_lc.o ABSOLUTE
    ../clib/printf_percent.s                 0x00000000   Number         0  _printf_c.o ABSOLUTE
    ../clib/printf_percent.s                 0x00000000   Number         0  _printf_l.o ABSOLUTE
    ../clib/printf_percent.s                 0x00000000   Number         0  _printf_s.o ABSOLUTE
    ../clib/printf_percent.s                 0x00000000   Number         0  _printf_ll.o ABSOLUTE
    ../clib/printf_percent.s                 0x00000000   Number         0  _printf_n.o ABSOLUTE
    ../clib/printf_percent.s                 0x00000000   Number         0  _printf_llu.o ABSOLUTE
    ../clib/printf_percent.s                 0x00000000   Number         0  _printf_o.o ABSOLUTE
    ../clib/printf_percent.s                 0x00000000   Number         0  _printf_lld.o ABSOLUTE
    ../clib/printf_percent.s                 0x00000000   Number         0  _printf_i.o ABSOLUTE
    ../clib/printf_percent.s                 0x00000000   Number         0  _printf_d.o ABSOLUTE
    ../clib/printf_percent.s                 0x00000000   Number         0  _printf_u.o ABSOLUTE
    ../clib/printf_percent.s                 0x00000000   Number         0  _printf_percent.o ABSOLUTE
    ../clib/signal.c                         0x00000000   Number         0  defsig_cppl_inner.o ABSOLUTE
    ../clib/signal.c                         0x00000000   Number         0  defsig_pvfn_inner.o ABSOLUTE
    ../clib/signal.c                         0x00000000   Number         0  defsig_stak_inner.o ABSOLUTE
    ../clib/signal.c                         0x00000000   Number         0  defsig_general.o ABSOLUTE
    ../clib/signal.c                         0x00000000   Number         0  defsig_fpe_inner.o ABSOLUTE
    ../clib/signal.c                         0x00000000   Number         0  defsig_rtred_inner.o ABSOLUTE
    ../clib/signal.c                         0x00000000   Number         0  defsig_fpe_outer.o ABSOLUTE
    ../clib/signal.c                         0x00000000   Number         0  defsig_fpe_formal.o ABSOLUTE
    ../clib/signal.c                         0x00000000   Number         0  defsig_abrt_inner.o ABSOLUTE
    ../clib/signal.c                         0x00000000   Number         0  defsig_exit.o ABSOLUTE
    ../clib/signal.c                         0x00000000   Number         0  __raise.o ABSOLUTE
    ../clib/signal.c                         0x00000000   Number         0  defsig_segv_inner.o ABSOLUTE
    ../clib/signal.c                         0x00000000   Number         0  defsig_other.o ABSOLUTE
    ../clib/signal.c                         0x00000000   Number         0  defsig_rtmem_inner.o ABSOLUTE
    ../clib/signal.c                         0x00000000   Number         0  defsig_rtmem_outer.o ABSOLUTE
    ../clib/signal.c                         0x00000000   Number         0  defsig_rtmem_formal.o ABSOLUTE
    ../clib/signal.s                         0x00000000   Number         0  defsig.o ABSOLUTE
    ../clib/stdlib.c                         0x00000000   Number         0  exit.o ABSOLUTE
    ../clib/string.c                         0x00000000   Number         0  strlen.o ABSOLUTE
    ../clib/string.c                         0x00000000   Number         0  strcmp.o ABSOLUTE
    ../fplib/cfplib/d2f.c                    0x00000000   Number         0  d2f.o ABSOLUTE
    ../fplib/cfplib/ddiv.c                   0x00000000   Number         0  ddiv.o ABSOLUTE
    ../fplib/cfplib/dmul.c                   0x00000000   Number         0  dmul.o ABSOLUTE
    ../fplib/cfplib/f2d.c                    0x00000000   Number         0  f2d.o ABSOLUTE
    ../fplib/cfplib/fdiv.c                   0x00000000   Number         0  fdiv.o ABSOLUTE
    ../fplib/cfplib/ffix.c                   0x00000000   Number         0  ffixui.o ABSOLUTE
    ../fplib/cfplib/fflt.c                   0x00000000   Number         0  fflti.o ABSOLUTE
    ../fplib/cfplib/fflt.c                   0x00000000   Number         0  dflti.o ABSOLUTE
    ../fplib/cfplib/fpinit.c                 0x00000000   Number         0  fpinit.o ABSOLUTE
    ../fplib/cfplib/ieee_status.c            0x00000000   Number         0  ieee_status.o ABSOLUTE
    ../fplib/faddsub6m.s                     0x00000000   Number         0  faddsub.o ABSOLUTE
    ../fplib/fmul6m.s                        0x00000000   Number         0  fmul.o ABSOLUTE
    ../fplib/printf1.s                       0x00000000   Number         0  printf1.o ABSOLUTE
    ../fplib/printf2.s                       0x00000000   Number         0  printf2.o ABSOLUTE
    ../fplib/printf2a.s                      0x00000000   Number         0  printf2a.o ABSOLUTE
    ../fplib/printf2b.s                      0x00000000   Number         0  printf2b.o ABSOLUTE
    ../fplib/usenofp.s                       0x00000000   Number         0  usenofp.o ABSOLUTE
    ../mathlib/fpclassify.c                  0x00000000   Number         0  fpclassify.o ABSOLUTE
    CMSIS\\src\\system_stm32f0xx.c           0x00000000   Number         0  system_stm32f0xx.o ABSOLUTE
    CMSIS\src\system_stm32f0xx.c             0x00000000   Number         0  system_stm32f0xx.o ABSOLUTE
    CODE\\src\\ad7730.c                      0x00000000   Number         0  ad7730.o ABSOLUTE
    CODE\\src\\adc.c                         0x00000000   Number         0  adc.o ABSOLUTE
    CODE\\src\\ads1220.c                     0x00000000   Number         0  ads1220.o ABSOLUTE
    CODE\\src\\ads131e08.c                   0x00000000   Number         0  ads131e08.o ABSOLUTE
    CODE\\src\\delay.c                       0x00000000   Number         0  delay.o ABSOLUTE
    CODE\\src\\eeprom.c                      0x00000000   Number         0  eeprom.o ABSOLUTE
    CODE\\src\\exti.c                        0x00000000   Number         0  exti.o ABSOLUTE
    CODE\\src\\i2c.c                         0x00000000   Number         0  i2c.o ABSOLUTE
    CODE\\src\\lcd1602.c                     0x00000000   Number         0  lcd1602.o ABSOLUTE
    CODE\\src\\lcd_i2c.c                     0x00000000   Number         0  lcd_i2c.o ABSOLUTE
    CODE\\src\\main.c                        0x00000000   Number         0  main.o ABSOLUTE
    CODE\\src\\pi_control.c                  0x00000000   Number         0  pi_control.o ABSOLUTE
    CODE\\src\\printer.c                     0x00000000   Number         0  printer.o ABSOLUTE
    CODE\\src\\pwm.c                         0x00000000   Number         0  pwm.o ABSOLUTE
    CODE\\src\\spi.c                         0x00000000   Number         0  spi.o ABSOLUTE
    CODE\\src\\system_init.c                 0x00000000   Number         0  system_init.o ABSOLUTE
    CODE\\src\\usart.c                       0x00000000   Number         0  usart.o ABSOLUTE
    CODE\\src\\weight.c                      0x00000000   Number         0  weight.o ABSOLUTE
    CODE\src\ad7730.c                        0x00000000   Number         0  ad7730.o ABSOLUTE
    CODE\src\adc.c                           0x00000000   Number         0  adc.o ABSOLUTE
    CODE\src\ads1220.c                       0x00000000   Number         0  ads1220.o ABSOLUTE
    CODE\src\ads131e08.c                     0x00000000   Number         0  ads131e08.o ABSOLUTE
    CODE\src\delay.c                         0x00000000   Number         0  delay.o ABSOLUTE
    CODE\src\eeprom.c                        0x00000000   Number         0  eeprom.o ABSOLUTE
    CODE\src\exti.c                          0x00000000   Number         0  exti.o ABSOLUTE
    CODE\src\i2c.c                           0x00000000   Number         0  i2c.o ABSOLUTE
    CODE\src\lcd1602.c                       0x00000000   Number         0  lcd1602.o ABSOLUTE
    CODE\src\lcd_i2c.c                       0x00000000   Number         0  lcd_i2c.o ABSOLUTE
    CODE\src\main.c                          0x00000000   Number         0  main.o ABSOLUTE
    CODE\src\pi_control.c                    0x00000000   Number         0  pi_control.o ABSOLUTE
    CODE\src\printer.c                       0x00000000   Number         0  printer.o ABSOLUTE
    CODE\src\pwm.c                           0x00000000   Number         0  pwm.o ABSOLUTE
    CODE\src\spi.c                           0x00000000   Number         0  spi.o ABSOLUTE
    CODE\src\system_init.c                   0x00000000   Number         0  system_init.o ABSOLUTE
    CODE\src\usart.c                         0x00000000   Number         0  usart.o ABSOLUTE
    CODE\src\weight.c                        0x00000000   Number         0  weight.o ABSOLUTE
    SSD1306\\ssd1306.c                       0x00000000   Number         0  ssd1306.o ABSOLUTE
    SSD1306\ssd1306.c                        0x00000000   Number         0  ssd1306.o ABSOLUTE
    SSD1306\ssd1306_fonts.c                  0x00000000   Number         0  ssd1306_fonts.o ABSOLUTE
    Startup\startup_stm32f030x6.s            0x00000000   Number         0  startup_stm32f030x6.o ABSOLUTE
    dc.s                                     0x00000000   Number         0  dc.o ABSOLUTE
    RESET                                    0x08000000   Section      176  startup_stm32f030x6.o(RESET)
    !!!main                                  0x080000b0   Section        8  __main.o(!!!main)
    !!!scatter                               0x080000b8   Section       60  __scatter.o(!!!scatter)
    !!handler_copy                           0x080000f4   Section       26  __scatter_copy.o(!!handler_copy)
    !!handler_zi                             0x08000110   Section       28  __scatter_zi.o(!!handler_zi)
    .ARM.Collect$$_printf_percent$$00000000  0x0800012c   Section        2  _printf_percent.o(.ARM.Collect$$_printf_percent$$00000000)
    .ARM.Collect$$_printf_percent$$00000001  0x0800012e   Section       10  _printf_n.o(.ARM.Collect$$_printf_percent$$00000001)
    .ARM.Collect$$_printf_percent$$00000002  0x08000138   Section       10  _printf_p.o(.ARM.Collect$$_printf_percent$$00000002)
    .ARM.Collect$$_printf_percent$$00000003  0x08000142   Section       10  _printf_f.o(.ARM.Collect$$_printf_percent$$00000003)
    .ARM.Collect$$_printf_percent$$00000004  0x0800014c   Section       10  _printf_e.o(.ARM.Collect$$_printf_percent$$00000004)
    .ARM.Collect$$_printf_percent$$00000005  0x08000156   Section       10  _printf_g.o(.ARM.Collect$$_printf_percent$$00000005)
    .ARM.Collect$$_printf_percent$$00000006  0x08000160   Section       10  _printf_a.o(.ARM.Collect$$_printf_percent$$00000006)
    .ARM.Collect$$_printf_percent$$00000007  0x0800016a   Section       10  _printf_ll.o(.ARM.Collect$$_printf_percent$$00000007)
    .ARM.Collect$$_printf_percent$$00000008  0x08000174   Section       10  _printf_i.o(.ARM.Collect$$_printf_percent$$00000008)
    .ARM.Collect$$_printf_percent$$00000009  0x0800017e   Section       10  _printf_d.o(.ARM.Collect$$_printf_percent$$00000009)
    .ARM.Collect$$_printf_percent$$0000000A  0x08000188   Section       10  _printf_u.o(.ARM.Collect$$_printf_percent$$0000000A)
    .ARM.Collect$$_printf_percent$$0000000B  0x08000192   Section       10  _printf_o.o(.ARM.Collect$$_printf_percent$$0000000B)
    .ARM.Collect$$_printf_percent$$0000000C  0x0800019c   Section       10  _printf_x.o(.ARM.Collect$$_printf_percent$$0000000C)
    .ARM.Collect$$_printf_percent$$0000000D  0x080001a6   Section       10  _printf_lli.o(.ARM.Collect$$_printf_percent$$0000000D)
    .ARM.Collect$$_printf_percent$$0000000E  0x080001b0   Section       10  _printf_lld.o(.ARM.Collect$$_printf_percent$$0000000E)
    .ARM.Collect$$_printf_percent$$0000000F  0x080001ba   Section       10  _printf_llu.o(.ARM.Collect$$_printf_percent$$0000000F)
    .ARM.Collect$$_printf_percent$$00000010  0x080001c4   Section       10  _printf_llo.o(.ARM.Collect$$_printf_percent$$00000010)
    .ARM.Collect$$_printf_percent$$00000011  0x080001ce   Section       10  _printf_llx.o(.ARM.Collect$$_printf_percent$$00000011)
    .ARM.Collect$$_printf_percent$$00000012  0x080001d8   Section       10  _printf_l.o(.ARM.Collect$$_printf_percent$$00000012)
    .ARM.Collect$$_printf_percent$$00000013  0x080001e2   Section       10  _printf_c.o(.ARM.Collect$$_printf_percent$$00000013)
    .ARM.Collect$$_printf_percent$$00000014  0x080001ec   Section       10  _printf_s.o(.ARM.Collect$$_printf_percent$$00000014)
    .ARM.Collect$$_printf_percent$$00000015  0x080001f6   Section       10  _printf_lc.o(.ARM.Collect$$_printf_percent$$00000015)
    .ARM.Collect$$_printf_percent$$00000016  0x08000200   Section       10  _printf_ls.o(.ARM.Collect$$_printf_percent$$00000016)
    .ARM.Collect$$_printf_percent$$00000017  0x0800020a   Section        4  _printf_percent_end.o(.ARM.Collect$$_printf_percent$$00000017)
    .ARM.Collect$$libinit$$00000000          0x0800020e   Section        2  libinit.o(.ARM.Collect$$libinit$$00000000)
    .ARM.Collect$$libinit$$00000002          0x08000210   Section        0  libinit2.o(.ARM.Collect$$libinit$$00000002)
    .ARM.Collect$$libinit$$00000004          0x08000210   Section        0  libinit2.o(.ARM.Collect$$libinit$$00000004)
    .ARM.Collect$$libinit$$0000000A          0x08000210   Section        0  libinit2.o(.ARM.Collect$$libinit$$0000000A)
    .ARM.Collect$$libinit$$0000000C          0x08000210   Section        0  libinit2.o(.ARM.Collect$$libinit$$0000000C)
    .ARM.Collect$$libinit$$0000000E          0x08000210   Section        0  libinit2.o(.ARM.Collect$$libinit$$0000000E)
    .ARM.Collect$$libinit$$0000000F          0x08000210   Section        6  libinit2.o(.ARM.Collect$$libinit$$0000000F)
    .ARM.Collect$$libinit$$00000011          0x08000216   Section        0  libinit2.o(.ARM.Collect$$libinit$$00000011)
    .ARM.Collect$$libinit$$00000012          0x08000216   Section       12  libinit2.o(.ARM.Collect$$libinit$$00000012)
    .ARM.Collect$$libinit$$00000013          0x08000222   Section        0  libinit2.o(.ARM.Collect$$libinit$$00000013)
    .ARM.Collect$$libinit$$00000015          0x08000222   Section        0  libinit2.o(.ARM.Collect$$libinit$$00000015)
    .ARM.Collect$$libinit$$00000016          0x08000222   Section       10  libinit2.o(.ARM.Collect$$libinit$$00000016)
    .ARM.Collect$$libinit$$00000017          0x0800022c   Section        0  libinit2.o(.ARM.Collect$$libinit$$00000017)
    .ARM.Collect$$libinit$$00000019          0x0800022c   Section        0  libinit2.o(.ARM.Collect$$libinit$$00000019)
    .ARM.Collect$$libinit$$0000001B          0x0800022c   Section        0  libinit2.o(.ARM.Collect$$libinit$$0000001B)
    .ARM.Collect$$libinit$$0000001D          0x0800022c   Section        0  libinit2.o(.ARM.Collect$$libinit$$0000001D)
    .ARM.Collect$$libinit$$0000001F          0x0800022c   Section        0  libinit2.o(.ARM.Collect$$libinit$$0000001F)
    .ARM.Collect$$libinit$$00000021          0x0800022c   Section        0  libinit2.o(.ARM.Collect$$libinit$$00000021)
    .ARM.Collect$$libinit$$00000023          0x0800022c   Section        0  libinit2.o(.ARM.Collect$$libinit$$00000023)
    .ARM.Collect$$libinit$$00000025          0x0800022c   Section        0  libinit2.o(.ARM.Collect$$libinit$$00000025)
    .ARM.Collect$$libinit$$0000002C          0x0800022c   Section        0  libinit2.o(.ARM.Collect$$libinit$$0000002C)
    .ARM.Collect$$libinit$$0000002E          0x0800022c   Section        0  libinit2.o(.ARM.Collect$$libinit$$0000002E)
    .ARM.Collect$$libinit$$00000030          0x0800022c   Section        0  libinit2.o(.ARM.Collect$$libinit$$00000030)
    .ARM.Collect$$libinit$$00000032          0x0800022c   Section        0  libinit2.o(.ARM.Collect$$libinit$$00000032)
    .ARM.Collect$$libinit$$00000033          0x0800022c   Section        2  libinit2.o(.ARM.Collect$$libinit$$00000033)
    .ARM.Collect$$libshutdown$$00000000      0x0800022e   Section        2  libshutdown.o(.ARM.Collect$$libshutdown$$00000000)
    .ARM.Collect$$libshutdown$$00000002      0x08000230   Section        0  libshutdown2.o(.ARM.Collect$$libshutdown$$00000002)
    .ARM.Collect$$libshutdown$$00000004      0x08000230   Section        0  libshutdown2.o(.ARM.Collect$$libshutdown$$00000004)
    .ARM.Collect$$libshutdown$$00000007      0x08000230   Section        0  libshutdown2.o(.ARM.Collect$$libshutdown$$00000007)
    .ARM.Collect$$libshutdown$$0000000A      0x08000230   Section        0  libshutdown2.o(.ARM.Collect$$libshutdown$$0000000A)
    .ARM.Collect$$libshutdown$$0000000C      0x08000230   Section        0  libshutdown2.o(.ARM.Collect$$libshutdown$$0000000C)
    .ARM.Collect$$libshutdown$$0000000F      0x08000230   Section        0  libshutdown2.o(.ARM.Collect$$libshutdown$$0000000F)
    .ARM.Collect$$libshutdown$$00000010      0x08000230   Section        2  libshutdown2.o(.ARM.Collect$$libshutdown$$00000010)
    .ARM.Collect$$rtentry$$00000000          0x08000232   Section        0  __rtentry.o(.ARM.Collect$$rtentry$$00000000)
    .ARM.Collect$$rtentry$$00000002          0x08000232   Section        0  __rtentry2.o(.ARM.Collect$$rtentry$$00000002)
    .ARM.Collect$$rtentry$$00000004          0x08000232   Section        6  __rtentry4.o(.ARM.Collect$$rtentry$$00000004)
    .ARM.Collect$$rtentry$$00000009          0x08000238   Section        0  __rtentry2.o(.ARM.Collect$$rtentry$$00000009)
    .ARM.Collect$$rtentry$$0000000A          0x08000238   Section        4  __rtentry2.o(.ARM.Collect$$rtentry$$0000000A)
    .ARM.Collect$$rtentry$$0000000C          0x0800023c   Section        0  __rtentry2.o(.ARM.Collect$$rtentry$$0000000C)
    .ARM.Collect$$rtentry$$0000000D          0x0800023c   Section        8  __rtentry2.o(.ARM.Collect$$rtentry$$0000000D)
    .ARM.Collect$$rtexit$$00000000           0x08000244   Section        2  rtexit.o(.ARM.Collect$$rtexit$$00000000)
    .ARM.Collect$$rtexit$$00000002           0x08000246   Section        0  rtexit2.o(.ARM.Collect$$rtexit$$00000002)
    .ARM.Collect$$rtexit$$00000003           0x08000246   Section        4  rtexit2.o(.ARM.Collect$$rtexit$$00000003)
    .ARM.Collect$$rtexit$$00000004           0x0800024a   Section        6  rtexit2.o(.ARM.Collect$$rtexit$$00000004)
    .text                                    0x08000250   Section       56  startup_stm32f030x6.o(.text)
    .text                                    0x08000288   Section        0  vsnprintf.o(.text)
    .text                                    0x080002c0   Section        0  strlen.o(.text)
    .text                                    0x08000304   Section      346  aeabi_sdiv.o(.text)
    .text                                    0x0800045e   Section        0  heapauxi.o(.text)
    .text                                    0x08000464   Section        0  _printf_pad.o(.text)
    .text                                    0x080004b2   Section        0  _printf_truncate.o(.text)
    .text                                    0x080004d6   Section        0  _printf_str.o(.text)
    .text                                    0x08000528   Section        0  _printf_dec.o(.text)
    .text                                    0x08000594   Section        0  _printf_charcount.o(.text)
    .text                                    0x080005bc   Section        0  _printf_char_common.o(.text)
    _printf_input_char                       0x080005bd   Thumb Code    10  _printf_char_common.o(.text)
    .text                                    0x080005ec   Section        0  _sputc.o(.text)
    .text                                    0x080005f6   Section        0  _snputc.o(.text)
    .text                                    0x08000608   Section        0  _printf_wctomb.o(.text)
    .text                                    0x080006c4   Section        0  _printf_longlong_dec.o(.text)
    .text                                    0x08000734   Section        0  _printf_oct_int_ll.o(.text)
    _printf_longlong_oct_internal            0x08000735   Thumb Code     0  _printf_oct_int_ll.o(.text)
    .text                                    0x080007a4   Section        0  _printf_hex_int_ll_ptr.o(.text)
    _printf_hex_common                       0x080007a5   Thumb Code     0  _printf_hex_int_ll_ptr.o(.text)
    .text                                    0x0800083c   Section        0  __printf_flags_ss_wp.o(.text)
    .text                                    0x080009c4   Section        0  lludiv10.o(.text)
    .text                                    0x08000a3e   Section        0  _printf_intcommon.o(.text)
    .text                                    0x08000af0   Section        0  _printf_fp_dec.o(.text)
    _fp_digits                               0x08000af3   Thumb Code   412  _printf_fp_dec.o(.text)
    .text                                    0x08000f08   Section        0  _printf_fp_hex.o(.text)
    .text                                    0x080011e0   Section        0  _printf_char.o(.text)
    .text                                    0x0800120e   Section        0  _printf_wchar.o(.text)
    .text                                    0x0800123c   Section        0  _wcrtomb.o(.text)
    .text                                    0x0800127c   Section        0  rtudiv10.o(.text)
    .text                                    0x080012a4   Section       62  sys_stackheap_outer.o(.text)
    .text                                    0x080012e4   Section       16  rt_ctype_table.o(.text)
    .text                                    0x080012f4   Section        8  rt_locale_intlibspace.o(.text)
    .text                                    0x080012fc   Section        0  _printf_fp_infnan.o(.text)
    .text                                    0x08001384   Section        0  bigflt0.o(.text)
    .text                                    0x0800145c   Section        0  btod.o(.text)
    btod_internal_mul                        0x0800149d   Thumb Code   492  btod.o(.text)
    btod_internal_div                        0x08001689   Thumb Code   520  btod.o(.text)
    .text                                    0x080019dc   Section        0  exit.o(.text)
    .text                                    0x080019ec   Section        8  libspace.o(.text)
    .text                                    0x080019f4   Section        0  strcmp.o(.text)
    .text                                    0x08001a7c   Section        0  sys_exit.o(.text)
    .text                                    0x08001a88   Section        2  use_no_semi.o(.text)
    .text                                    0x08001a8a   Section        0  indicate_semi.o(.text)
    i.Clock_Init                             0x08001a8c   Section        0  system_init.o(i.Clock_Init)
    i.Delay_Init                             0x08001b40   Section        0  delay.o(i.Delay_Init)
    i.Delay_ms                               0x08001b58   Section        0  delay.o(i.Delay_ms)
    i.GPIO_Init                              0x08001b70   Section        0  system_init.o(i.GPIO_Init)
    i.I2c_Init                               0x08001bac   Section        0  i2c.o(i.I2c_Init)
    i.SysTick_Handler                        0x08001c8c   Section        0  delay.o(i.SysTick_Handler)
    i.SystemInit                             0x08001c9c   Section        0  system_stm32f0xx.o(i.SystemInit)
    i.USART1_Init                            0x08001d10   Section        0  usart.o(i.USART1_Init)
    i.USART1_Send                            0x08001dac   Section        0  usart.o(i.USART1_Send)
    i.USART1_Send_Buffer                     0x08001dc8   Section        0  usart.o(i.USART1_Send_Buffer)
    i.__ARM_common_ll_muluu                  0x08001de4   Section        0  btod.o(i.__ARM_common_ll_muluu)
    i.__ARM_fpclassify                       0x08001e14   Section        0  fpclassify.o(i.__ARM_fpclassify)
    i._is_digit                              0x08001e40   Section        0  __printf_wp.o(i._is_digit)
    i.i2c_BUSY                               0x08001e4e   Section        0  i2c.o(i.i2c_BUSY)
    i.i2c_Start_addr                         0x08001e5e   Section        0  i2c.o(i.i2c_Start_addr)
    i.i2c_Write                              0x08001e9c   Section        0  i2c.o(i.i2c_Write)
    i.main                                   0x08001f64   Section        0  main.o(i.main)
    i.ssd1306_DrawPixel                      0x08002070   Section        0  ssd1306.o(i.ssd1306_DrawPixel)
    i.ssd1306_Fill                           0x08002114   Section        0  ssd1306.o(i.ssd1306_Fill)
    i.ssd1306_Init                           0x08002138   Section        0  ssd1306.o(i.ssd1306_Init)
    i.ssd1306_Reset                          0x08002208   Section        0  ssd1306.o(i.ssd1306_Reset)
    i.ssd1306_SetCursor                      0x0800220c   Section        0  ssd1306.o(i.ssd1306_SetCursor)
    i.ssd1306_UpdateScreen                   0x08002218   Section        0  ssd1306.o(i.ssd1306_UpdateScreen)
    i.ssd1306_WriteChar                      0x08002250   Section        0  ssd1306.o(i.ssd1306_WriteChar)
    i.ssd1306_WriteCommand                   0x08002308   Section        0  ssd1306.o(i.ssd1306_WriteCommand)
    i.ssd1306_WriteData                      0x08002338   Section        0  ssd1306.o(i.ssd1306_WriteData)
    i.ssd1306_WriteString                    0x08002388   Section        0  ssd1306.o(i.ssd1306_WriteString)
    i.thermal_printer_init                   0x080023b4   Section        0  printer.o(i.thermal_printer_init)
    i.thermo_china_mode                      0x080023e4   Section        0  printer.o(i.thermo_china_mode)
    i.thermo_print                           0x0800240c   Section        0  printer.o(i.thermo_print)
    i.thermo_printer_initCmd                 0x08002424   Section        0  printer.o(i.thermo_printer_initCmd)
    i.thermo_printf                          0x0800243c   Section        0  printer.o(i.thermo_printf)
    i.thermo_set_codepage                    0x0800246c   Section        0  printer.o(i.thermo_set_codepage)
    i.thermo_skip_lines                      0x08002488   Section        0  printer.o(i.thermo_skip_lines)
    locale$$code                             0x080024a4   Section       44  lc_numeric_c.o(locale$$code)
    locale$$code                             0x080024d0   Section       44  lc_ctype_c.o(locale$$code)
    x$fpl$printf1                            0x080024fc   Section       16  printf1.o(x$fpl$printf1)
    x$fpl$printf2                            0x0800250c   Section       16  printf2.o(x$fpl$printf2)
    .constdata                               0x0800251c   Section     3420  ssd1306_fonts.o(.constdata)
    x$fpl$usenofp                            0x0800251c   Section        0  usenofp.o(x$fpl$usenofp)
    Font11x18                                0x0800251c   Data        3420  ssd1306_fonts.o(.constdata)
    .constdata                               0x08003278   Section        8  _printf_wctomb.o(.constdata)
    initial_mbstate                          0x08003278   Data           8  _printf_wctomb.o(.constdata)
    .constdata                               0x08003280   Section       40  _printf_hex_int_ll_ptr.o(.constdata)
    uc_hextab                                0x08003280   Data          20  _printf_hex_int_ll_ptr.o(.constdata)
    lc_hextab                                0x08003294   Data          20  _printf_hex_int_ll_ptr.o(.constdata)
    .constdata                               0x080032a8   Section       17  __printf_flags_ss_wp.o(.constdata)
    maptable                                 0x080032a8   Data          17  __printf_flags_ss_wp.o(.constdata)
    .constdata                               0x080032b9   Section       38  _printf_fp_hex.o(.constdata)
    lc_hextab                                0x080032b9   Data          19  _printf_fp_hex.o(.constdata)
    uc_hextab                                0x080032cc   Data          19  _printf_fp_hex.o(.constdata)
    .constdata                               0x080032e0   Section      148  bigflt0.o(.constdata)
    tenpwrs_x                                0x080032e0   Data          60  bigflt0.o(.constdata)
    tenpwrs_i                                0x0800331c   Data          64  bigflt0.o(.constdata)
    locale$$data                             0x08003394   Section       28  lc_numeric_c.o(locale$$data)
    __lcnum_c_name                           0x08003398   Data           2  lc_numeric_c.o(locale$$data)
    __lcnum_c_start                          0x080033a0   Data           0  lc_numeric_c.o(locale$$data)
    __lcnum_c_point                          0x080033ac   Data           0  lc_numeric_c.o(locale$$data)
    __lcnum_c_thousands                      0x080033ae   Data           0  lc_numeric_c.o(locale$$data)
    __lcnum_c_grouping                       0x080033af   Data           0  lc_numeric_c.o(locale$$data)
    locale$$data                             0x080033b0   Section      272  lc_ctype_c.o(locale$$data)
    __lcnum_c_end                            0x080033b0   Data           0  lc_numeric_c.o(locale$$data)
    __lcctype_c_name                         0x080033b4   Data           2  lc_ctype_c.o(locale$$data)
    __lcctype_c_start                        0x080033bc   Data           0  lc_ctype_c.o(locale$$data)
    __lcctype_c_end                          0x080034c0   Data           0  lc_ctype_c.o(locale$$data)
    .data                                    0x20000000   Section        4  delay.o(.data)
    .data                                    0x20000004   Section        6  ssd1306.o(.data)
    SSD1306                                  0x20000004   Data           6  ssd1306.o(.data)
    .data                                    0x2000000c   Section        8  ssd1306_fonts.o(.data)
    .bss                                     0x20000014   Section     1040  ssd1306.o(.bss)
    SSD1306_Buffer                           0x20000014   Data        1040  ssd1306.o(.bss)
    .bss                                     0x20000424   Section       96  libspace.o(.bss)
    HEAP                                     0x20000488   Section      512  startup_stm32f030x6.o(HEAP)
    Heap_Mem                                 0x20000488   Data         512  startup_stm32f030x6.o(HEAP)
    STACK                                    0x20000688   Section     1024  startup_stm32f030x6.o(STACK)
    Stack_Mem                                0x20000688   Data        1024  startup_stm32f030x6.o(STACK)
    __initial_sp                             0x20000a88   Data           0  startup_stm32f030x6.o(STACK)

    Global Symbols

    Symbol Name                              Value     Ov Type        Size  Object(Section)

    BuildAttributes$$THM_ISAv3M$S$PE$A:L22$X:L11$S22$IEEE1$IW$USESV6$~STKCKD$USESV7$~SHL$OTIME$ROPI$IEEEJ$EBA8$UX$STANDARDLIB$REQ8$PRES8$EABIv2 0x00000000   Number         0  anon$$obj.o ABSOLUTE
    __ARM_use_no_argv                        0x00000000   Number         0  main.o ABSOLUTE
    _printf_flags                            0x00000000   Number         0  printf_stubs.o ABSOLUTE
    _printf_return_value                     0x00000000   Number         0  printf_stubs.o ABSOLUTE
    _printf_sizespec                         0x00000000   Number         0  printf_stubs.o ABSOLUTE
    _printf_widthprec                        0x00000000   Number         0  printf_stubs.o ABSOLUTE
    __ARM_exceptions_init                     - Undefined Weak Reference
    __alloca_initialize                       - Undefined Weak Reference
    __arm_preinit_                            - Undefined Weak Reference
    __cpp_initialize__aeabi_                  - Undefined Weak Reference
    __cxa_finalize                            - Undefined Weak Reference
    __sigvec_lookup                           - Undefined Weak Reference
    _atexit_init                              - Undefined Weak Reference
    _call_atexit_fns                          - Undefined Weak Reference
    _clock_init                               - Undefined Weak Reference
    _fp_trap_init                             - Undefined Weak Reference
    _fp_trap_shutdown                         - Undefined Weak Reference
    _get_lc_collate                           - Undefined Weak Reference
    _get_lc_monetary                          - Undefined Weak Reference
    _get_lc_time                              - Undefined Weak Reference
    _getenv_init                              - Undefined Weak Reference
    _handle_redirection                       - Undefined Weak Reference
    _init_alloc                               - Undefined Weak Reference
    _init_user_alloc                          - Undefined Weak Reference
    _initio                                   - Undefined Weak Reference
    _printf_mbtowc                            - Undefined Weak Reference
    _printf_wc                                - Undefined Weak Reference
    _rand_init                                - Undefined Weak Reference
    _signal_finish                            - Undefined Weak Reference
    _signal_init                              - Undefined Weak Reference
    _terminate_alloc                          - Undefined Weak Reference
    _terminate_user_alloc                     - Undefined Weak Reference
    _terminateio                              - Undefined Weak Reference
    __Vectors_Size                           0x000000b0   Number         0  startup_stm32f030x6.o ABSOLUTE
    __Vectors                                0x08000000   Data           4  startup_stm32f030x6.o(RESET)
    __Vectors_End                            0x080000b0   Data           0  startup_stm32f030x6.o(RESET)
    __main                                   0x080000b1   Thumb Code     8  __main.o(!!!main)
    __scatterload                            0x080000b9   Thumb Code     0  __scatter.o(!!!scatter)
    __scatterload_rt2                        0x080000b9   Thumb Code    52  __scatter.o(!!!scatter)
    __scatterload_rt2_thumb_only             0x080000b9   Thumb Code     0  __scatter.o(!!!scatter)
    __scatterload_null                       0x080000c9   Thumb Code     0  __scatter.o(!!!scatter)
    __scatterload_copy                       0x080000f5   Thumb Code    26  __scatter_copy.o(!!handler_copy)
    __scatterload_zeroinit                   0x08000111   Thumb Code    28  __scatter_zi.o(!!handler_zi)
    _printf_percent                          0x0800012d   Thumb Code     0  _printf_percent.o(.ARM.Collect$$_printf_percent$$00000000)
    _printf_n                                0x0800012f   Thumb Code     0  _printf_n.o(.ARM.Collect$$_printf_percent$$00000001)
    _printf_p                                0x08000139   Thumb Code     0  _printf_p.o(.ARM.Collect$$_printf_percent$$00000002)
    _printf_f                                0x08000143   Thumb Code     0  _printf_f.o(.ARM.Collect$$_printf_percent$$00000003)
    _printf_e                                0x0800014d   Thumb Code     0  _printf_e.o(.ARM.Collect$$_printf_percent$$00000004)
    _printf_g                                0x08000157   Thumb Code     0  _printf_g.o(.ARM.Collect$$_printf_percent$$00000005)
    _printf_a                                0x08000161   Thumb Code     0  _printf_a.o(.ARM.Collect$$_printf_percent$$00000006)
    _printf_ll                               0x0800016b   Thumb Code     0  _printf_ll.o(.ARM.Collect$$_printf_percent$$00000007)
    _printf_i                                0x08000175   Thumb Code     0  _printf_i.o(.ARM.Collect$$_printf_percent$$00000008)
    _printf_d                                0x0800017f   Thumb Code     0  _printf_d.o(.ARM.Collect$$_printf_percent$$00000009)
    _printf_u                                0x08000189   Thumb Code     0  _printf_u.o(.ARM.Collect$$_printf_percent$$0000000A)
    _printf_o                                0x08000193   Thumb Code     0  _printf_o.o(.ARM.Collect$$_printf_percent$$0000000B)
    _printf_x                                0x0800019d   Thumb Code     0  _printf_x.o(.ARM.Collect$$_printf_percent$$0000000C)
    _printf_lli                              0x080001a7   Thumb Code     0  _printf_lli.o(.ARM.Collect$$_printf_percent$$0000000D)
    _printf_lld                              0x080001b1   Thumb Code     0  _printf_lld.o(.ARM.Collect$$_printf_percent$$0000000E)
    _printf_llu                              0x080001bb   Thumb Code     0  _printf_llu.o(.ARM.Collect$$_printf_percent$$0000000F)
    _printf_llo                              0x080001c5   Thumb Code     0  _printf_llo.o(.ARM.Collect$$_printf_percent$$00000010)
    _printf_llx                              0x080001cf   Thumb Code     0  _printf_llx.o(.ARM.Collect$$_printf_percent$$00000011)
    _printf_l                                0x080001d9   Thumb Code     0  _printf_l.o(.ARM.Collect$$_printf_percent$$00000012)
    _printf_c                                0x080001e3   Thumb Code     0  _printf_c.o(.ARM.Collect$$_printf_percent$$00000013)
    _printf_s                                0x080001ed   Thumb Code     0  _printf_s.o(.ARM.Collect$$_printf_percent$$00000014)
    _printf_lc                               0x080001f7   Thumb Code     0  _printf_lc.o(.ARM.Collect$$_printf_percent$$00000015)
    _printf_ls                               0x08000201   Thumb Code     0  _printf_ls.o(.ARM.Collect$$_printf_percent$$00000016)
    _printf_percent_end                      0x0800020b   Thumb Code     0  _printf_percent_end.o(.ARM.Collect$$_printf_percent$$00000017)
    __rt_lib_init                            0x0800020f   Thumb Code     0  libinit.o(.ARM.Collect$$libinit$$00000000)
    __rt_lib_init_fp_1                       0x08000211   Thumb Code     0  libinit2.o(.ARM.Collect$$libinit$$00000002)
    __rt_lib_init_heap_1                     0x08000211   Thumb Code     0  libinit2.o(.ARM.Collect$$libinit$$0000000A)
    __rt_lib_init_lc_common                  0x08000211   Thumb Code     0  libinit2.o(.ARM.Collect$$libinit$$0000000F)
    __rt_lib_init_preinit_1                  0x08000211   Thumb Code     0  libinit2.o(.ARM.Collect$$libinit$$00000004)
    __rt_lib_init_rand_1                     0x08000211   Thumb Code     0  libinit2.o(.ARM.Collect$$libinit$$0000000E)
    __rt_lib_init_user_alloc_1               0x08000211   Thumb Code     0  libinit2.o(.ARM.Collect$$libinit$$0000000C)
    __rt_lib_init_lc_collate_1               0x08000217   Thumb Code     0  libinit2.o(.ARM.Collect$$libinit$$00000011)
    __rt_lib_init_lc_ctype_2                 0x08000217   Thumb Code     0  libinit2.o(.ARM.Collect$$libinit$$00000012)
    __rt_lib_init_lc_ctype_1                 0x08000223   Thumb Code     0  libinit2.o(.ARM.Collect$$libinit$$00000013)
    __rt_lib_init_lc_monetary_1              0x08000223   Thumb Code     0  libinit2.o(.ARM.Collect$$libinit$$00000015)
    __rt_lib_init_lc_numeric_2               0x08000223   Thumb Code     0  libinit2.o(.ARM.Collect$$libinit$$00000016)
    __rt_lib_init_alloca_1                   0x0800022d   Thumb Code     0  libinit2.o(.ARM.Collect$$libinit$$0000002E)
    __rt_lib_init_argv_1                     0x0800022d   Thumb Code     0  libinit2.o(.ARM.Collect$$libinit$$0000002C)
    __rt_lib_init_atexit_1                   0x0800022d   Thumb Code     0  libinit2.o(.ARM.Collect$$libinit$$0000001B)
    __rt_lib_init_clock_1                    0x0800022d   Thumb Code     0  libinit2.o(.ARM.Collect$$libinit$$00000021)
    __rt_lib_init_cpp_1                      0x0800022d   Thumb Code     0  libinit2.o(.ARM.Collect$$libinit$$00000032)
    __rt_lib_init_exceptions_1               0x0800022d   Thumb Code     0  libinit2.o(.ARM.Collect$$libinit$$00000030)
    __rt_lib_init_fp_trap_1                  0x0800022d   Thumb Code     0  libinit2.o(.ARM.Collect$$libinit$$0000001F)
    __rt_lib_init_getenv_1                   0x0800022d   Thumb Code     0  libinit2.o(.ARM.Collect$$libinit$$00000023)
    __rt_lib_init_lc_numeric_1               0x0800022d   Thumb Code     0  libinit2.o(.ARM.Collect$$libinit$$00000017)
    __rt_lib_init_lc_time_1                  0x0800022d   Thumb Code     0  libinit2.o(.ARM.Collect$$libinit$$00000019)
    __rt_lib_init_return                     0x0800022d   Thumb Code     0  libinit2.o(.ARM.Collect$$libinit$$00000033)
    __rt_lib_init_signal_1                   0x0800022d   Thumb Code     0  libinit2.o(.ARM.Collect$$libinit$$0000001D)
    __rt_lib_init_stdio_1                    0x0800022d   Thumb Code     0  libinit2.o(.ARM.Collect$$libinit$$00000025)
    __rt_lib_shutdown                        0x0800022f   Thumb Code     0  libshutdown.o(.ARM.Collect$$libshutdown$$00000000)
    __rt_lib_shutdown_cpp_1                  0x08000231   Thumb Code     0  libshutdown2.o(.ARM.Collect$$libshutdown$$00000002)
    __rt_lib_shutdown_fp_trap_1              0x08000231   Thumb Code     0  libshutdown2.o(.ARM.Collect$$libshutdown$$00000007)
    __rt_lib_shutdown_heap_1                 0x08000231   Thumb Code     0  libshutdown2.o(.ARM.Collect$$libshutdown$$0000000F)
    __rt_lib_shutdown_return                 0x08000231   Thumb Code     0  libshutdown2.o(.ARM.Collect$$libshutdown$$00000010)
    __rt_lib_shutdown_signal_1               0x08000231   Thumb Code     0  libshutdown2.o(.ARM.Collect$$libshutdown$$0000000A)
    __rt_lib_shutdown_stdio_1                0x08000231   Thumb Code     0  libshutdown2.o(.ARM.Collect$$libshutdown$$00000004)
    __rt_lib_shutdown_user_alloc_1           0x08000231   Thumb Code     0  libshutdown2.o(.ARM.Collect$$libshutdown$$0000000C)
    __rt_entry                               0x08000233   Thumb Code     0  __rtentry.o(.ARM.Collect$$rtentry$$00000000)
    __rt_entry_presh_1                       0x08000233   Thumb Code     0  __rtentry2.o(.ARM.Collect$$rtentry$$00000002)
    __rt_entry_sh                            0x08000233   Thumb Code     0  __rtentry4.o(.ARM.Collect$$rtentry$$00000004)
    __rt_entry_li                            0x08000239   Thumb Code     0  __rtentry2.o(.ARM.Collect$$rtentry$$0000000A)
    __rt_entry_postsh_1                      0x08000239   Thumb Code     0  __rtentry2.o(.ARM.Collect$$rtentry$$00000009)
    __rt_entry_main                          0x0800023d   Thumb Code     0  __rtentry2.o(.ARM.Collect$$rtentry$$0000000D)
    __rt_entry_postli_1                      0x0800023d   Thumb Code     0  __rtentry2.o(.ARM.Collect$$rtentry$$0000000C)
    __rt_exit                                0x08000245   Thumb Code     0  rtexit.o(.ARM.Collect$$rtexit$$00000000)
    __rt_exit_ls                             0x08000247   Thumb Code     0  rtexit2.o(.ARM.Collect$$rtexit$$00000003)
    __rt_exit_prels_1                        0x08000247   Thumb Code     0  rtexit2.o(.ARM.Collect$$rtexit$$00000002)
    __rt_exit_exit                           0x0800024b   Thumb Code     0  rtexit2.o(.ARM.Collect$$rtexit$$00000004)
    Reset_Handler                            0x08000251   Thumb Code     8  startup_stm32f030x6.o(.text)
    NMI_Handler                              0x08000259   Thumb Code     2  startup_stm32f030x6.o(.text)
    HardFault_Handler                        0x0800025b   Thumb Code     2  startup_stm32f030x6.o(.text)
    SVC_Handler                              0x0800025d   Thumb Code     2  startup_stm32f030x6.o(.text)
    PendSV_Handler                           0x0800025f   Thumb Code     2  startup_stm32f030x6.o(.text)
    ADC1_IRQHandler                          0x08000263   Thumb Code     0  startup_stm32f030x6.o(.text)
    DMA1_Channel1_IRQHandler                 0x08000263   Thumb Code     0  startup_stm32f030x6.o(.text)
    DMA1_Channel2_3_IRQHandler               0x08000263   Thumb Code     0  startup_stm32f030x6.o(.text)
    DMA1_Channel4_5_IRQHandler               0x08000263   Thumb Code     0  startup_stm32f030x6.o(.text)
    EXTI0_1_IRQHandler                       0x08000263   Thumb Code     0  startup_stm32f030x6.o(.text)
    EXTI2_3_IRQHandler                       0x08000263   Thumb Code     0  startup_stm32f030x6.o(.text)
    EXTI4_15_IRQHandler                      0x08000263   Thumb Code     0  startup_stm32f030x6.o(.text)
    FLASH_IRQHandler                         0x08000263   Thumb Code     0  startup_stm32f030x6.o(.text)
    I2C1_IRQHandler                          0x08000263   Thumb Code     0  startup_stm32f030x6.o(.text)
    RCC_IRQHandler                           0x08000263   Thumb Code     0  startup_stm32f030x6.o(.text)
    RTC_IRQHandler                           0x08000263   Thumb Code     0  startup_stm32f030x6.o(.text)
    SPI1_IRQHandler                          0x08000263   Thumb Code     0  startup_stm32f030x6.o(.text)
    TIM14_IRQHandler                         0x08000263   Thumb Code     0  startup_stm32f030x6.o(.text)
    TIM16_IRQHandler                         0x08000263   Thumb Code     0  startup_stm32f030x6.o(.text)
    TIM17_IRQHandler                         0x08000263   Thumb Code     0  startup_stm32f030x6.o(.text)
    TIM1_BRK_UP_TRG_COM_IRQHandler           0x08000263   Thumb Code     0  startup_stm32f030x6.o(.text)
    TIM1_CC_IRQHandler                       0x08000263   Thumb Code     0  startup_stm32f030x6.o(.text)
    TIM3_IRQHandler                          0x08000263   Thumb Code     0  startup_stm32f030x6.o(.text)
    USART1_IRQHandler                        0x08000263   Thumb Code     0  startup_stm32f030x6.o(.text)
    WWDG_IRQHandler                          0x08000263   Thumb Code     0  startup_stm32f030x6.o(.text)
    __user_initial_stackheap                 0x08000265   Thumb Code     0  startup_stm32f030x6.o(.text)
    vsnprintf                                0x08000289   Thumb Code    50  vsnprintf.o(.text)
    strlen                                   0x080002c1   Thumb Code    62  strlen.o(.text)
    __aeabi_uidiv                            0x08000305   Thumb Code     0  aeabi_sdiv.o(.text)
    __aeabi_uidivmod                         0x08000305   Thumb Code    20  aeabi_sdiv.o(.text)
    __aeabi_idiv                             0x08000319   Thumb Code     0  aeabi_sdiv.o(.text)
    __aeabi_idivmod                          0x08000319   Thumb Code   326  aeabi_sdiv.o(.text)
    __use_two_region_memory                  0x0800045f   Thumb Code     2  heapauxi.o(.text)
    __rt_heap_escrow$2region                 0x08000461   Thumb Code     2  heapauxi.o(.text)
    __rt_heap_expand$2region                 0x08000463   Thumb Code     2  heapauxi.o(.text)
    _printf_pre_padding                      0x08000465   Thumb Code    44  _printf_pad.o(.text)
    _printf_post_padding                     0x08000491   Thumb Code    34  _printf_pad.o(.text)
    _printf_truncate_signed                  0x080004b3   Thumb Code    18  _printf_truncate.o(.text)
    _printf_truncate_unsigned                0x080004c5   Thumb Code    18  _printf_truncate.o(.text)
    _printf_str                              0x080004d7   Thumb Code    82  _printf_str.o(.text)
    _printf_int_dec                          0x08000529   Thumb Code    90  _printf_dec.o(.text)
    _printf_charcount                        0x08000595   Thumb Code    38  _printf_charcount.o(.text)
    _printf_char_common                      0x080005c7   Thumb Code    32  _printf_char_common.o(.text)
    _sputc                                   0x080005ed   Thumb Code    10  _sputc.o(.text)
    _snputc                                  0x080005f7   Thumb Code    16  _snputc.o(.text)
    _printf_wctomb                           0x08000609   Thumb Code   182  _printf_wctomb.o(.text)
    _printf_longlong_dec                     0x080006c5   Thumb Code    94  _printf_longlong_dec.o(.text)
    _printf_longlong_oct                     0x08000735   Thumb Code    68  _printf_oct_int_ll.o(.text)
    _printf_int_oct                          0x08000779   Thumb Code    24  _printf_oct_int_ll.o(.text)
    _printf_ll_oct                           0x08000791   Thumb Code    10  _printf_oct_int_ll.o(.text)
    _printf_longlong_hex                     0x080007a5   Thumb Code    88  _printf_hex_int_ll_ptr.o(.text)
    _printf_int_hex                          0x080007fd   Thumb Code    28  _printf_hex_int_ll_ptr.o(.text)
    _printf_ll_hex                           0x08000819   Thumb Code    10  _printf_hex_int_ll_ptr.o(.text)
    _printf_hex_ptr                          0x08000823   Thumb Code    22  _printf_hex_int_ll_ptr.o(.text)
    __printf                                 0x0800083d   Thumb Code   386  __printf_flags_ss_wp.o(.text)
    _ll_udiv10                               0x080009c5   Thumb Code   122  lludiv10.o(.text)
    _printf_int_common                       0x08000a3f   Thumb Code   176  _printf_intcommon.o(.text)
    __lib_sel_fp_printf                      0x08000af1   Thumb Code     2  _printf_fp_dec.o(.text)
    _printf_fp_dec_real                      0x08000c8f   Thumb Code   620  _printf_fp_dec.o(.text)
    _printf_fp_hex_real                      0x08000f09   Thumb Code   718  _printf_fp_hex.o(.text)
    _printf_cs_common                        0x080011e1   Thumb Code    22  _printf_char.o(.text)
    _printf_char                             0x080011f7   Thumb Code    16  _printf_char.o(.text)
    _printf_string                           0x08001207   Thumb Code     8  _printf_char.o(.text)
    _printf_lcs_common                       0x0800120f   Thumb Code    22  _printf_wchar.o(.text)
    _printf_wchar                            0x08001225   Thumb Code    16  _printf_wchar.o(.text)
    _printf_wstring                          0x08001235   Thumb Code     8  _printf_wchar.o(.text)
    _wcrtomb                                 0x0800123d   Thumb Code    64  _wcrtomb.o(.text)
    __rt_udiv10                              0x0800127d   Thumb Code    40  rtudiv10.o(.text)
    __user_setup_stackheap                   0x080012a5   Thumb Code    62  sys_stackheap_outer.o(.text)
    __rt_ctype_table                         0x080012e5   Thumb Code    16  rt_ctype_table.o(.text)
    __rt_locale                              0x080012f5   Thumb Code     8  rt_locale_intlibspace.o(.text)
    _printf_fp_infnan                        0x080012fd   Thumb Code   120  _printf_fp_infnan.o(.text)
    _btod_etento                             0x08001385   Thumb Code   210  bigflt0.o(.text)
    _btod_d2e                                0x0800145d   Thumb Code    64  btod.o(.text)
    _btod_emul                               0x08001891   Thumb Code    28  btod.o(.text)
    _btod_emuld                              0x080018ad   Thumb Code   144  btod.o(.text)
    _btod_ediv                               0x0800193d   Thumb Code    26  btod.o(.text)
    _btod_edivd                              0x08001957   Thumb Code   124  btod.o(.text)
    exit                                     0x080019dd   Thumb Code    16  exit.o(.text)
    __user_libspace                          0x080019ed   Thumb Code     8  libspace.o(.text)
    __user_perproc_libspace                  0x080019ed   Thumb Code     0  libspace.o(.text)
    __user_perthread_libspace                0x080019ed   Thumb Code     0  libspace.o(.text)
    strcmp                                   0x080019f5   Thumb Code   132  strcmp.o(.text)
    _sys_exit                                0x08001a7d   Thumb Code     8  sys_exit.o(.text)
    __I$use$semihosting                      0x08001a89   Thumb Code     0  use_no_semi.o(.text)
    __use_no_semihosting_swi                 0x08001a89   Thumb Code     2  use_no_semi.o(.text)
    __semihosting_library_function           0x08001a8b   Thumb Code     0  indicate_semi.o(.text)
    Clock_Init                               0x08001a8d   Thumb Code   172  system_init.o(i.Clock_Init)
    Delay_Init                               0x08001b41   Thumb Code    14  delay.o(i.Delay_Init)
    Delay_ms                                 0x08001b59   Thumb Code    18  delay.o(i.Delay_ms)
    GPIO_Init                                0x08001b71   Thumb Code    52  system_init.o(i.GPIO_Init)
    I2c_Init                                 0x08001bad   Thumb Code   210  i2c.o(i.I2c_Init)
    SysTick_Handler                          0x08001c8d   Thumb Code    12  delay.o(i.SysTick_Handler)
    SystemInit                               0x08001c9d   Thumb Code   104  system_stm32f0xx.o(i.SystemInit)
    USART1_Init                              0x08001d11   Thumb Code   144  usart.o(i.USART1_Init)
    USART1_Send                              0x08001dad   Thumb Code    22  usart.o(i.USART1_Send)
    USART1_Send_Buffer                       0x08001dc9   Thumb Code    28  usart.o(i.USART1_Send_Buffer)
    __ARM_common_ll_muluu                    0x08001de5   Thumb Code    48  btod.o(i.__ARM_common_ll_muluu)
    __ARM_fpclassify                         0x08001e15   Thumb Code    40  fpclassify.o(i.__ARM_fpclassify)
    _is_digit                                0x08001e41   Thumb Code    14  __printf_wp.o(i._is_digit)
    i2c_BUSY                                 0x08001e4f   Thumb Code    16  i2c.o(i.i2c_BUSY)
    i2c_Start_addr                           0x08001e5f   Thumb Code    62  i2c.o(i.i2c_Start_addr)
    i2c_Write                                0x08001e9d   Thumb Code   180  i2c.o(i.i2c_Write)
    main                                     0x08001f65   Thumb Code   152  main.o(i.main)
    ssd1306_DrawPixel                        0x08002071   Thumb Code   156  ssd1306.o(i.ssd1306_DrawPixel)
    ssd1306_Fill                             0x08002115   Thumb Code    32  ssd1306.o(i.ssd1306_Fill)
    ssd1306_Init                             0x08002139   Thumb Code   204  ssd1306.o(i.ssd1306_Init)
    ssd1306_Reset                            0x08002209   Thumb Code     2  ssd1306.o(i.ssd1306_Reset)
    ssd1306_SetCursor                        0x0800220d   Thumb Code     8  ssd1306.o(i.ssd1306_SetCursor)
    ssd1306_UpdateScreen                     0x08002219   Thumb Code    52  ssd1306.o(i.ssd1306_UpdateScreen)
    ssd1306_WriteChar                        0x08002251   Thumb Code   178  ssd1306.o(i.ssd1306_WriteChar)
    ssd1306_WriteCommand                     0x08002309   Thumb Code    42  ssd1306.o(i.ssd1306_WriteCommand)
    ssd1306_WriteData                        0x08002339   Thumb Code    76  ssd1306.o(i.ssd1306_WriteData)
    ssd1306_WriteString                      0x08002389   Thumb Code    44  ssd1306.o(i.ssd1306_WriteString)
    thermal_printer_init                     0x080023b5   Thumb Code    48  printer.o(i.thermal_printer_init)
    thermo_china_mode                        0x080023e5   Thumb Code    34  printer.o(i.thermo_china_mode)
    thermo_print                             0x0800240d   Thumb Code    22  printer.o(i.thermo_print)
    thermo_printer_initCmd                   0x08002425   Thumb Code    18  printer.o(i.thermo_printer_initCmd)
    thermo_printf                            0x0800243d   Thumb Code    46  printer.o(i.thermo_printf)
    thermo_set_codepage                      0x0800246d   Thumb Code    22  printer.o(i.thermo_set_codepage)
    thermo_skip_lines                        0x08002489   Thumb Code    22  printer.o(i.thermo_skip_lines)
    _get_lc_numeric                          0x080024a5   Thumb Code    44  lc_numeric_c.o(locale$$code)
    _get_lc_ctype                            0x080024d1   Thumb Code    44  lc_ctype_c.o(locale$$code)
    _printf_fp_dec                           0x080024fd   Thumb Code    16  printf1.o(x$fpl$printf1)
    _printf_fp_hex                           0x0800250d   Thumb Code    16  printf2.o(x$fpl$printf2)
    __I$use$fp                               0x0800251c   Number         0  usenofp.o(x$fpl$usenofp)
    Region$$Table$$Base                      0x08003374   Number         0  anon$$obj.o(Region$$Table)
    Region$$Table$$Limit                     0x08003394   Number         0  anon$$obj.o(Region$$Table)
    __ctype                                  0x080033bd   Data           0  lc_ctype_c.o(locale$$data)
    msTicks                                  0x20000000   Data           4  delay.o(.data)
    Font_11x18                               0x2000000c   Data           8  ssd1306_fonts.o(.data)
    __libspace_start                         0x20000424   Data          96  libspace.o(.bss)
    __temporary_stack_top$libspace           0x20000484   Data           0  libspace.o(.bss)



==============================================================================

Memory Map of the image

  Image Entry point : 0x080000b1

  Load Region LR_IROM1 (Base: 0x08000000, Size: 0x000034d4, Max: 0x00004000, ABSOLUTE)

    Execution Region ER_IROM1 (Exec base: 0x08000000, Load base: 0x08000000, Size: 0x000034c0, Max: 0x00004000, ABSOLUTE)

    Exec Addr    Load Addr    Size         Type   Attr      Idx    E Section Name        Object

    0x08000000   0x08000000   0x000000b0   Data   RO         1102    RESET               startup_stm32f030x6.o
    0x080000b0   0x080000b0   0x00000008   Code   RO         1119  * !!!main             c_p.l(__main.o)
    0x080000b8   0x080000b8   0x0000003c   Code   RO         1464    !!!scatter          c_p.l(__scatter.o)
    0x080000f4   0x080000f4   0x0000001a   Code   RO         1466    !!handler_copy      c_p.l(__scatter_copy.o)
    0x0800010e   0x0800010e   0x00000002   PAD
    0x08000110   0x08000110   0x0000001c   Code   RO         1468    !!handler_zi        c_p.l(__scatter_zi.o)
    0x0800012c   0x0800012c   0x00000002   Code   RO         1235    .ARM.Collect$$_printf_percent$$00000000  c_p.l(_printf_percent.o)
    0x0800012e   0x0800012e   0x0000000a   Code   RO         1224    .ARM.Collect$$_printf_percent$$00000001  c_p.l(_printf_n.o)
    0x08000138   0x08000138   0x0000000a   Code   RO         1226    .ARM.Collect$$_printf_percent$$00000002  c_p.l(_printf_p.o)
    0x08000142   0x08000142   0x0000000a   Code   RO         1231    .ARM.Collect$$_printf_percent$$00000003  c_p.l(_printf_f.o)
    0x0800014c   0x0800014c   0x0000000a   Code   RO         1232    .ARM.Collect$$_printf_percent$$00000004  c_p.l(_printf_e.o)
    0x08000156   0x08000156   0x0000000a   Code   RO         1233    .ARM.Collect$$_printf_percent$$00000005  c_p.l(_printf_g.o)
    0x08000160   0x08000160   0x0000000a   Code   RO         1234    .ARM.Collect$$_printf_percent$$00000006  c_p.l(_printf_a.o)
    0x0800016a   0x0800016a   0x0000000a   Code   RO         1239    .ARM.Collect$$_printf_percent$$00000007  c_p.l(_printf_ll.o)
    0x08000174   0x08000174   0x0000000a   Code   RO         1228    .ARM.Collect$$_printf_percent$$00000008  c_p.l(_printf_i.o)
    0x0800017e   0x0800017e   0x0000000a   Code   RO         1229    .ARM.Collect$$_printf_percent$$00000009  c_p.l(_printf_d.o)
    0x08000188   0x08000188   0x0000000a   Code   RO         1230    .ARM.Collect$$_printf_percent$$0000000A  c_p.l(_printf_u.o)
    0x08000192   0x08000192   0x0000000a   Code   RO         1227    .ARM.Collect$$_printf_percent$$0000000B  c_p.l(_printf_o.o)
    0x0800019c   0x0800019c   0x0000000a   Code   RO         1225    .ARM.Collect$$_printf_percent$$0000000C  c_p.l(_printf_x.o)
    0x080001a6   0x080001a6   0x0000000a   Code   RO         1236    .ARM.Collect$$_printf_percent$$0000000D  c_p.l(_printf_lli.o)
    0x080001b0   0x080001b0   0x0000000a   Code   RO         1237    .ARM.Collect$$_printf_percent$$0000000E  c_p.l(_printf_lld.o)
    0x080001ba   0x080001ba   0x0000000a   Code   RO         1238    .ARM.Collect$$_printf_percent$$0000000F  c_p.l(_printf_llu.o)
    0x080001c4   0x080001c4   0x0000000a   Code   RO         1243    .ARM.Collect$$_printf_percent$$00000010  c_p.l(_printf_llo.o)
    0x080001ce   0x080001ce   0x0000000a   Code   RO         1244    .ARM.Collect$$_printf_percent$$00000011  c_p.l(_printf_llx.o)
    0x080001d8   0x080001d8   0x0000000a   Code   RO         1240    .ARM.Collect$$_printf_percent$$00000012  c_p.l(_printf_l.o)
    0x080001e2   0x080001e2   0x0000000a   Code   RO         1222    .ARM.Collect$$_printf_percent$$00000013  c_p.l(_printf_c.o)
    0x080001ec   0x080001ec   0x0000000a   Code   RO         1223    .ARM.Collect$$_printf_percent$$00000014  c_p.l(_printf_s.o)
    0x080001f6   0x080001f6   0x0000000a   Code   RO         1241    .ARM.Collect$$_printf_percent$$00000015  c_p.l(_printf_lc.o)
    0x08000200   0x08000200   0x0000000a   Code   RO         1242    .ARM.Collect$$_printf_percent$$00000016  c_p.l(_printf_ls.o)
    0x0800020a   0x0800020a   0x00000004   Code   RO         1286    .ARM.Collect$$_printf_percent$$00000017  c_p.l(_printf_percent_end.o)
    0x0800020e   0x0800020e   0x00000002   Code   RO         1324    .ARM.Collect$$libinit$$00000000  c_p.l(libinit.o)
    0x08000210   0x08000210   0x00000000   Code   RO         1347    .ARM.Collect$$libinit$$00000002  c_p.l(libinit2.o)
    0x08000210   0x08000210   0x00000000   Code   RO         1349    .ARM.Collect$$libinit$$00000004  c_p.l(libinit2.o)
    0x08000210   0x08000210   0x00000000   Code   RO         1352    .ARM.Collect$$libinit$$0000000A  c_p.l(libinit2.o)
    0x08000210   0x08000210   0x00000000   Code   RO         1354    .ARM.Collect$$libinit$$0000000C  c_p.l(libinit2.o)
    0x08000210   0x08000210   0x00000000   Code   RO         1356    .ARM.Collect$$libinit$$0000000E  c_p.l(libinit2.o)
    0x08000210   0x08000210   0x00000006   Code   RO         1357    .ARM.Collect$$libinit$$0000000F  c_p.l(libinit2.o)
    0x08000216   0x08000216   0x00000000   Code   RO         1359    .ARM.Collect$$libinit$$00000011  c_p.l(libinit2.o)
    0x08000216   0x08000216   0x0000000c   Code   RO         1360    .ARM.Collect$$libinit$$00000012  c_p.l(libinit2.o)
    0x08000222   0x08000222   0x00000000   Code   RO         1361    .ARM.Collect$$libinit$$00000013  c_p.l(libinit2.o)
    0x08000222   0x08000222   0x00000000   Code   RO         1363    .ARM.Collect$$libinit$$00000015  c_p.l(libinit2.o)
    0x08000222   0x08000222   0x0000000a   Code   RO         1364    .ARM.Collect$$libinit$$00000016  c_p.l(libinit2.o)
    0x0800022c   0x0800022c   0x00000000   Code   RO         1365    .ARM.Collect$$libinit$$00000017  c_p.l(libinit2.o)
    0x0800022c   0x0800022c   0x00000000   Code   RO         1367    .ARM.Collect$$libinit$$00000019  c_p.l(libinit2.o)
    0x0800022c   0x0800022c   0x00000000   Code   RO         1369    .ARM.Collect$$libinit$$0000001B  c_p.l(libinit2.o)
    0x0800022c   0x0800022c   0x00000000   Code   RO         1371    .ARM.Collect$$libinit$$0000001D  c_p.l(libinit2.o)
    0x0800022c   0x0800022c   0x00000000   Code   RO         1373    .ARM.Collect$$libinit$$0000001F  c_p.l(libinit2.o)
    0x0800022c   0x0800022c   0x00000000   Code   RO         1375    .ARM.Collect$$libinit$$00000021  c_p.l(libinit2.o)
    0x0800022c   0x0800022c   0x00000000   Code   RO         1377    .ARM.Collect$$libinit$$00000023  c_p.l(libinit2.o)
    0x0800022c   0x0800022c   0x00000000   Code   RO         1379    .ARM.Collect$$libinit$$00000025  c_p.l(libinit2.o)
    0x0800022c   0x0800022c   0x00000000   Code   RO         1383    .ARM.Collect$$libinit$$0000002C  c_p.l(libinit2.o)
    0x0800022c   0x0800022c   0x00000000   Code   RO         1385    .ARM.Collect$$libinit$$0000002E  c_p.l(libinit2.o)
    0x0800022c   0x0800022c   0x00000000   Code   RO         1387    .ARM.Collect$$libinit$$00000030  c_p.l(libinit2.o)
    0x0800022c   0x0800022c   0x00000000   Code   RO         1389    .ARM.Collect$$libinit$$00000032  c_p.l(libinit2.o)
    0x0800022c   0x0800022c   0x00000002   Code   RO         1390    .ARM.Collect$$libinit$$00000033  c_p.l(libinit2.o)
    0x0800022e   0x0800022e   0x00000002   Code   RO         1421    .ARM.Collect$$libshutdown$$00000000  c_p.l(libshutdown.o)
    0x08000230   0x08000230   0x00000000   Code   RO         1447    .ARM.Collect$$libshutdown$$00000002  c_p.l(libshutdown2.o)
    0x08000230   0x08000230   0x00000000   Code   RO         1449    .ARM.Collect$$libshutdown$$00000004  c_p.l(libshutdown2.o)
    0x08000230   0x08000230   0x00000000   Code   RO         1452    .ARM.Collect$$libshutdown$$00000007  c_p.l(libshutdown2.o)
    0x08000230   0x08000230   0x00000000   Code   RO         1455    .ARM.Collect$$libshutdown$$0000000A  c_p.l(libshutdown2.o)
    0x08000230   0x08000230   0x00000000   Code   RO         1457    .ARM.Collect$$libshutdown$$0000000C  c_p.l(libshutdown2.o)
    0x08000230   0x08000230   0x00000000   Code   RO         1460    .ARM.Collect$$libshutdown$$0000000F  c_p.l(libshutdown2.o)
    0x08000230   0x08000230   0x00000002   Code   RO         1461    .ARM.Collect$$libshutdown$$00000010  c_p.l(libshutdown2.o)
    0x08000232   0x08000232   0x00000000   Code   RO         1147    .ARM.Collect$$rtentry$$00000000  c_p.l(__rtentry.o)
    0x08000232   0x08000232   0x00000000   Code   RO         1255    .ARM.Collect$$rtentry$$00000002  c_p.l(__rtentry2.o)
    0x08000232   0x08000232   0x00000006   Code   RO         1267    .ARM.Collect$$rtentry$$00000004  c_p.l(__rtentry4.o)
    0x08000238   0x08000238   0x00000000   Code   RO         1257    .ARM.Collect$$rtentry$$00000009  c_p.l(__rtentry2.o)
    0x08000238   0x08000238   0x00000004   Code   RO         1258    .ARM.Collect$$rtentry$$0000000A  c_p.l(__rtentry2.o)
    0x0800023c   0x0800023c   0x00000000   Code   RO         1260    .ARM.Collect$$rtentry$$0000000C  c_p.l(__rtentry2.o)
    0x0800023c   0x0800023c   0x00000008   Code   RO         1261    .ARM.Collect$$rtentry$$0000000D  c_p.l(__rtentry2.o)
    0x08000244   0x08000244   0x00000002   Code   RO         1333    .ARM.Collect$$rtexit$$00000000  c_p.l(rtexit.o)
    0x08000246   0x08000246   0x00000000   Code   RO         1394    .ARM.Collect$$rtexit$$00000002  c_p.l(rtexit2.o)
    0x08000246   0x08000246   0x00000004   Code   RO         1395    .ARM.Collect$$rtexit$$00000003  c_p.l(rtexit2.o)
    0x0800024a   0x0800024a   0x00000006   Code   RO         1396    .ARM.Collect$$rtexit$$00000004  c_p.l(rtexit2.o)
    0x08000250   0x08000250   0x00000038   Code   RO         1103    .text               startup_stm32f030x6.o
    0x08000288   0x08000288   0x00000038   Code   RO         1109    .text               c_p.l(vsnprintf.o)
    0x080002c0   0x080002c0   0x00000044   Code   RO         1111    .text               c_p.l(strlen.o)
    0x08000304   0x08000304   0x0000015a   Code   RO         1113    .text               c_p.l(aeabi_sdiv.o)
    0x0800045e   0x0800045e   0x00000006   Code   RO         1117    .text               c_p.l(heapauxi.o)
    0x08000464   0x08000464   0x0000004e   Code   RO         1154    .text               c_p.l(_printf_pad.o)
    0x080004b2   0x080004b2   0x00000024   Code   RO         1156    .text               c_p.l(_printf_truncate.o)
    0x080004d6   0x080004d6   0x00000052   Code   RO         1158    .text               c_p.l(_printf_str.o)
    0x08000528   0x08000528   0x0000006c   Code   RO         1160    .text               c_p.l(_printf_dec.o)
    0x08000594   0x08000594   0x00000026   Code   RO         1162    .text               c_p.l(_printf_charcount.o)
    0x080005ba   0x080005ba   0x00000002   PAD
    0x080005bc   0x080005bc   0x00000030   Code   RO         1164    .text               c_p.l(_printf_char_common.o)
    0x080005ec   0x080005ec   0x0000000a   Code   RO         1166    .text               c_p.l(_sputc.o)
    0x080005f6   0x080005f6   0x00000010   Code   RO         1168    .text               c_p.l(_snputc.o)
    0x08000606   0x08000606   0x00000002   PAD
    0x08000608   0x08000608   0x000000bc   Code   RO         1170    .text               c_p.l(_printf_wctomb.o)
    0x080006c4   0x080006c4   0x00000070   Code   RO         1173    .text               c_p.l(_printf_longlong_dec.o)
    0x08000734   0x08000734   0x00000070   Code   RO         1179    .text               c_p.l(_printf_oct_int_ll.o)
    0x080007a4   0x080007a4   0x00000098   Code   RO         1199    .text               c_p.l(_printf_hex_int_ll_ptr.o)
    0x0800083c   0x0800083c   0x00000188   Code   RO         1219    .text               c_p.l(__printf_flags_ss_wp.o)
    0x080009c4   0x080009c4   0x0000007a   Code   RO         1271    .text               c_p.l(lludiv10.o)
    0x08000a3e   0x08000a3e   0x000000b0   Code   RO         1273    .text               c_p.l(_printf_intcommon.o)
    0x08000aee   0x08000aee   0x00000002   PAD
    0x08000af0   0x08000af0   0x00000418   Code   RO         1275    .text               c_p.l(_printf_fp_dec.o)
    0x08000f08   0x08000f08   0x000002d8   Code   RO         1277    .text               c_p.l(_printf_fp_hex.o)
    0x080011e0   0x080011e0   0x0000002e   Code   RO         1282    .text               c_p.l(_printf_char.o)
    0x0800120e   0x0800120e   0x0000002e   Code   RO         1284    .text               c_p.l(_printf_wchar.o)
    0x0800123c   0x0800123c   0x00000040   Code   RO         1287    .text               c_p.l(_wcrtomb.o)
    0x0800127c   0x0800127c   0x00000028   Code   RO         1289    .text               c_p.l(rtudiv10.o)
    0x080012a4   0x080012a4   0x0000003e   Code   RO         1291    .text               c_p.l(sys_stackheap_outer.o)
    0x080012e2   0x080012e2   0x00000002   PAD
    0x080012e4   0x080012e4   0x00000010   Code   RO         1294    .text               c_p.l(rt_ctype_table.o)
    0x080012f4   0x080012f4   0x00000008   Code   RO         1299    .text               c_p.l(rt_locale_intlibspace.o)
    0x080012fc   0x080012fc   0x00000088   Code   RO         1301    .text               c_p.l(_printf_fp_infnan.o)
    0x08001384   0x08001384   0x000000d8   Code   RO         1303    .text               c_p.l(bigflt0.o)
    0x0800145c   0x0800145c   0x00000580   Code   RO         1306    .text               c_p.l(btod.o)
    0x080019dc   0x080019dc   0x00000010   Code   RO         1313    .text               c_p.l(exit.o)
    0x080019ec   0x080019ec   0x00000008   Code   RO         1329    .text               c_p.l(libspace.o)
    0x080019f4   0x080019f4   0x00000088   Code   RO         1344    .text               c_p.l(strcmp.o)
    0x08001a7c   0x08001a7c   0x0000000c   Code   RO         1391    .text               c_p.l(sys_exit.o)
    0x08001a88   0x08001a88   0x00000002   Code   RO         1410    .text               c_p.l(use_no_semi.o)
    0x08001a8a   0x08001a8a   0x00000000   Code   RO         1412    .text               c_p.l(indicate_semi.o)
    0x08001a8a   0x08001a8a   0x00000002   PAD
    0x08001a8c   0x08001a8c   0x000000b4   Code   RO          162    i.Clock_Init        system_init.o
    0x08001b40   0x08001b40   0x00000018   Code   RO          188    i.Delay_Init        delay.o
    0x08001b58   0x08001b58   0x00000018   Code   RO          189    i.Delay_ms          delay.o
    0x08001b70   0x08001b70   0x0000003c   Code   RO          163    i.GPIO_Init         system_init.o
    0x08001bac   0x08001bac   0x000000e0   Code   RO          255    i.I2c_Init          i2c.o
    0x08001c8c   0x08001c8c   0x00000010   Code   RO          191    i.SysTick_Handler   delay.o
    0x08001c9c   0x08001c9c   0x00000074   Code   RO            4    i.SystemInit        system_stm32f0xx.o
    0x08001d10   0x08001d10   0x0000009c   Code   RO          691    i.USART1_Init       usart.o
    0x08001dac   0x08001dac   0x0000001c   Code   RO          692    i.USART1_Send       usart.o
    0x08001dc8   0x08001dc8   0x0000001c   Code   RO          693    i.USART1_Send_Buffer  usart.o
    0x08001de4   0x08001de4   0x00000030   Code   RO         1308    i.__ARM_common_ll_muluu  c_p.l(btod.o)
    0x08001e14   0x08001e14   0x0000002c   Code   RO         1327    i.__ARM_fpclassify  m_ps.l(fpclassify.o)
    0x08001e40   0x08001e40   0x0000000e   Code   RO         1212    i._is_digit         c_p.l(__printf_wp.o)
    0x08001e4e   0x08001e4e   0x00000010   Code   RO          256    i.i2c_BUSY          i2c.o
    0x08001e5e   0x08001e5e   0x0000003e   Code   RO          258    i.i2c_Start_addr    i2c.o
    0x08001e9c   0x08001e9c   0x000000c8   Code   RO          259    i.i2c_Write         i2c.o
    0x08001f64   0x08001f64   0x0000010c   Code   RO           60    i.main              main.o
    0x08002070   0x08002070   0x000000a4   Code   RO          385    i.ssd1306_DrawPixel  ssd1306.o
    0x08002114   0x08002114   0x00000024   Code   RO          386    i.ssd1306_Fill      ssd1306.o
    0x08002138   0x08002138   0x000000d0   Code   RO          387    i.ssd1306_Init      ssd1306.o
    0x08002208   0x08002208   0x00000002   Code   RO          388    i.ssd1306_Reset     ssd1306.o
    0x0800220a   0x0800220a   0x00000002   PAD
    0x0800220c   0x0800220c   0x0000000c   Code   RO          389    i.ssd1306_SetCursor  ssd1306.o
    0x08002218   0x08002218   0x00000038   Code   RO          390    i.ssd1306_UpdateScreen  ssd1306.o
    0x08002250   0x08002250   0x000000b8   Code   RO          391    i.ssd1306_WriteChar  ssd1306.o
    0x08002308   0x08002308   0x00000030   Code   RO          392    i.ssd1306_WriteCommand  ssd1306.o
    0x08002338   0x08002338   0x00000050   Code   RO          393    i.ssd1306_WriteData  ssd1306.o
    0x08002388   0x08002388   0x0000002c   Code   RO          394    i.ssd1306_WriteString  ssd1306.o
    0x080023b4   0x080023b4   0x00000030   Code   RO         1003    i.thermal_printer_init  printer.o
    0x080023e4   0x080023e4   0x00000028   Code   RO         1004    i.thermo_china_mode  printer.o
    0x0800240c   0x0800240c   0x00000016   Code   RO         1005    i.thermo_print      printer.o
    0x08002422   0x08002422   0x00000002   PAD
    0x08002424   0x08002424   0x00000018   Code   RO         1007    i.thermo_printer_initCmd  printer.o
    0x0800243c   0x0800243c   0x0000002e   Code   RO         1008    i.thermo_printf     printer.o
    0x0800246a   0x0800246a   0x00000002   PAD
    0x0800246c   0x0800246c   0x0000001c   Code   RO         1012    i.thermo_set_codepage  printer.o
    0x08002488   0x08002488   0x0000001c   Code   RO         1015    i.thermo_skip_lines  printer.o
    0x080024a4   0x080024a4   0x0000002c   Code   RO         1311    locale$$code        c_p.l(lc_numeric_c.o)
    0x080024d0   0x080024d0   0x0000002c   Code   RO         1338    locale$$code        c_p.l(lc_ctype_c.o)
    0x080024fc   0x080024fc   0x00000010   Code   RO         1245    x$fpl$printf1       fz_ps.l(printf1.o)
    0x0800250c   0x0800250c   0x00000010   Code   RO         1247    x$fpl$printf2       fz_ps.l(printf2.o)
    0x0800251c   0x0800251c   0x00000000   Code   RO         1253    x$fpl$usenofp       fz_ps.l(usenofp.o)
    0x0800251c   0x0800251c   0x00000d5c   Data   RO          467    .constdata          ssd1306_fonts.o
    0x08003278   0x08003278   0x00000008   Data   RO         1171    .constdata          c_p.l(_printf_wctomb.o)
    0x08003280   0x08003280   0x00000028   Data   RO         1200    .constdata          c_p.l(_printf_hex_int_ll_ptr.o)
    0x080032a8   0x080032a8   0x00000011   Data   RO         1220    .constdata          c_p.l(__printf_flags_ss_wp.o)
    0x080032b9   0x080032b9   0x00000026   Data   RO         1278    .constdata          c_p.l(_printf_fp_hex.o)
    0x080032df   0x080032df   0x00000001   PAD
    0x080032e0   0x080032e0   0x00000094   Data   RO         1304    .constdata          c_p.l(bigflt0.o)
    0x08003374   0x08003374   0x00000020   Data   RO         1462    Region$$Table       anon$$obj.o
    0x08003394   0x08003394   0x0000001c   Data   RO         1310    locale$$data        c_p.l(lc_numeric_c.o)
    0x080033b0   0x080033b0   0x00000110   Data   RO         1337    locale$$data        c_p.l(lc_ctype_c.o)


    Execution Region RW_IRAM1 (Exec base: 0x20000000, Load base: 0x080034c0, Size: 0x00000a88, Max: 0x00001000, ABSOLUTE)

    Exec Addr    Load Addr    Size         Type   Attr      Idx    E Section Name        Object

    0x20000000   0x080034c0   0x00000004   Data   RW          192    .data               delay.o
    0x20000004   0x080034c4   0x00000006   Data   RW          396    .data               ssd1306.o
    0x2000000a   0x080034ca   0x00000002   PAD
    0x2000000c   0x080034cc   0x00000008   Data   RW          468    .data               ssd1306_fonts.o
    0x20000014        -       0x00000410   Zero   RW          395    .bss                ssd1306.o
    0x20000424        -       0x00000060   Zero   RW         1330    .bss                c_p.l(libspace.o)
    0x20000484   0x080034d4   0x00000004   PAD
    0x20000488        -       0x00000200   Zero   RW         1101    HEAP                startup_stm32f030x6.o
    0x20000688        -       0x00000400   Zero   RW         1100    STACK               startup_stm32f030x6.o


==============================================================================

Image component sizes


      Code (inc. data)   RO Data    RW Data    ZI Data      Debug   Object Name

        64         20          0          4          0       1732   delay.o
       502         34          0          0          0       2323   i2c.o
       268        116          0          0          0       2559   main.o
       236         24          0          0          0       4209   printer.o
       834         40          0          6       1040       7123   ssd1306.o
         0          0       3420          8          0        949   ssd1306_fonts.o
        56         26        176          0       1536        616   startup_stm32f030x6.o
       240         16          0          0          0        889   system_init.o
       116         12          0          0          0     175785   system_stm32f0xx.o
       212         18          0          0          0       1693   usart.o

    ----------------------------------------------------------------------
      2534        306       3628         20       2576     197878   Object Totals
         0          0         32          0          0          0   (incl. Generated)
         6          0          0          2          0          0   (incl. Padding)

    ----------------------------------------------------------------------

      Code (inc. data)   RO Data    RW Data    ZI Data      Debug   Library Member Name

         8          0          0          0          0         68   __main.o
       392          6         17          0          0         76   __printf_flags_ss_wp.o
        14          0          0          0          0         60   __printf_wp.o
         0          0          0          0          0          0   __rtentry.o
        12          0          0          0          0          0   __rtentry2.o
         6          0          0          0          0          0   __rtentry4.o
        60          8          0          0          0          0   __scatter.o
        26          0          0          0          0          0   __scatter_copy.o
        28          0          0          0          0          0   __scatter_zi.o
        10          0          0          0          0          0   _printf_a.o
        10          0          0          0          0          0   _printf_c.o
        46          0          0          0          0        100   _printf_char.o
        48          6          0          0          0         88   _printf_char_common.o
        38          0          0          0          0         60   _printf_charcount.o
        10          0          0          0          0          0   _printf_d.o
       108         18          0          0          0         76   _printf_dec.o
        10          0          0          0          0          0   _printf_e.o
        10          0          0          0          0          0   _printf_f.o
      1048         14          0          0          0        176   _printf_fp_dec.o
       728         10         38          0          0         84   _printf_fp_hex.o
       136         16          0          0          0         76   _printf_fp_infnan.o
        10          0          0          0          0          0   _printf_g.o
       152          4         40          0          0        148   _printf_hex_int_ll_ptr.o
        10          0          0          0          0          0   _printf_i.o
       176          0          0          0          0         84   _printf_intcommon.o
        10          0          0          0          0          0   _printf_l.o
        10          0          0          0          0          0   _printf_lc.o
        10          0          0          0          0          0   _printf_ll.o
        10          0          0          0          0          0   _printf_lld.o
        10          0          0          0          0          0   _printf_lli.o
        10          0          0          0          0          0   _printf_llo.o
        10          0          0          0          0          0   _printf_llu.o
        10          0          0          0          0          0   _printf_llx.o
       112         18          0          0          0         76   _printf_longlong_dec.o
        10          0          0          0          0          0   _printf_ls.o
        10          0          0          0          0          0   _printf_n.o
        10          0          0          0          0          0   _printf_o.o
       112         10          0          0          0        112   _printf_oct_int_ll.o
        10          0          0          0          0          0   _printf_p.o
        78          0          0          0          0        100   _printf_pad.o
         2          0          0          0          0          0   _printf_percent.o
         4          0          0          0          0          0   _printf_percent_end.o
        10          0          0          0          0          0   _printf_s.o
        82          0          0          0          0         72   _printf_str.o
        36          0          0          0          0         76   _printf_truncate.o
        10          0          0          0          0          0   _printf_u.o
        46          0          0          0          0        100   _printf_wchar.o
       188          6          8          0          0         80   _printf_wctomb.o
        10          0          0          0          0          0   _printf_x.o
        16          0          0          0          0         60   _snputc.o
        10          0          0          0          0         60   _sputc.o
        64          0          0          0          0         72   _wcrtomb.o
       346          0          0          0          0         92   aeabi_sdiv.o
       216          6        148          0          0         80   bigflt0.o
      1456         30          0          0          0        336   btod.o
        16          0          0          0          0         68   exit.o
         6          0          0          0          0        136   heapauxi.o
         0          0          0          0          0          0   indicate_semi.o
        44         10        272          0          0         76   lc_ctype_c.o
        44         10         28          0          0         76   lc_numeric_c.o
         2          0          0          0          0          0   libinit.o
        30          0          0          0          0          0   libinit2.o
         2          0          0          0          0          0   libshutdown.o
         2          0          0          0          0          0   libshutdown2.o
         8          4          0          0         96         68   libspace.o
       122          0          0          0          0         72   lludiv10.o
        16          4          0          0          0         76   rt_ctype_table.o
         8          4          0          0          0         68   rt_locale_intlibspace.o
         2          0          0          0          0          0   rtexit.o
        10          0          0          0          0          0   rtexit2.o
        40          0          0          0          0         60   rtudiv10.o
       136          4          0          0          0         72   strcmp.o
        68          6          0          0          0         72   strlen.o
        12          4          0          0          0         60   sys_exit.o
        62          0          0          0          0         80   sys_stackheap_outer.o
         2          0          0          0          0         68   use_no_semi.o
        56          6          0          0          0         72   vsnprintf.o
        16          4          0          0          0         76   printf1.o
        16          4          0          0          0         76   printf2.o
         0          0          0          0          0          0   usenofp.o
        44          4          0          0          0         60   fpclassify.o

    ----------------------------------------------------------------------
      6790        216        552          0        100       3748   Library Totals
        12          0          1          0          4          0   (incl. Padding)

    ----------------------------------------------------------------------

      Code (inc. data)   RO Data    RW Data    ZI Data      Debug   Library Name

      6702        204        551          0         96       3536   c_p.l
        32          8          0          0          0        152   fz_ps.l
        44          4          0          0          0         60   m_ps.l

    ----------------------------------------------------------------------
      6790        216        552          0        100       3748   Library Totals

    ----------------------------------------------------------------------

==============================================================================


      Code (inc. data)   RO Data    RW Data    ZI Data      Debug   

      9324        522       4180         20       2676     198574   Grand Totals
      9324        522       4180         20       2676     198574   ELF Image Totals
      9324        522       4180         20          0          0   ROM Totals

==============================================================================

    Total RO  Size (Code + RO Data)                13504 (  13.19kB)
    Total RW  Size (RW Data + ZI Data)              2696 (   2.63kB)
    Total ROM Size (Code + RO Data + RW Data)      13524 (  13.21kB)

==============================================================================

